[2025-12-01 17:20:45] __main__ - [32mINFO[0m - Starting training run: r3d_binary_20251201_172045
[2025-12-01 17:20:45] __main__ - [32mINFO[0m - Checkpoints will be saved to: /work3/s225224/ucf-crime/checkpoints/r3d_binary_20251201_172045
[2025-12-01 17:20:45] src.utils.training_utils - [32mINFO[0m - Created training history CSV at /work3/s225224/ucf-crime/checkpoints/r3d_binary_20251201_172045/training_history.csv
[2025-12-01 17:20:45] __main__ - [32mINFO[0m - Setting up datasets and dataloaders...
Loading cached dataset index from /work3/s225224/ucf-crime/data/ucf_index_train_len16_stride16_modebinary_rat0.2.pkl...
Loading cached dataset index from /work3/s225224/ucf-crime/data/ucf_index_val_len16_stride16_modebinary_rat0.2.pkl...
[2025-12-01 17:20:45] __main__ - [32mINFO[0m - Train samples: 64489, Val samples: 13917
[2025-12-01 17:20:45] __main__ - [32mINFO[0m - Instantiating model...
[2025-12-01 17:20:46] src.utils.training_utils - [32mINFO[0m - Early stopping initialized with patience=5, mode=max
[2025-12-01 17:20:46] __main__ - [32mINFO[0m - Training on device: cuda
[2025-12-01 17:20:46] __main__ - [32mINFO[0m - GPU Name: NVIDIA A100 80GB PCIe MIG 1g.10gb
[2025-12-01 17:20:46] __main__ - [32mINFO[0m - GPU Memory: 10.20 GB
[2025-12-01 17:20:46] __main__ - [32mINFO[0m - Number of GPUs: 1
[2025-12-01 17:20:46] __main__ - [32mINFO[0m - CUDA Version: 12.8
[2025-12-01 17:20:46] __main__ - [32mINFO[0m - cuDNN Version: 91002
[2025-12-01 17:20:46] __main__ - [32mINFO[0m - PyTorch Version: 2.9.0+cu128
[2025-12-01 17:20:46] __main__ - [32mINFO[0m - Starting training loop...
[2025-12-01 17:21:01] src.utils.training - [32mINFO[0m - Epoch [1] Batch [20/2016] Loss: 0.1082 Acc: 53.28%
[2025-12-01 17:21:14] src.utils.training - [32mINFO[0m - Epoch [1] Batch [40/2016] Loss: 0.1063 Acc: 52.66%
[2025-12-01 17:21:26] src.utils.training - [32mINFO[0m - Epoch [1] Batch [60/2016] Loss: 0.1043 Acc: 52.55%
[2025-12-01 17:21:39] src.utils.training - [32mINFO[0m - Epoch [1] Batch [80/2016] Loss: 0.1046 Acc: 53.01%
[2025-12-01 17:21:51] src.utils.training - [32mINFO[0m - Epoch [1] Batch [100/2016] Loss: 0.1045 Acc: 52.62%
[2025-12-01 17:22:04] src.utils.training - [32mINFO[0m - Epoch [1] Batch [120/2016] Loss: 0.1029 Acc: 53.46%
[2025-12-01 17:22:16] src.utils.training - [32mINFO[0m - Epoch [1] Batch [140/2016] Loss: 0.1002 Acc: 54.13%
[2025-12-01 17:22:29] src.utils.training - [32mINFO[0m - Epoch [1] Batch [160/2016] Loss: 0.1003 Acc: 54.32%
[2025-12-01 17:22:41] src.utils.training - [32mINFO[0m - Epoch [1] Batch [180/2016] Loss: 0.0974 Acc: 55.24%
[2025-12-01 17:22:54] src.utils.training - [32mINFO[0m - Epoch [1] Batch [200/2016] Loss: 0.0963 Acc: 55.52%
[2025-12-01 17:23:06] src.utils.training - [32mINFO[0m - Epoch [1] Batch [220/2016] Loss: 0.0954 Acc: 55.84%
[2025-12-01 17:23:19] src.utils.training - [32mINFO[0m - Epoch [1] Batch [240/2016] Loss: 0.0938 Acc: 56.51%
[2025-12-01 17:23:32] src.utils.training - [32mINFO[0m - Epoch [1] Batch [260/2016] Loss: 0.0929 Acc: 56.74%
[2025-12-01 17:23:44] src.utils.training - [32mINFO[0m - Epoch [1] Batch [280/2016] Loss: 0.0920 Acc: 57.12%
[2025-12-01 17:23:57] src.utils.training - [32mINFO[0m - Epoch [1] Batch [300/2016] Loss: 0.0907 Acc: 57.51%
[2025-12-01 17:24:09] src.utils.training - [32mINFO[0m - Epoch [1] Batch [320/2016] Loss: 0.0901 Acc: 57.84%
[2025-12-01 17:24:22] src.utils.training - [32mINFO[0m - Epoch [1] Batch [340/2016] Loss: 0.0894 Acc: 57.99%
[2025-12-01 17:24:34] src.utils.training - [32mINFO[0m - Epoch [1] Batch [360/2016] Loss: 0.0883 Acc: 58.28%
[2025-12-01 17:24:47] src.utils.training - [32mINFO[0m - Epoch [1] Batch [380/2016] Loss: 0.0877 Acc: 58.50%
[2025-12-01 17:25:00] src.utils.training - [32mINFO[0m - Epoch [1] Batch [400/2016] Loss: 0.0867 Acc: 58.88%
[2025-12-01 17:25:12] src.utils.training - [32mINFO[0m - Epoch [1] Batch [420/2016] Loss: 0.0863 Acc: 59.07%
[2025-12-01 17:25:25] src.utils.training - [32mINFO[0m - Epoch [1] Batch [440/2016] Loss: 0.0858 Acc: 59.25%
[2025-12-01 17:25:39] src.utils.training - [32mINFO[0m - Epoch [1] Batch [460/2016] Loss: 0.0852 Acc: 59.50%
[2025-12-01 17:25:52] src.utils.training - [32mINFO[0m - Epoch [1] Batch [480/2016] Loss: 0.0846 Acc: 59.60%
[2025-12-01 17:26:04] src.utils.training - [32mINFO[0m - Epoch [1] Batch [500/2016] Loss: 0.0842 Acc: 59.69%
[2025-12-01 17:26:17] src.utils.training - [32mINFO[0m - Epoch [1] Batch [520/2016] Loss: 0.0836 Acc: 59.89%
[2025-12-01 17:26:29] src.utils.training - [32mINFO[0m - Epoch [1] Batch [540/2016] Loss: 0.0830 Acc: 60.17%
[2025-12-01 17:26:42] src.utils.training - [32mINFO[0m - Epoch [1] Batch [560/2016] Loss: 0.0826 Acc: 60.25%
[2025-12-01 17:26:55] src.utils.training - [32mINFO[0m - Epoch [1] Batch [580/2016] Loss: 0.0824 Acc: 60.30%
[2025-12-01 17:27:07] src.utils.training - [32mINFO[0m - Epoch [1] Batch [600/2016] Loss: 0.0820 Acc: 60.33%
[2025-12-01 17:27:20] src.utils.training - [32mINFO[0m - Epoch [1] Batch [620/2016] Loss: 0.0816 Acc: 60.47%
[2025-12-01 17:27:32] src.utils.training - [32mINFO[0m - Epoch [1] Batch [640/2016] Loss: 0.0811 Acc: 60.61%
[2025-12-01 17:27:45] src.utils.training - [32mINFO[0m - Epoch [1] Batch [660/2016] Loss: 0.0804 Acc: 60.80%
[2025-12-01 17:27:57] src.utils.training - [32mINFO[0m - Epoch [1] Batch [680/2016] Loss: 0.0799 Acc: 61.02%
[2025-12-01 17:28:10] src.utils.training - [32mINFO[0m - Epoch [1] Batch [700/2016] Loss: 0.0795 Acc: 61.17%
[2025-12-01 17:28:22] src.utils.training - [32mINFO[0m - Epoch [1] Batch [720/2016] Loss: 0.0791 Acc: 61.28%
[2025-12-01 17:28:35] src.utils.training - [32mINFO[0m - Epoch [1] Batch [740/2016] Loss: 0.0785 Acc: 61.61%
[2025-12-01 17:28:49] src.utils.training - [32mINFO[0m - Epoch [1] Batch [760/2016] Loss: 0.0782 Acc: 61.74%
[2025-12-01 17:29:01] src.utils.training - [32mINFO[0m - Epoch [1] Batch [780/2016] Loss: 0.0778 Acc: 61.91%
[2025-12-01 17:29:14] src.utils.training - [32mINFO[0m - Epoch [1] Batch [800/2016] Loss: 0.0774 Acc: 61.98%
[2025-12-01 17:29:26] src.utils.training - [32mINFO[0m - Epoch [1] Batch [820/2016] Loss: 0.0770 Acc: 62.18%
[2025-12-01 17:29:39] src.utils.training - [32mINFO[0m - Epoch [1] Batch [840/2016] Loss: 0.0767 Acc: 62.25%
[2025-12-01 17:29:51] src.utils.training - [32mINFO[0m - Epoch [1] Batch [860/2016] Loss: 0.0764 Acc: 62.46%
[2025-12-01 17:30:04] src.utils.training - [32mINFO[0m - Epoch [1] Batch [880/2016] Loss: 0.0760 Acc: 62.58%
[2025-12-01 17:30:16] src.utils.training - [32mINFO[0m - Epoch [1] Batch [900/2016] Loss: 0.0757 Acc: 62.67%
[2025-12-01 17:30:29] src.utils.training - [32mINFO[0m - Epoch [1] Batch [920/2016] Loss: 0.0754 Acc: 62.78%
[2025-12-01 17:30:43] src.utils.training - [32mINFO[0m - Epoch [1] Batch [940/2016] Loss: 0.0752 Acc: 62.87%
[2025-12-01 17:30:55] src.utils.training - [32mINFO[0m - Epoch [1] Batch [960/2016] Loss: 0.0749 Acc: 62.99%
[2025-12-01 17:31:08] src.utils.training - [32mINFO[0m - Epoch [1] Batch [980/2016] Loss: 0.0747 Acc: 63.07%
[2025-12-01 17:31:20] src.utils.training - [32mINFO[0m - Epoch [1] Batch [1000/2016] Loss: 0.0743 Acc: 63.20%
[2025-12-01 17:31:33] src.utils.training - [32mINFO[0m - Epoch [1] Batch [1020/2016] Loss: 0.0740 Acc: 63.31%
[2025-12-01 17:31:45] src.utils.training - [32mINFO[0m - Epoch [1] Batch [1040/2016] Loss: 0.0737 Acc: 63.41%
[2025-12-01 17:31:58] src.utils.training - [32mINFO[0m - Epoch [1] Batch [1060/2016] Loss: 0.0735 Acc: 63.50%
[2025-12-01 17:32:10] src.utils.training - [32mINFO[0m - Epoch [1] Batch [1080/2016] Loss: 0.0731 Acc: 63.68%
[2025-12-01 17:32:23] src.utils.training - [32mINFO[0m - Epoch [1] Batch [1100/2016] Loss: 0.0728 Acc: 63.83%
[2025-12-01 17:32:36] src.utils.training - [32mINFO[0m - Epoch [1] Batch [1120/2016] Loss: 0.0725 Acc: 63.93%
[2025-12-01 17:32:48] src.utils.training - [32mINFO[0m - Epoch [1] Batch [1140/2016] Loss: 0.0722 Acc: 64.08%
[2025-12-01 17:33:01] src.utils.training - [32mINFO[0m - Epoch [1] Batch [1160/2016] Loss: 0.0719 Acc: 64.17%
[2025-12-01 17:33:13] src.utils.training - [32mINFO[0m - Epoch [1] Batch [1180/2016] Loss: 0.0717 Acc: 64.23%
[2025-12-01 17:33:26] src.utils.training - [32mINFO[0m - Epoch [1] Batch [1200/2016] Loss: 0.0715 Acc: 64.33%
[2025-12-01 17:33:39] src.utils.training - [32mINFO[0m - Epoch [1] Batch [1220/2016] Loss: 0.0712 Acc: 64.44%
[2025-12-01 17:33:51] src.utils.training - [32mINFO[0m - Epoch [1] Batch [1240/2016] Loss: 0.0710 Acc: 64.55%
[2025-12-01 17:34:04] src.utils.training - [32mINFO[0m - Epoch [1] Batch [1260/2016] Loss: 0.0709 Acc: 64.58%
[2025-12-01 17:34:16] src.utils.training - [32mINFO[0m - Epoch [1] Batch [1280/2016] Loss: 0.0707 Acc: 64.62%
[2025-12-01 17:34:29] src.utils.training - [32mINFO[0m - Epoch [1] Batch [1300/2016] Loss: 0.0705 Acc: 64.72%
[2025-12-01 17:34:41] src.utils.training - [32mINFO[0m - Epoch [1] Batch [1320/2016] Loss: 0.0704 Acc: 64.78%
[2025-12-01 17:34:54] src.utils.training - [32mINFO[0m - Epoch [1] Batch [1340/2016] Loss: 0.0701 Acc: 64.92%
[2025-12-01 17:35:06] src.utils.training - [32mINFO[0m - Epoch [1] Batch [1360/2016] Loss: 0.0698 Acc: 65.03%
[2025-12-01 17:35:19] src.utils.training - [32mINFO[0m - Epoch [1] Batch [1380/2016] Loss: 0.0697 Acc: 65.19%
[2025-12-01 17:35:31] src.utils.training - [32mINFO[0m - Epoch [1] Batch [1400/2016] Loss: 0.0695 Acc: 65.25%
[2025-12-01 17:35:48] src.utils.training - [32mINFO[0m - Epoch [1] Batch [1420/2016] Loss: 0.0692 Acc: 65.34%
[2025-12-01 17:36:00] src.utils.training - [32mINFO[0m - Epoch [1] Batch [1440/2016] Loss: 0.0690 Acc: 65.46%
[2025-12-01 17:36:13] src.utils.training - [32mINFO[0m - Epoch [1] Batch [1460/2016] Loss: 0.0689 Acc: 65.49%
[2025-12-01 17:36:25] src.utils.training - [32mINFO[0m - Epoch [1] Batch [1480/2016] Loss: 0.0687 Acc: 65.63%
[2025-12-01 17:36:38] src.utils.training - [32mINFO[0m - Epoch [1] Batch [1500/2016] Loss: 0.0685 Acc: 65.70%
[2025-12-01 17:36:50] src.utils.training - [32mINFO[0m - Epoch [1] Batch [1520/2016] Loss: 0.0683 Acc: 65.76%
[2025-12-01 17:37:03] src.utils.training - [32mINFO[0m - Epoch [1] Batch [1540/2016] Loss: 0.0681 Acc: 65.82%
[2025-12-01 17:37:15] src.utils.training - [32mINFO[0m - Epoch [1] Batch [1560/2016] Loss: 0.0679 Acc: 65.94%
[2025-12-01 17:37:28] src.utils.training - [32mINFO[0m - Epoch [1] Batch [1580/2016] Loss: 0.0678 Acc: 65.95%
[2025-12-01 17:37:40] src.utils.training - [32mINFO[0m - Epoch [1] Batch [1600/2016] Loss: 0.0676 Acc: 66.06%
[2025-12-01 17:37:53] src.utils.training - [32mINFO[0m - Epoch [1] Batch [1620/2016] Loss: 0.0675 Acc: 66.12%
[2025-12-01 17:38:05] src.utils.training - [32mINFO[0m - Epoch [1] Batch [1640/2016] Loss: 0.0673 Acc: 66.18%
[2025-12-01 17:38:18] src.utils.training - [32mINFO[0m - Epoch [1] Batch [1660/2016] Loss: 0.0671 Acc: 66.26%
[2025-12-01 17:38:31] src.utils.training - [32mINFO[0m - Epoch [1] Batch [1680/2016] Loss: 0.0670 Acc: 66.34%
[2025-12-01 17:38:43] src.utils.training - [32mINFO[0m - Epoch [1] Batch [1700/2016] Loss: 0.0668 Acc: 66.38%
[2025-12-01 17:38:56] src.utils.training - [32mINFO[0m - Epoch [1] Batch [1720/2016] Loss: 0.0666 Acc: 66.46%
[2025-12-01 17:39:08] src.utils.training - [32mINFO[0m - Epoch [1] Batch [1740/2016] Loss: 0.0666 Acc: 66.50%
[2025-12-01 17:39:21] src.utils.training - [32mINFO[0m - Epoch [1] Batch [1760/2016] Loss: 0.0665 Acc: 66.48%
[2025-12-01 17:39:33] src.utils.training - [32mINFO[0m - Epoch [1] Batch [1780/2016] Loss: 0.0664 Acc: 66.53%
[2025-12-01 17:39:46] src.utils.training - [32mINFO[0m - Epoch [1] Batch [1800/2016] Loss: 0.0662 Acc: 66.58%
[2025-12-01 17:39:58] src.utils.training - [32mINFO[0m - Epoch [1] Batch [1820/2016] Loss: 0.0661 Acc: 66.65%
[2025-12-01 17:40:11] src.utils.training - [32mINFO[0m - Epoch [1] Batch [1840/2016] Loss: 0.0659 Acc: 66.68%
[2025-12-01 17:40:23] src.utils.training - [32mINFO[0m - Epoch [1] Batch [1860/2016] Loss: 0.0657 Acc: 66.79%
[2025-12-01 17:40:36] src.utils.training - [32mINFO[0m - Epoch [1] Batch [1880/2016] Loss: 0.0655 Acc: 66.88%
[2025-12-01 17:40:48] src.utils.training - [32mINFO[0m - Epoch [1] Batch [1900/2016] Loss: 0.0654 Acc: 66.97%
[2025-12-01 17:41:01] src.utils.training - [32mINFO[0m - Epoch [1] Batch [1920/2016] Loss: 0.0652 Acc: 67.03%
[2025-12-01 17:41:13] src.utils.training - [32mINFO[0m - Epoch [1] Batch [1940/2016] Loss: 0.0651 Acc: 67.12%
[2025-12-01 17:41:26] src.utils.training - [32mINFO[0m - Epoch [1] Batch [1960/2016] Loss: 0.0650 Acc: 67.14%
[2025-12-01 17:41:38] src.utils.training - [32mINFO[0m - Epoch [1] Batch [1980/2016] Loss: 0.0649 Acc: 67.17%
[2025-12-01 17:41:51] src.utils.training - [32mINFO[0m - Epoch [1] Batch [2000/2016] Loss: 0.0647 Acc: 67.29%
[2025-12-01 17:42:00] src.utils.training - [32mINFO[0m - Epoch [1] Training Completed in 1274s - Loss: 0.0646 Acc: 67.37%
[2025-12-01 17:42:33] src.utils.clip_level_evaluation - [32mINFO[0m - [VAL] Batch 50/435 Loss: 0.0401
[2025-12-01 17:43:04] src.utils.clip_level_evaluation - [32mINFO[0m - [VAL] Batch 100/435 Loss: 0.0321
[2025-12-01 17:43:35] src.utils.clip_level_evaluation - [32mINFO[0m - [VAL] Batch 150/435 Loss: 0.0446
[2025-12-01 17:44:06] src.utils.clip_level_evaluation - [32mINFO[0m - [VAL] Batch 200/435 Loss: 0.0460
[2025-12-01 17:44:36] src.utils.clip_level_evaluation - [32mINFO[0m - [VAL] Batch 250/435 Loss: 0.0462
[2025-12-01 17:45:07] src.utils.clip_level_evaluation - [32mINFO[0m - [VAL] Batch 300/435 Loss: 0.0450
[2025-12-01 17:45:38] src.utils.clip_level_evaluation - [32mINFO[0m - [VAL] Batch 350/435 Loss: 0.0535
[2025-12-01 17:46:10] src.utils.clip_level_evaluation - [32mINFO[0m - [VAL] Batch 400/435 Loss: 0.0648
[2025-12-01 17:46:31] src.utils.clip_level_evaluation - [32mINFO[0m - [VAL] Finished in 271s
[2025-12-01 17:46:31] src.utils.clip_level_evaluation - [32mINFO[0m - Results:
Loss: 0.0674 | Acc: 62.63% | AUC: 0.6853
   >> Anomaly: P=0.452 R=0.644 F1=0.531
   >> Normal:  P=0.780 R=0.618
   >> Counts:  TP=2945 FN=1631 (Missed) | TN=5771 FP=3570 (False Alarm)
   >> Rates:   FPR=0.3822 | FNR=0.3564
[2025-12-01 17:46:31] __main__ - [32mINFO[0m - Epoch [1] Validation Summary - Loss: 0.0674 | Acc: 62.63% | AUC: 0.6853
[2025-12-01 17:46:31] __main__ - [32mINFO[0m -   Anomaly Detection: Precision=0.452 Recall=0.644 F1=0.531
[2025-12-01 17:46:31] __main__ - [32mINFO[0m -   Confusion Matrix: TP=2945 FN=1631 TN=5771 FP=3570
[2025-12-01 17:46:31] __main__ - [32mINFO[0m -   Error Rates: FPR=0.3822 FNR=0.3564
[2025-12-01 17:46:31] __main__ - [32mINFO[0m - New best AUC: 0.6853
[2025-12-01 17:46:32] src.utils.training_utils - [32mINFO[0m - Saved best model to /work3/s225224/ucf-crime/checkpoints/r3d_binary_20251201_172045/best_model.pth
[2025-12-01 17:46:46] src.utils.training - [32mINFO[0m - Epoch [2] Batch [20/2016] Loss: 0.0507 Acc: 74.22%
[2025-12-01 17:46:59] src.utils.training - [32mINFO[0m - Epoch [2] Batch [40/2016] Loss: 0.0507 Acc: 75.08%
[2025-12-01 17:47:12] src.utils.training - [32mINFO[0m - Epoch [2] Batch [60/2016] Loss: 0.0506 Acc: 74.69%
[2025-12-01 17:47:24] src.utils.training - [32mINFO[0m - Epoch [2] Batch [80/2016] Loss: 0.0496 Acc: 74.02%
[2025-12-01 17:47:37] src.utils.training - [32mINFO[0m - Epoch [2] Batch [100/2016] Loss: 0.0502 Acc: 74.66%
[2025-12-01 17:47:49] src.utils.training - [32mINFO[0m - Epoch [2] Batch [120/2016] Loss: 0.0501 Acc: 74.56%
[2025-12-01 17:48:02] src.utils.training - [32mINFO[0m - Epoch [2] Batch [140/2016] Loss: 0.0502 Acc: 74.04%
[2025-12-01 17:48:14] src.utils.training - [32mINFO[0m - Epoch [2] Batch [160/2016] Loss: 0.0504 Acc: 74.12%
[2025-12-01 17:48:27] src.utils.training - [32mINFO[0m - Epoch [2] Batch [180/2016] Loss: 0.0501 Acc: 74.36%
[2025-12-01 17:48:39] src.utils.training - [32mINFO[0m - Epoch [2] Batch [200/2016] Loss: 0.0499 Acc: 74.55%
[2025-12-01 17:48:53] src.utils.training - [32mINFO[0m - Epoch [2] Batch [220/2016] Loss: 0.0501 Acc: 74.30%
[2025-12-01 17:49:05] src.utils.training - [32mINFO[0m - Epoch [2] Batch [240/2016] Loss: 0.0503 Acc: 73.93%
[2025-12-01 17:49:18] src.utils.training - [32mINFO[0m - Epoch [2] Batch [260/2016] Loss: 0.0503 Acc: 74.10%
[2025-12-01 17:49:30] src.utils.training - [32mINFO[0m - Epoch [2] Batch [280/2016] Loss: 0.0501 Acc: 74.24%
[2025-12-01 17:49:43] src.utils.training - [32mINFO[0m - Epoch [2] Batch [300/2016] Loss: 0.0502 Acc: 74.41%
[2025-12-01 17:49:55] src.utils.training - [32mINFO[0m - Epoch [2] Batch [320/2016] Loss: 0.0505 Acc: 74.05%
[2025-12-01 17:50:08] src.utils.training - [32mINFO[0m - Epoch [2] Batch [340/2016] Loss: 0.0505 Acc: 74.01%
[2025-12-01 17:50:23] src.utils.training - [32mINFO[0m - Epoch [2] Batch [360/2016] Loss: 0.0507 Acc: 73.85%
[2025-12-01 17:50:35] src.utils.training - [32mINFO[0m - Epoch [2] Batch [380/2016] Loss: 0.0508 Acc: 73.77%
[2025-12-01 17:50:48] src.utils.training - [32mINFO[0m - Epoch [2] Batch [400/2016] Loss: 0.0509 Acc: 73.75%
[2025-12-01 17:51:00] src.utils.training - [32mINFO[0m - Epoch [2] Batch [420/2016] Loss: 0.0509 Acc: 73.75%
[2025-12-01 17:51:13] src.utils.training - [32mINFO[0m - Epoch [2] Batch [440/2016] Loss: 0.0510 Acc: 73.80%
[2025-12-01 17:51:25] src.utils.training - [32mINFO[0m - Epoch [2] Batch [460/2016] Loss: 0.0509 Acc: 73.70%
[2025-12-01 17:51:38] src.utils.training - [32mINFO[0m - Epoch [2] Batch [480/2016] Loss: 0.0509 Acc: 73.67%
[2025-12-01 17:51:50] src.utils.training - [32mINFO[0m - Epoch [2] Batch [500/2016] Loss: 0.0510 Acc: 73.59%
[2025-12-01 17:52:03] src.utils.training - [32mINFO[0m - Epoch [2] Batch [520/2016] Loss: 0.0511 Acc: 73.52%
[2025-12-01 17:52:15] src.utils.training - [32mINFO[0m - Epoch [2] Batch [540/2016] Loss: 0.0511 Acc: 73.46%
[2025-12-01 17:52:28] src.utils.training - [32mINFO[0m - Epoch [2] Batch [560/2016] Loss: 0.0512 Acc: 73.47%
[2025-12-01 17:52:40] src.utils.training - [32mINFO[0m - Epoch [2] Batch [580/2016] Loss: 0.0511 Acc: 73.46%
[2025-12-01 17:52:55] src.utils.training - [32mINFO[0m - Epoch [2] Batch [600/2016] Loss: 0.0511 Acc: 73.36%
[2025-12-01 17:53:08] src.utils.training - [32mINFO[0m - Epoch [2] Batch [620/2016] Loss: 0.0510 Acc: 73.41%
[2025-12-01 17:53:20] src.utils.training - [32mINFO[0m - Epoch [2] Batch [640/2016] Loss: 0.0510 Acc: 73.47%
[2025-12-01 17:53:33] src.utils.training - [32mINFO[0m - Epoch [2] Batch [660/2016] Loss: 0.0509 Acc: 73.49%
[2025-12-01 17:53:45] src.utils.training - [32mINFO[0m - Epoch [2] Batch [680/2016] Loss: 0.0507 Acc: 73.68%
[2025-12-01 17:53:58] src.utils.training - [32mINFO[0m - Epoch [2] Batch [700/2016] Loss: 0.0507 Acc: 73.70%
[2025-12-01 17:54:10] src.utils.training - [32mINFO[0m - Epoch [2] Batch [720/2016] Loss: 0.0507 Acc: 73.72%
[2025-12-01 17:54:23] src.utils.training - [32mINFO[0m - Epoch [2] Batch [740/2016] Loss: 0.0507 Acc: 73.71%
[2025-12-01 17:54:36] src.utils.training - [32mINFO[0m - Epoch [2] Batch [760/2016] Loss: 0.0507 Acc: 73.74%
[2025-12-01 17:54:48] src.utils.training - [32mINFO[0m - Epoch [2] Batch [780/2016] Loss: 0.0508 Acc: 73.72%
[2025-12-01 17:55:00] src.utils.training - [32mINFO[0m - Epoch [2] Batch [800/2016] Loss: 0.0508 Acc: 73.70%
[2025-12-01 17:55:13] src.utils.training - [32mINFO[0m - Epoch [2] Batch [820/2016] Loss: 0.0508 Acc: 73.75%
[2025-12-01 17:55:25] src.utils.training - [32mINFO[0m - Epoch [2] Batch [840/2016] Loss: 0.0507 Acc: 73.78%
[2025-12-01 17:55:38] src.utils.training - [32mINFO[0m - Epoch [2] Batch [860/2016] Loss: 0.0508 Acc: 73.82%
[2025-12-01 17:55:50] src.utils.training - [32mINFO[0m - Epoch [2] Batch [880/2016] Loss: 0.0507 Acc: 73.89%
[2025-12-01 17:56:03] src.utils.training - [32mINFO[0m - Epoch [2] Batch [900/2016] Loss: 0.0507 Acc: 73.88%
[2025-12-01 17:56:15] src.utils.training - [32mINFO[0m - Epoch [2] Batch [920/2016] Loss: 0.0506 Acc: 73.99%
[2025-12-01 17:56:28] src.utils.training - [32mINFO[0m - Epoch [2] Batch [940/2016] Loss: 0.0506 Acc: 74.01%
[2025-12-01 17:56:40] src.utils.training - [32mINFO[0m - Epoch [2] Batch [960/2016] Loss: 0.0505 Acc: 74.07%
[2025-12-01 17:56:54] src.utils.training - [32mINFO[0m - Epoch [2] Batch [980/2016] Loss: 0.0505 Acc: 74.11%
[2025-12-01 17:57:06] src.utils.training - [32mINFO[0m - Epoch [2] Batch [1000/2016] Loss: 0.0505 Acc: 74.07%
[2025-12-01 17:57:18] src.utils.training - [32mINFO[0m - Epoch [2] Batch [1020/2016] Loss: 0.0505 Acc: 74.12%
[2025-12-01 17:57:31] src.utils.training - [32mINFO[0m - Epoch [2] Batch [1040/2016] Loss: 0.0505 Acc: 74.15%
[2025-12-01 17:57:43] src.utils.training - [32mINFO[0m - Epoch [2] Batch [1060/2016] Loss: 0.0504 Acc: 74.17%
[2025-12-01 17:57:56] src.utils.training - [32mINFO[0m - Epoch [2] Batch [1080/2016] Loss: 0.0504 Acc: 74.17%
[2025-12-01 17:58:09] src.utils.training - [32mINFO[0m - Epoch [2] Batch [1100/2016] Loss: 0.0504 Acc: 74.14%
[2025-12-01 17:58:22] src.utils.training - [32mINFO[0m - Epoch [2] Batch [1120/2016] Loss: 0.0504 Acc: 74.17%
[2025-12-01 17:58:35] src.utils.training - [32mINFO[0m - Epoch [2] Batch [1140/2016] Loss: 0.0504 Acc: 74.16%
[2025-12-01 17:58:47] src.utils.training - [32mINFO[0m - Epoch [2] Batch [1160/2016] Loss: 0.0505 Acc: 74.03%
[2025-12-01 17:59:00] src.utils.training - [32mINFO[0m - Epoch [2] Batch [1180/2016] Loss: 0.0505 Acc: 74.02%
[2025-12-01 17:59:12] src.utils.training - [32mINFO[0m - Epoch [2] Batch [1200/2016] Loss: 0.0505 Acc: 74.02%
[2025-12-01 17:59:25] src.utils.training - [32mINFO[0m - Epoch [2] Batch [1220/2016] Loss: 0.0504 Acc: 74.08%
[2025-12-01 17:59:37] src.utils.training - [32mINFO[0m - Epoch [2] Batch [1240/2016] Loss: 0.0505 Acc: 74.04%
[2025-12-01 17:59:50] src.utils.training - [32mINFO[0m - Epoch [2] Batch [1260/2016] Loss: 0.0505 Acc: 74.03%
[2025-12-01 18:00:03] src.utils.training - [32mINFO[0m - Epoch [2] Batch [1280/2016] Loss: 0.0505 Acc: 73.98%
[2025-12-01 18:00:16] src.utils.training - [32mINFO[0m - Epoch [2] Batch [1300/2016] Loss: 0.0505 Acc: 74.00%
[2025-12-01 18:00:29] src.utils.training - [32mINFO[0m - Epoch [2] Batch [1320/2016] Loss: 0.0504 Acc: 74.05%
[2025-12-01 18:00:41] src.utils.training - [32mINFO[0m - Epoch [2] Batch [1340/2016] Loss: 0.0504 Acc: 74.10%
[2025-12-01 18:00:54] src.utils.training - [32mINFO[0m - Epoch [2] Batch [1360/2016] Loss: 0.0504 Acc: 74.10%
[2025-12-01 18:01:06] src.utils.training - [32mINFO[0m - Epoch [2] Batch [1380/2016] Loss: 0.0504 Acc: 74.10%
[2025-12-01 18:01:19] src.utils.training - [32mINFO[0m - Epoch [2] Batch [1400/2016] Loss: 0.0504 Acc: 74.17%
[2025-12-01 18:01:31] src.utils.training - [32mINFO[0m - Epoch [2] Batch [1420/2016] Loss: 0.0503 Acc: 74.19%
[2025-12-01 18:01:44] src.utils.training - [32mINFO[0m - Epoch [2] Batch [1440/2016] Loss: 0.0504 Acc: 74.16%
[2025-12-01 18:01:56] src.utils.training - [32mINFO[0m - Epoch [2] Batch [1460/2016] Loss: 0.0503 Acc: 74.18%
[2025-12-01 18:02:09] src.utils.training - [32mINFO[0m - Epoch [2] Batch [1480/2016] Loss: 0.0503 Acc: 74.19%
[2025-12-01 18:02:22] src.utils.training - [32mINFO[0m - Epoch [2] Batch [1500/2016] Loss: 0.0503 Acc: 74.17%
[2025-12-01 18:02:34] src.utils.training - [32mINFO[0m - Epoch [2] Batch [1520/2016] Loss: 0.0503 Acc: 74.17%
[2025-12-01 18:02:47] src.utils.training - [32mINFO[0m - Epoch [2] Batch [1540/2016] Loss: 0.0503 Acc: 74.23%
[2025-12-01 18:02:59] src.utils.training - [32mINFO[0m - Epoch [2] Batch [1560/2016] Loss: 0.0502 Acc: 74.22%
[2025-12-01 18:03:12] src.utils.training - [32mINFO[0m - Epoch [2] Batch [1580/2016] Loss: 0.0502 Acc: 74.25%
[2025-12-01 18:03:25] src.utils.training - [32mINFO[0m - Epoch [2] Batch [1600/2016] Loss: 0.0502 Acc: 74.28%
[2025-12-01 18:03:38] src.utils.training - [32mINFO[0m - Epoch [2] Batch [1620/2016] Loss: 0.0502 Acc: 74.25%
[2025-12-01 18:03:50] src.utils.training - [32mINFO[0m - Epoch [2] Batch [1640/2016] Loss: 0.0501 Acc: 74.29%
[2025-12-01 18:04:03] src.utils.training - [32mINFO[0m - Epoch [2] Batch [1660/2016] Loss: 0.0502 Acc: 74.29%
[2025-12-01 18:04:16] src.utils.training - [32mINFO[0m - Epoch [2] Batch [1680/2016] Loss: 0.0502 Acc: 74.20%
[2025-12-01 18:04:28] src.utils.training - [32mINFO[0m - Epoch [2] Batch [1700/2016] Loss: 0.0502 Acc: 74.19%
[2025-12-01 18:04:41] src.utils.training - [32mINFO[0m - Epoch [2] Batch [1720/2016] Loss: 0.0502 Acc: 74.22%
[2025-12-01 18:04:54] src.utils.training - [32mINFO[0m - Epoch [2] Batch [1740/2016] Loss: 0.0502 Acc: 74.17%
[2025-12-01 18:05:06] src.utils.training - [32mINFO[0m - Epoch [2] Batch [1760/2016] Loss: 0.0502 Acc: 74.21%
[2025-12-01 18:05:19] src.utils.training - [32mINFO[0m - Epoch [2] Batch [1780/2016] Loss: 0.0502 Acc: 74.22%
[2025-12-01 18:05:31] src.utils.training - [32mINFO[0m - Epoch [2] Batch [1800/2016] Loss: 0.0502 Acc: 74.21%
[2025-12-01 18:05:44] src.utils.training - [32mINFO[0m - Epoch [2] Batch [1820/2016] Loss: 0.0502 Acc: 74.26%
[2025-12-01 18:05:56] src.utils.training - [32mINFO[0m - Epoch [2] Batch [1840/2016] Loss: 0.0502 Acc: 74.19%
[2025-12-01 18:06:09] src.utils.training - [32mINFO[0m - Epoch [2] Batch [1860/2016] Loss: 0.0501 Acc: 74.23%
[2025-12-01 18:06:21] src.utils.training - [32mINFO[0m - Epoch [2] Batch [1880/2016] Loss: 0.0501 Acc: 74.24%
[2025-12-01 18:06:34] src.utils.training - [32mINFO[0m - Epoch [2] Batch [1900/2016] Loss: 0.0501 Acc: 74.24%
[2025-12-01 18:06:46] src.utils.training - [32mINFO[0m - Epoch [2] Batch [1920/2016] Loss: 0.0501 Acc: 74.24%
[2025-12-01 18:07:00] src.utils.training - [32mINFO[0m - Epoch [2] Batch [1940/2016] Loss: 0.0501 Acc: 74.26%
[2025-12-01 18:07:12] src.utils.training - [32mINFO[0m - Epoch [2] Batch [1960/2016] Loss: 0.0501 Acc: 74.27%
[2025-12-01 18:07:25] src.utils.training - [32mINFO[0m - Epoch [2] Batch [1980/2016] Loss: 0.0501 Acc: 74.28%
[2025-12-01 18:07:38] src.utils.training - [32mINFO[0m - Epoch [2] Batch [2000/2016] Loss: 0.0501 Acc: 74.28%
[2025-12-01 18:07:47] src.utils.training - [32mINFO[0m - Epoch [2] Training Completed in 1276s - Loss: 0.0501 Acc: 74.29%
[2025-12-01 18:08:20] src.utils.clip_level_evaluation - [32mINFO[0m - [VAL] Batch 50/435 Loss: 0.0369
[2025-12-01 18:08:52] src.utils.clip_level_evaluation - [32mINFO[0m - [VAL] Batch 100/435 Loss: 0.0287
[2025-12-01 18:09:23] src.utils.clip_level_evaluation - [32mINFO[0m - [VAL] Batch 150/435 Loss: 0.0391
[2025-12-01 18:09:54] src.utils.clip_level_evaluation - [32mINFO[0m - [VAL] Batch 200/435 Loss: 0.0394
[2025-12-01 18:10:25] src.utils.clip_level_evaluation - [32mINFO[0m - [VAL] Batch 250/435 Loss: 0.0399
[2025-12-01 18:10:59] src.utils.clip_level_evaluation - [32mINFO[0m - [VAL] Batch 300/435 Loss: 0.0395
[2025-12-01 18:11:30] src.utils.clip_level_evaluation - [32mINFO[0m - [VAL] Batch 350/435 Loss: 0.0506
[2025-12-01 18:12:15] src.utils.clip_level_evaluation - [32mINFO[0m - [VAL] Batch 400/435 Loss: 0.0628
[2025-12-01 18:12:36] src.utils.clip_level_evaluation - [32mINFO[0m - [VAL] Finished in 289s
[2025-12-01 18:12:36] src.utils.clip_level_evaluation - [32mINFO[0m - Results:
Loss: 0.0666 | Acc: 66.39% | AUC: 0.7049
   >> Anomaly: P=0.491 R=0.600 F1=0.540
   >> Normal:  P=0.780 R=0.695
   >> Counts:  TP=2747 FN=1829 (Missed) | TN=6493 FP=2848 (False Alarm)
   >> Rates:   FPR=0.3049 | FNR=0.3997
[2025-12-01 18:12:36] __main__ - [32mINFO[0m - Epoch [2] Validation Summary - Loss: 0.0666 | Acc: 66.39% | AUC: 0.7049
[2025-12-01 18:12:36] __main__ - [32mINFO[0m -   Anomaly Detection: Precision=0.491 Recall=0.600 F1=0.540
[2025-12-01 18:12:36] __main__ - [32mINFO[0m -   Confusion Matrix: TP=2747 FN=1829 TN=6493 FP=2848
[2025-12-01 18:12:36] __main__ - [32mINFO[0m -   Error Rates: FPR=0.3049 FNR=0.3997
[2025-12-01 18:12:36] __main__ - [32mINFO[0m - New best AUC: 0.7049
[2025-12-01 18:12:37] src.utils.training_utils - [32mINFO[0m - Saved best model to /work3/s225224/ucf-crime/checkpoints/r3d_binary_20251201_172045/best_model.pth
[2025-12-01 18:12:51] src.utils.training - [32mINFO[0m - Epoch [3] Batch [20/2016] Loss: 0.0536 Acc: 73.44%
[2025-12-01 18:13:04] src.utils.training - [32mINFO[0m - Epoch [3] Batch [40/2016] Loss: 0.0507 Acc: 73.44%
[2025-12-01 18:13:16] src.utils.training - [32mINFO[0m - Epoch [3] Batch [60/2016] Loss: 0.0513 Acc: 73.18%
[2025-12-01 18:13:29] src.utils.training - [32mINFO[0m - Epoch [3] Batch [80/2016] Loss: 0.0501 Acc: 73.87%
[2025-12-01 18:13:41] src.utils.training - [32mINFO[0m - Epoch [3] Batch [100/2016] Loss: 0.0504 Acc: 73.91%
[2025-12-01 18:13:54] src.utils.training - [32mINFO[0m - Epoch [3] Batch [120/2016] Loss: 0.0505 Acc: 74.04%
[2025-12-01 18:14:07] src.utils.training - [32mINFO[0m - Epoch [3] Batch [140/2016] Loss: 0.0504 Acc: 73.91%
[2025-12-01 18:14:20] src.utils.training - [32mINFO[0m - Epoch [3] Batch [160/2016] Loss: 0.0502 Acc: 73.95%
[2025-12-01 18:14:32] src.utils.training - [32mINFO[0m - Epoch [3] Batch [180/2016] Loss: 0.0499 Acc: 74.36%
[2025-12-01 18:14:45] src.utils.training - [32mINFO[0m - Epoch [3] Batch [200/2016] Loss: 0.0496 Acc: 74.86%
[2025-12-01 18:14:57] src.utils.training - [32mINFO[0m - Epoch [3] Batch [220/2016] Loss: 0.0498 Acc: 74.97%
[2025-12-01 18:15:10] src.utils.training - [32mINFO[0m - Epoch [3] Batch [240/2016] Loss: 0.0494 Acc: 75.00%
[2025-12-01 18:15:22] src.utils.training - [32mINFO[0m - Epoch [3] Batch [260/2016] Loss: 0.0492 Acc: 75.07%
[2025-12-01 18:15:35] src.utils.training - [32mINFO[0m - Epoch [3] Batch [280/2016] Loss: 0.0492 Acc: 74.96%
[2025-12-01 18:15:47] src.utils.training - [32mINFO[0m - Epoch [3] Batch [300/2016] Loss: 0.0493 Acc: 75.08%
[2025-12-01 18:16:00] src.utils.training - [32mINFO[0m - Epoch [3] Batch [320/2016] Loss: 0.0492 Acc: 75.00%
[2025-12-01 18:16:12] src.utils.training - [32mINFO[0m - Epoch [3] Batch [340/2016] Loss: 0.0491 Acc: 75.08%
[2025-12-01 18:16:25] src.utils.training - [32mINFO[0m - Epoch [3] Batch [360/2016] Loss: 0.0491 Acc: 75.04%
[2025-12-01 18:16:37] src.utils.training - [32mINFO[0m - Epoch [3] Batch [380/2016] Loss: 0.0490 Acc: 75.09%
[2025-12-01 18:16:50] src.utils.training - [32mINFO[0m - Epoch [3] Batch [400/2016] Loss: 0.0490 Acc: 75.16%
[2025-12-01 18:17:02] src.utils.training - [32mINFO[0m - Epoch [3] Batch [420/2016] Loss: 0.0492 Acc: 75.08%
[2025-12-01 18:17:15] src.utils.training - [32mINFO[0m - Epoch [3] Batch [440/2016] Loss: 0.0491 Acc: 75.15%
[2025-12-01 18:17:27] src.utils.training - [32mINFO[0m - Epoch [3] Batch [460/2016] Loss: 0.0490 Acc: 75.15%
[2025-12-01 18:17:40] src.utils.training - [32mINFO[0m - Epoch [3] Batch [480/2016] Loss: 0.0489 Acc: 75.21%
[2025-12-01 18:17:52] src.utils.training - [32mINFO[0m - Epoch [3] Batch [500/2016] Loss: 0.0490 Acc: 75.16%
[2025-12-01 18:18:05] src.utils.training - [32mINFO[0m - Epoch [3] Batch [520/2016] Loss: 0.0490 Acc: 75.17%
[2025-12-01 18:18:17] src.utils.training - [32mINFO[0m - Epoch [3] Batch [540/2016] Loss: 0.0491 Acc: 75.12%
[2025-12-01 18:18:30] src.utils.training - [32mINFO[0m - Epoch [3] Batch [560/2016] Loss: 0.0490 Acc: 75.11%
[2025-12-01 18:18:42] src.utils.training - [32mINFO[0m - Epoch [3] Batch [580/2016] Loss: 0.0491 Acc: 75.02%
[2025-12-01 18:18:55] src.utils.training - [32mINFO[0m - Epoch [3] Batch [600/2016] Loss: 0.0491 Acc: 75.08%
[2025-12-01 18:19:07] src.utils.training - [32mINFO[0m - Epoch [3] Batch [620/2016] Loss: 0.0492 Acc: 74.98%
[2025-12-01 18:19:20] src.utils.training - [32mINFO[0m - Epoch [3] Batch [640/2016] Loss: 0.0491 Acc: 74.97%
[2025-12-01 18:19:33] src.utils.training - [32mINFO[0m - Epoch [3] Batch [660/2016] Loss: 0.0491 Acc: 75.09%
[2025-12-01 18:19:45] src.utils.training - [32mINFO[0m - Epoch [3] Batch [680/2016] Loss: 0.0491 Acc: 74.96%
[2025-12-01 18:19:58] src.utils.training - [32mINFO[0m - Epoch [3] Batch [700/2016] Loss: 0.0492 Acc: 74.90%
[2025-12-01 18:20:10] src.utils.training - [32mINFO[0m - Epoch [3] Batch [720/2016] Loss: 0.0491 Acc: 75.00%
[2025-12-01 18:20:23] src.utils.training - [32mINFO[0m - Epoch [3] Batch [740/2016] Loss: 0.0491 Acc: 75.00%
[2025-12-01 18:20:35] src.utils.training - [32mINFO[0m - Epoch [3] Batch [760/2016] Loss: 0.0491 Acc: 75.01%
[2025-12-01 18:20:48] src.utils.training - [32mINFO[0m - Epoch [3] Batch [780/2016] Loss: 0.0490 Acc: 75.02%
[2025-12-01 18:21:01] src.utils.training - [32mINFO[0m - Epoch [3] Batch [800/2016] Loss: 0.0492 Acc: 74.98%
[2025-12-01 18:21:13] src.utils.training - [32mINFO[0m - Epoch [3] Batch [820/2016] Loss: 0.0491 Acc: 74.98%
[2025-12-01 18:21:26] src.utils.training - [32mINFO[0m - Epoch [3] Batch [840/2016] Loss: 0.0492 Acc: 75.08%
[2025-12-01 18:21:39] src.utils.training - [32mINFO[0m - Epoch [3] Batch [860/2016] Loss: 0.0492 Acc: 74.99%
[2025-12-01 18:21:53] src.utils.training - [32mINFO[0m - Epoch [3] Batch [880/2016] Loss: 0.0491 Acc: 75.07%
[2025-12-01 18:22:05] src.utils.training - [32mINFO[0m - Epoch [3] Batch [900/2016] Loss: 0.0491 Acc: 75.17%
[2025-12-01 18:22:18] src.utils.training - [32mINFO[0m - Epoch [3] Batch [920/2016] Loss: 0.0490 Acc: 75.13%
[2025-12-01 18:22:30] src.utils.training - [32mINFO[0m - Epoch [3] Batch [940/2016] Loss: 0.0491 Acc: 75.18%
[2025-12-01 18:22:43] src.utils.training - [32mINFO[0m - Epoch [3] Batch [960/2016] Loss: 0.0491 Acc: 75.19%
[2025-12-01 18:22:55] src.utils.training - [32mINFO[0m - Epoch [3] Batch [980/2016] Loss: 0.0491 Acc: 75.22%
[2025-12-01 18:23:08] src.utils.training - [32mINFO[0m - Epoch [3] Batch [1000/2016] Loss: 0.0491 Acc: 75.22%
[2025-12-01 18:23:20] src.utils.training - [32mINFO[0m - Epoch [3] Batch [1020/2016] Loss: 0.0491 Acc: 75.18%
[2025-12-01 18:23:33] src.utils.training - [32mINFO[0m - Epoch [3] Batch [1040/2016] Loss: 0.0491 Acc: 75.24%
[2025-12-01 18:23:45] src.utils.training - [32mINFO[0m - Epoch [3] Batch [1060/2016] Loss: 0.0490 Acc: 75.31%
[2025-12-01 18:23:58] src.utils.training - [32mINFO[0m - Epoch [3] Batch [1080/2016] Loss: 0.0491 Acc: 75.26%
[2025-12-01 18:24:11] src.utils.training - [32mINFO[0m - Epoch [3] Batch [1100/2016] Loss: 0.0490 Acc: 75.34%
[2025-12-01 18:24:23] src.utils.training - [32mINFO[0m - Epoch [3] Batch [1120/2016] Loss: 0.0490 Acc: 75.31%
[2025-12-01 18:24:36] src.utils.training - [32mINFO[0m - Epoch [3] Batch [1140/2016] Loss: 0.0490 Acc: 75.33%
[2025-12-01 18:24:48] src.utils.training - [32mINFO[0m - Epoch [3] Batch [1160/2016] Loss: 0.0490 Acc: 75.33%
[2025-12-01 18:25:01] src.utils.training - [32mINFO[0m - Epoch [3] Batch [1180/2016] Loss: 0.0490 Acc: 75.30%
[2025-12-01 18:25:13] src.utils.training - [32mINFO[0m - Epoch [3] Batch [1200/2016] Loss: 0.0490 Acc: 75.32%
[2025-12-01 18:25:26] src.utils.training - [32mINFO[0m - Epoch [3] Batch [1220/2016] Loss: 0.0490 Acc: 75.25%
[2025-12-01 18:25:38] src.utils.training - [32mINFO[0m - Epoch [3] Batch [1240/2016] Loss: 0.0491 Acc: 75.26%
[2025-12-01 18:25:51] src.utils.training - [32mINFO[0m - Epoch [3] Batch [1260/2016] Loss: 0.0491 Acc: 75.15%
[2025-12-01 18:26:04] src.utils.training - [32mINFO[0m - Epoch [3] Batch [1280/2016] Loss: 0.0491 Acc: 75.23%
[2025-12-01 18:26:16] src.utils.training - [32mINFO[0m - Epoch [3] Batch [1300/2016] Loss: 0.0491 Acc: 75.21%
[2025-12-01 18:26:29] src.utils.training - [32mINFO[0m - Epoch [3] Batch [1320/2016] Loss: 0.0491 Acc: 75.23%
[2025-12-01 18:26:41] src.utils.training - [32mINFO[0m - Epoch [3] Batch [1340/2016] Loss: 0.0491 Acc: 75.21%
[2025-12-01 18:26:54] src.utils.training - [32mINFO[0m - Epoch [3] Batch [1360/2016] Loss: 0.0491 Acc: 75.23%
[2025-12-01 18:27:06] src.utils.training - [32mINFO[0m - Epoch [3] Batch [1380/2016] Loss: 0.0491 Acc: 75.22%
[2025-12-01 18:27:19] src.utils.training - [32mINFO[0m - Epoch [3] Batch [1400/2016] Loss: 0.0491 Acc: 75.26%
[2025-12-01 18:27:31] src.utils.training - [32mINFO[0m - Epoch [3] Batch [1420/2016] Loss: 0.0490 Acc: 75.33%
[2025-12-01 18:27:44] src.utils.training - [32mINFO[0m - Epoch [3] Batch [1440/2016] Loss: 0.0490 Acc: 75.40%
[2025-12-01 18:27:56] src.utils.training - [32mINFO[0m - Epoch [3] Batch [1460/2016] Loss: 0.0490 Acc: 75.40%
[2025-12-01 18:28:09] src.utils.training - [32mINFO[0m - Epoch [3] Batch [1480/2016] Loss: 0.0490 Acc: 75.43%
[2025-12-01 18:28:21] src.utils.training - [32mINFO[0m - Epoch [3] Batch [1500/2016] Loss: 0.0490 Acc: 75.43%
[2025-12-01 18:28:34] src.utils.training - [32mINFO[0m - Epoch [3] Batch [1520/2016] Loss: 0.0490 Acc: 75.41%
[2025-12-01 18:28:46] src.utils.training - [32mINFO[0m - Epoch [3] Batch [1540/2016] Loss: 0.0490 Acc: 75.40%
[2025-12-01 18:28:59] src.utils.training - [32mINFO[0m - Epoch [3] Batch [1560/2016] Loss: 0.0490 Acc: 75.40%
[2025-12-01 18:29:11] src.utils.training - [32mINFO[0m - Epoch [3] Batch [1580/2016] Loss: 0.0490 Acc: 75.40%
[2025-12-01 18:29:24] src.utils.training - [32mINFO[0m - Epoch [3] Batch [1600/2016] Loss: 0.0490 Acc: 75.39%
[2025-12-01 18:29:36] src.utils.training - [32mINFO[0m - Epoch [3] Batch [1620/2016] Loss: 0.0489 Acc: 75.46%
[2025-12-01 18:29:49] src.utils.training - [32mINFO[0m - Epoch [3] Batch [1640/2016] Loss: 0.0489 Acc: 75.42%
[2025-12-01 18:30:01] src.utils.training - [32mINFO[0m - Epoch [3] Batch [1660/2016] Loss: 0.0489 Acc: 75.44%
[2025-12-01 18:30:14] src.utils.training - [32mINFO[0m - Epoch [3] Batch [1680/2016] Loss: 0.0489 Acc: 75.43%
[2025-12-01 18:30:26] src.utils.training - [32mINFO[0m - Epoch [3] Batch [1700/2016] Loss: 0.0489 Acc: 75.46%
[2025-12-01 18:30:39] src.utils.training - [32mINFO[0m - Epoch [3] Batch [1720/2016] Loss: 0.0489 Acc: 75.41%
[2025-12-01 18:30:52] src.utils.training - [32mINFO[0m - Epoch [3] Batch [1740/2016] Loss: 0.0490 Acc: 75.44%
[2025-12-01 18:31:04] src.utils.training - [32mINFO[0m - Epoch [3] Batch [1760/2016] Loss: 0.0490 Acc: 75.42%
[2025-12-01 18:31:17] src.utils.training - [32mINFO[0m - Epoch [3] Batch [1780/2016] Loss: 0.0490 Acc: 75.41%
[2025-12-01 18:31:29] src.utils.training - [32mINFO[0m - Epoch [3] Batch [1800/2016] Loss: 0.0490 Acc: 75.40%
[2025-12-01 18:31:42] src.utils.training - [32mINFO[0m - Epoch [3] Batch [1820/2016] Loss: 0.0490 Acc: 75.38%
[2025-12-01 18:31:55] src.utils.training - [32mINFO[0m - Epoch [3] Batch [1840/2016] Loss: 0.0490 Acc: 75.35%
[2025-12-01 18:32:07] src.utils.training - [32mINFO[0m - Epoch [3] Batch [1860/2016] Loss: 0.0490 Acc: 75.40%
[2025-12-01 18:32:20] src.utils.training - [32mINFO[0m - Epoch [3] Batch [1880/2016] Loss: 0.0490 Acc: 75.42%
[2025-12-01 18:32:32] src.utils.training - [32mINFO[0m - Epoch [3] Batch [1900/2016] Loss: 0.0490 Acc: 75.44%
[2025-12-01 18:32:45] src.utils.training - [32mINFO[0m - Epoch [3] Batch [1920/2016] Loss: 0.0489 Acc: 75.47%
[2025-12-01 18:32:58] src.utils.training - [32mINFO[0m - Epoch [3] Batch [1940/2016] Loss: 0.0490 Acc: 75.45%
[2025-12-01 18:33:10] src.utils.training - [32mINFO[0m - Epoch [3] Batch [1960/2016] Loss: 0.0490 Acc: 75.43%
[2025-12-01 18:33:23] src.utils.training - [32mINFO[0m - Epoch [3] Batch [1980/2016] Loss: 0.0490 Acc: 75.44%
[2025-12-01 18:33:35] src.utils.training - [32mINFO[0m - Epoch [3] Batch [2000/2016] Loss: 0.0490 Acc: 75.45%
[2025-12-01 18:33:45] src.utils.training - [32mINFO[0m - Epoch [3] Training Completed in 1269s - Loss: 0.0489 Acc: 75.45%
[2025-12-01 18:34:18] src.utils.clip_level_evaluation - [32mINFO[0m - [VAL] Batch 50/435 Loss: 0.0343
[2025-12-01 18:34:49] src.utils.clip_level_evaluation - [32mINFO[0m - [VAL] Batch 100/435 Loss: 0.0271
[2025-12-01 18:35:20] src.utils.clip_level_evaluation - [32mINFO[0m - [VAL] Batch 150/435 Loss: 0.0360
[2025-12-01 18:35:51] src.utils.clip_level_evaluation - [32mINFO[0m - [VAL] Batch 200/435 Loss: 0.0368
[2025-12-01 18:36:22] src.utils.clip_level_evaluation - [32mINFO[0m - [VAL] Batch 250/435 Loss: 0.0370
[2025-12-01 18:36:53] src.utils.clip_level_evaluation - [32mINFO[0m - [VAL] Batch 300/435 Loss: 0.0371
[2025-12-01 18:37:23] src.utils.clip_level_evaluation - [32mINFO[0m - [VAL] Batch 350/435 Loss: 0.0492
[2025-12-01 18:37:54] src.utils.clip_level_evaluation - [32mINFO[0m - [VAL] Batch 400/435 Loss: 0.0626
[2025-12-01 18:38:15] src.utils.clip_level_evaluation - [32mINFO[0m - [VAL] Finished in 270s
[2025-12-01 18:38:15] src.utils.clip_level_evaluation - [32mINFO[0m - Results:
Loss: 0.0665 | Acc: 67.80% | AUC: 0.7158
   >> Anomaly: P=0.509 R=0.570 F1=0.538
   >> Normal:  P=0.776 R=0.731
   >> Counts:  TP=2610 FN=1966 (Missed) | TN=6826 FP=2515 (False Alarm)
   >> Rates:   FPR=0.2692 | FNR=0.4296
[2025-12-01 18:38:15] __main__ - [32mINFO[0m - Epoch [3] Validation Summary - Loss: 0.0665 | Acc: 67.80% | AUC: 0.7158
[2025-12-01 18:38:15] __main__ - [32mINFO[0m -   Anomaly Detection: Precision=0.509 Recall=0.570 F1=0.538
[2025-12-01 18:38:15] __main__ - [32mINFO[0m -   Confusion Matrix: TP=2610 FN=1966 TN=6826 FP=2515
[2025-12-01 18:38:15] __main__ - [32mINFO[0m -   Error Rates: FPR=0.2692 FNR=0.4296
[2025-12-01 18:38:15] __main__ - [32mINFO[0m - New best AUC: 0.7158
[2025-12-01 18:38:16] src.utils.training_utils - [32mINFO[0m - Saved best model to /work3/s225224/ucf-crime/checkpoints/r3d_binary_20251201_172045/best_model.pth
[2025-12-01 18:38:30] src.utils.training - [32mINFO[0m - Epoch [4] Batch [20/2016] Loss: 0.0451 Acc: 80.31%
[2025-12-01 18:38:43] src.utils.training - [32mINFO[0m - Epoch [4] Batch [40/2016] Loss: 0.0477 Acc: 76.80%
[2025-12-01 18:38:55] src.utils.training - [32mINFO[0m - Epoch [4] Batch [60/2016] Loss: 0.0480 Acc: 77.14%
[2025-12-01 18:39:08] src.utils.training - [32mINFO[0m - Epoch [4] Batch [80/2016] Loss: 0.0479 Acc: 77.11%
[2025-12-01 18:39:20] src.utils.training - [32mINFO[0m - Epoch [4] Batch [100/2016] Loss: 0.0489 Acc: 76.44%
[2025-12-01 18:39:33] src.utils.training - [32mINFO[0m - Epoch [4] Batch [120/2016] Loss: 0.0497 Acc: 75.57%
[2025-12-01 18:39:46] src.utils.training - [32mINFO[0m - Epoch [4] Batch [140/2016] Loss: 0.0496 Acc: 75.31%
[2025-12-01 18:39:58] src.utils.training - [32mINFO[0m - Epoch [4] Batch [160/2016] Loss: 0.0490 Acc: 75.64%
[2025-12-01 18:40:11] src.utils.training - [32mINFO[0m - Epoch [4] Batch [180/2016] Loss: 0.0491 Acc: 75.42%
[2025-12-01 18:40:24] src.utils.training - [32mINFO[0m - Epoch [4] Batch [200/2016] Loss: 0.0491 Acc: 75.39%
[2025-12-01 18:40:36] src.utils.training - [32mINFO[0m - Epoch [4] Batch [220/2016] Loss: 0.0494 Acc: 75.18%
[2025-12-01 18:40:49] src.utils.training - [32mINFO[0m - Epoch [4] Batch [240/2016] Loss: 0.0495 Acc: 75.26%
[2025-12-01 18:41:01] src.utils.training - [32mINFO[0m - Epoch [4] Batch [260/2016] Loss: 0.0495 Acc: 75.14%
[2025-12-01 18:41:14] src.utils.training - [32mINFO[0m - Epoch [4] Batch [280/2016] Loss: 0.0498 Acc: 75.07%
[2025-12-01 18:41:26] src.utils.training - [32mINFO[0m - Epoch [4] Batch [300/2016] Loss: 0.0496 Acc: 75.18%
[2025-12-01 18:41:39] src.utils.training - [32mINFO[0m - Epoch [4] Batch [320/2016] Loss: 0.0496 Acc: 75.26%
[2025-12-01 18:41:52] src.utils.training - [32mINFO[0m - Epoch [4] Batch [340/2016] Loss: 0.0496 Acc: 75.13%
[2025-12-01 18:42:04] src.utils.training - [32mINFO[0m - Epoch [4] Batch [360/2016] Loss: 0.0493 Acc: 75.43%
[2025-12-01 18:42:17] src.utils.training - [32mINFO[0m - Epoch [4] Batch [380/2016] Loss: 0.0494 Acc: 75.39%
[2025-12-01 18:42:30] src.utils.training - [32mINFO[0m - Epoch [4] Batch [400/2016] Loss: 0.0494 Acc: 75.16%
[2025-12-01 18:42:43] src.utils.training - [32mINFO[0m - Epoch [4] Batch [420/2016] Loss: 0.0496 Acc: 75.12%
[2025-12-01 18:42:56] src.utils.training - [32mINFO[0m - Epoch [4] Batch [440/2016] Loss: 0.0495 Acc: 75.11%
[2025-12-01 18:43:08] src.utils.training - [32mINFO[0m - Epoch [4] Batch [460/2016] Loss: 0.0494 Acc: 75.20%
[2025-12-01 18:43:21] src.utils.training - [32mINFO[0m - Epoch [4] Batch [480/2016] Loss: 0.0493 Acc: 75.23%
[2025-12-01 18:43:34] src.utils.training - [32mINFO[0m - Epoch [4] Batch [500/2016] Loss: 0.0495 Acc: 75.19%
[2025-12-01 18:43:46] src.utils.training - [32mINFO[0m - Epoch [4] Batch [520/2016] Loss: 0.0496 Acc: 75.09%
[2025-12-01 18:43:59] src.utils.training - [32mINFO[0m - Epoch [4] Batch [540/2016] Loss: 0.0496 Acc: 75.01%
[2025-12-01 18:44:11] src.utils.training - [32mINFO[0m - Epoch [4] Batch [560/2016] Loss: 0.0496 Acc: 75.15%
[2025-12-01 18:44:24] src.utils.training - [32mINFO[0m - Epoch [4] Batch [580/2016] Loss: 0.0494 Acc: 75.22%
[2025-12-01 18:44:36] src.utils.training - [32mINFO[0m - Epoch [4] Batch [600/2016] Loss: 0.0493 Acc: 75.33%
[2025-12-01 18:44:49] src.utils.training - [32mINFO[0m - Epoch [4] Batch [620/2016] Loss: 0.0494 Acc: 75.27%
[2025-12-01 18:45:01] src.utils.training - [32mINFO[0m - Epoch [4] Batch [640/2016] Loss: 0.0493 Acc: 75.36%
[2025-12-01 18:45:14] src.utils.training - [32mINFO[0m - Epoch [4] Batch [660/2016] Loss: 0.0493 Acc: 75.31%
[2025-12-01 18:45:26] src.utils.training - [32mINFO[0m - Epoch [4] Batch [680/2016] Loss: 0.0492 Acc: 75.39%
[2025-12-01 18:45:39] src.utils.training - [32mINFO[0m - Epoch [4] Batch [700/2016] Loss: 0.0492 Acc: 75.47%
[2025-12-01 18:45:51] src.utils.training - [32mINFO[0m - Epoch [4] Batch [720/2016] Loss: 0.0492 Acc: 75.46%
[2025-12-01 18:46:04] src.utils.training - [32mINFO[0m - Epoch [4] Batch [740/2016] Loss: 0.0492 Acc: 75.50%
[2025-12-01 18:46:16] src.utils.training - [32mINFO[0m - Epoch [4] Batch [760/2016] Loss: 0.0491 Acc: 75.44%
[2025-12-01 18:46:29] src.utils.training - [32mINFO[0m - Epoch [4] Batch [780/2016] Loss: 0.0492 Acc: 75.42%
[2025-12-01 18:46:41] src.utils.training - [32mINFO[0m - Epoch [4] Batch [800/2016] Loss: 0.0492 Acc: 75.34%
[2025-12-01 18:46:54] src.utils.training - [32mINFO[0m - Epoch [4] Batch [820/2016] Loss: 0.0492 Acc: 75.34%
[2025-12-01 18:47:06] src.utils.training - [32mINFO[0m - Epoch [4] Batch [840/2016] Loss: 0.0491 Acc: 75.40%
[2025-12-01 18:47:19] src.utils.training - [32mINFO[0m - Epoch [4] Batch [860/2016] Loss: 0.0492 Acc: 75.38%
[2025-12-01 18:47:31] src.utils.training - [32mINFO[0m - Epoch [4] Batch [880/2016] Loss: 0.0491 Acc: 75.41%
[2025-12-01 18:47:44] src.utils.training - [32mINFO[0m - Epoch [4] Batch [900/2016] Loss: 0.0490 Acc: 75.50%
[2025-12-01 18:47:56] src.utils.training - [32mINFO[0m - Epoch [4] Batch [920/2016] Loss: 0.0490 Acc: 75.44%
[2025-12-01 18:48:09] src.utils.training - [32mINFO[0m - Epoch [4] Batch [940/2016] Loss: 0.0491 Acc: 75.40%
[2025-12-01 18:48:22] src.utils.training - [32mINFO[0m - Epoch [4] Batch [960/2016] Loss: 0.0491 Acc: 75.38%
[2025-12-01 18:48:35] src.utils.training - [32mINFO[0m - Epoch [4] Batch [980/2016] Loss: 0.0490 Acc: 75.44%
[2025-12-01 18:48:47] src.utils.training - [32mINFO[0m - Epoch [4] Batch [1000/2016] Loss: 0.0491 Acc: 75.37%
[2025-12-01 18:49:00] src.utils.training - [32mINFO[0m - Epoch [4] Batch [1020/2016] Loss: 0.0492 Acc: 75.33%
[2025-12-01 18:49:13] src.utils.training - [32mINFO[0m - Epoch [4] Batch [1040/2016] Loss: 0.0492 Acc: 75.31%
[2025-12-01 18:49:25] src.utils.training - [32mINFO[0m - Epoch [4] Batch [1060/2016] Loss: 0.0491 Acc: 75.37%
[2025-12-01 18:49:38] src.utils.training - [32mINFO[0m - Epoch [4] Batch [1080/2016] Loss: 0.0492 Acc: 75.38%
[2025-12-01 18:49:50] src.utils.training - [32mINFO[0m - Epoch [4] Batch [1100/2016] Loss: 0.0491 Acc: 75.39%
[2025-12-01 18:50:03] src.utils.training - [32mINFO[0m - Epoch [4] Batch [1120/2016] Loss: 0.0491 Acc: 75.37%
[2025-12-01 18:50:15] src.utils.training - [32mINFO[0m - Epoch [4] Batch [1140/2016] Loss: 0.0491 Acc: 75.38%
[2025-12-01 18:50:28] src.utils.training - [32mINFO[0m - Epoch [4] Batch [1160/2016] Loss: 0.0491 Acc: 75.40%
[2025-12-01 18:50:40] src.utils.training - [32mINFO[0m - Epoch [4] Batch [1180/2016] Loss: 0.0491 Acc: 75.40%
[2025-12-01 18:50:53] src.utils.training - [32mINFO[0m - Epoch [4] Batch [1200/2016] Loss: 0.0492 Acc: 75.37%
[2025-12-01 18:51:05] src.utils.training - [32mINFO[0m - Epoch [4] Batch [1220/2016] Loss: 0.0492 Acc: 75.30%
[2025-12-01 18:51:18] src.utils.training - [32mINFO[0m - Epoch [4] Batch [1240/2016] Loss: 0.0492 Acc: 75.27%
[2025-12-01 18:51:30] src.utils.training - [32mINFO[0m - Epoch [4] Batch [1260/2016] Loss: 0.0492 Acc: 75.32%
[2025-12-01 18:51:43] src.utils.training - [32mINFO[0m - Epoch [4] Batch [1280/2016] Loss: 0.0492 Acc: 75.27%
[2025-12-01 18:51:55] src.utils.training - [32mINFO[0m - Epoch [4] Batch [1300/2016] Loss: 0.0493 Acc: 75.16%
[2025-12-01 18:52:08] src.utils.training - [32mINFO[0m - Epoch [4] Batch [1320/2016] Loss: 0.0493 Acc: 75.18%
[2025-12-01 18:52:20] src.utils.training - [32mINFO[0m - Epoch [4] Batch [1340/2016] Loss: 0.0493 Acc: 75.22%
[2025-12-01 18:52:33] src.utils.training - [32mINFO[0m - Epoch [4] Batch [1360/2016] Loss: 0.0493 Acc: 75.16%
[2025-12-01 18:52:45] src.utils.training - [32mINFO[0m - Epoch [4] Batch [1380/2016] Loss: 0.0493 Acc: 75.16%
[2025-12-01 18:52:58] src.utils.training - [32mINFO[0m - Epoch [4] Batch [1400/2016] Loss: 0.0492 Acc: 75.16%
[2025-12-01 18:53:10] src.utils.training - [32mINFO[0m - Epoch [4] Batch [1420/2016] Loss: 0.0492 Acc: 75.20%
[2025-12-01 18:53:23] src.utils.training - [32mINFO[0m - Epoch [4] Batch [1440/2016] Loss: 0.0491 Acc: 75.20%
[2025-12-01 18:53:35] src.utils.training - [32mINFO[0m - Epoch [4] Batch [1460/2016] Loss: 0.0492 Acc: 75.22%
[2025-12-01 18:53:48] src.utils.training - [32mINFO[0m - Epoch [4] Batch [1480/2016] Loss: 0.0491 Acc: 75.25%
[2025-12-01 18:54:00] src.utils.training - [32mINFO[0m - Epoch [4] Batch [1500/2016] Loss: 0.0491 Acc: 75.29%
[2025-12-01 18:54:13] src.utils.training - [32mINFO[0m - Epoch [4] Batch [1520/2016] Loss: 0.0491 Acc: 75.32%
[2025-12-01 18:54:25] src.utils.training - [32mINFO[0m - Epoch [4] Batch [1540/2016] Loss: 0.0491 Acc: 75.33%
[2025-12-01 18:54:38] src.utils.training - [32mINFO[0m - Epoch [4] Batch [1560/2016] Loss: 0.0491 Acc: 75.29%
[2025-12-01 18:54:51] src.utils.training - [32mINFO[0m - Epoch [4] Batch [1580/2016] Loss: 0.0491 Acc: 75.29%
[2025-12-01 18:55:03] src.utils.training - [32mINFO[0m - Epoch [4] Batch [1600/2016] Loss: 0.0491 Acc: 75.27%
[2025-12-01 18:55:16] src.utils.training - [32mINFO[0m - Epoch [4] Batch [1620/2016] Loss: 0.0491 Acc: 75.26%
[2025-12-01 18:55:32] src.utils.training - [32mINFO[0m - Epoch [4] Batch [1640/2016] Loss: 0.0491 Acc: 75.26%
[2025-12-01 18:55:45] src.utils.training - [32mINFO[0m - Epoch [4] Batch [1660/2016] Loss: 0.0491 Acc: 75.28%
[2025-12-01 18:55:57] src.utils.training - [32mINFO[0m - Epoch [4] Batch [1680/2016] Loss: 0.0491 Acc: 75.31%
[2025-12-01 18:56:10] src.utils.training - [32mINFO[0m - Epoch [4] Batch [1700/2016] Loss: 0.0490 Acc: 75.40%
[2025-12-01 18:56:27] src.utils.training - [32mINFO[0m - Epoch [4] Batch [1720/2016] Loss: 0.0490 Acc: 75.41%
[2025-12-01 18:56:40] src.utils.training - [32mINFO[0m - Epoch [4] Batch [1740/2016] Loss: 0.0490 Acc: 75.39%
[2025-12-01 18:56:52] src.utils.training - [32mINFO[0m - Epoch [4] Batch [1760/2016] Loss: 0.0490 Acc: 75.40%
[2025-12-01 18:57:05] src.utils.training - [32mINFO[0m - Epoch [4] Batch [1780/2016] Loss: 0.0490 Acc: 75.42%
[2025-12-01 18:57:17] src.utils.training - [32mINFO[0m - Epoch [4] Batch [1800/2016] Loss: 0.0489 Acc: 75.46%
[2025-12-01 18:57:30] src.utils.training - [32mINFO[0m - Epoch [4] Batch [1820/2016] Loss: 0.0489 Acc: 75.48%
[2025-12-01 18:57:42] src.utils.training - [32mINFO[0m - Epoch [4] Batch [1840/2016] Loss: 0.0489 Acc: 75.48%
[2025-12-01 18:57:55] src.utils.training - [32mINFO[0m - Epoch [4] Batch [1860/2016] Loss: 0.0489 Acc: 75.46%
[2025-12-01 18:58:07] src.utils.training - [32mINFO[0m - Epoch [4] Batch [1880/2016] Loss: 0.0489 Acc: 75.46%
[2025-12-01 18:58:20] src.utils.training - [32mINFO[0m - Epoch [4] Batch [1900/2016] Loss: 0.0489 Acc: 75.50%
[2025-12-01 18:58:32] src.utils.training - [32mINFO[0m - Epoch [4] Batch [1920/2016] Loss: 0.0489 Acc: 75.48%
[2025-12-01 18:58:45] src.utils.training - [32mINFO[0m - Epoch [4] Batch [1940/2016] Loss: 0.0489 Acc: 75.50%
[2025-12-01 18:58:57] src.utils.training - [32mINFO[0m - Epoch [4] Batch [1960/2016] Loss: 0.0489 Acc: 75.50%
[2025-12-01 18:59:10] src.utils.training - [32mINFO[0m - Epoch [4] Batch [1980/2016] Loss: 0.0489 Acc: 75.50%
[2025-12-01 18:59:23] src.utils.training - [32mINFO[0m - Epoch [4] Batch [2000/2016] Loss: 0.0489 Acc: 75.56%
[2025-12-01 18:59:33] src.utils.training - [32mINFO[0m - Epoch [4] Training Completed in 1277s - Loss: 0.0489 Acc: 75.52%
[2025-12-01 19:00:05] src.utils.clip_level_evaluation - [32mINFO[0m - [VAL] Batch 50/435 Loss: 0.0398
[2025-12-01 19:00:36] src.utils.clip_level_evaluation - [32mINFO[0m - [VAL] Batch 100/435 Loss: 0.0312
[2025-12-01 19:01:07] src.utils.clip_level_evaluation - [32mINFO[0m - [VAL] Batch 150/435 Loss: 0.0423
[2025-12-01 19:01:38] src.utils.clip_level_evaluation - [32mINFO[0m - [VAL] Batch 200/435 Loss: 0.0433
[2025-12-01 19:02:08] src.utils.clip_level_evaluation - [32mINFO[0m - [VAL] Batch 250/435 Loss: 0.0441
[2025-12-01 19:02:39] src.utils.clip_level_evaluation - [32mINFO[0m - [VAL] Batch 300/435 Loss: 0.0436
[2025-12-01 19:03:10] src.utils.clip_level_evaluation - [32mINFO[0m - [VAL] Batch 350/435 Loss: 0.0516
[2025-12-01 19:03:41] src.utils.clip_level_evaluation - [32mINFO[0m - [VAL] Batch 400/435 Loss: 0.0617
[2025-12-01 19:04:02] src.utils.clip_level_evaluation - [32mINFO[0m - [VAL] Finished in 270s
[2025-12-01 19:04:02] src.utils.clip_level_evaluation - [32mINFO[0m - Results:
Loss: 0.0643 | Acc: 63.68% | AUC: 0.7123
   >> Anomaly: P=0.463 R=0.648 F1=0.540
   >> Normal:  P=0.786 R=0.631
   >> Counts:  TP=2966 FN=1610 (Missed) | TN=5896 FP=3445 (False Alarm)
   >> Rates:   FPR=0.3688 | FNR=0.3518
[2025-12-01 19:04:02] __main__ - [32mINFO[0m - Epoch [4] Validation Summary - Loss: 0.0643 | Acc: 63.68% | AUC: 0.7123
[2025-12-01 19:04:02] __main__ - [32mINFO[0m -   Anomaly Detection: Precision=0.463 Recall=0.648 F1=0.540
[2025-12-01 19:04:02] __main__ - [32mINFO[0m -   Confusion Matrix: TP=2966 FN=1610 TN=5896 FP=3445
[2025-12-01 19:04:02] __main__ - [32mINFO[0m -   Error Rates: FPR=0.3688 FNR=0.3518
[2025-12-01 19:04:02] src.utils.training_utils - [32mINFO[0m - No improvement for 1/5 epochs
[2025-12-01 19:04:17] src.utils.training - [32mINFO[0m - Epoch [5] Batch [20/2016] Loss: 0.0481 Acc: 73.28%
[2025-12-01 19:04:29] src.utils.training - [32mINFO[0m - Epoch [5] Batch [40/2016] Loss: 0.0468 Acc: 75.23%
[2025-12-01 19:04:42] src.utils.training - [32mINFO[0m - Epoch [5] Batch [60/2016] Loss: 0.0476 Acc: 76.20%
[2025-12-01 19:04:54] src.utils.training - [32mINFO[0m - Epoch [5] Batch [80/2016] Loss: 0.0472 Acc: 75.74%
[2025-12-01 19:05:07] src.utils.training - [32mINFO[0m - Epoch [5] Batch [100/2016] Loss: 0.0481 Acc: 76.31%
[2025-12-01 19:05:19] src.utils.training - [32mINFO[0m - Epoch [5] Batch [120/2016] Loss: 0.0472 Acc: 76.17%
[2025-12-01 19:05:32] src.utils.training - [32mINFO[0m - Epoch [5] Batch [140/2016] Loss: 0.0473 Acc: 76.63%
[2025-12-01 19:05:44] src.utils.training - [32mINFO[0m - Epoch [5] Batch [160/2016] Loss: 0.0479 Acc: 75.94%
[2025-12-01 19:05:57] src.utils.training - [32mINFO[0m - Epoch [5] Batch [180/2016] Loss: 0.0485 Acc: 75.59%
[2025-12-01 19:06:09] src.utils.training - [32mINFO[0m - Epoch [5] Batch [200/2016] Loss: 0.0490 Acc: 75.06%
[2025-12-01 19:06:22] src.utils.training - [32mINFO[0m - Epoch [5] Batch [220/2016] Loss: 0.0488 Acc: 75.14%
[2025-12-01 19:06:34] src.utils.training - [32mINFO[0m - Epoch [5] Batch [240/2016] Loss: 0.0486 Acc: 75.39%
[2025-12-01 19:06:47] src.utils.training - [32mINFO[0m - Epoch [5] Batch [260/2016] Loss: 0.0484 Acc: 75.48%
[2025-12-01 19:06:59] src.utils.training - [32mINFO[0m - Epoch [5] Batch [280/2016] Loss: 0.0484 Acc: 75.47%
[2025-12-01 19:07:12] src.utils.training - [32mINFO[0m - Epoch [5] Batch [300/2016] Loss: 0.0482 Acc: 75.72%
[2025-12-01 19:07:24] src.utils.training - [32mINFO[0m - Epoch [5] Batch [320/2016] Loss: 0.0482 Acc: 75.77%
[2025-12-01 19:07:37] src.utils.training - [32mINFO[0m - Epoch [5] Batch [340/2016] Loss: 0.0483 Acc: 75.79%
[2025-12-01 19:07:49] src.utils.training - [32mINFO[0m - Epoch [5] Batch [360/2016] Loss: 0.0483 Acc: 75.69%
[2025-12-01 19:08:02] src.utils.training - [32mINFO[0m - Epoch [5] Batch [380/2016] Loss: 0.0483 Acc: 75.77%
[2025-12-01 19:08:14] src.utils.training - [32mINFO[0m - Epoch [5] Batch [400/2016] Loss: 0.0482 Acc: 75.78%
[2025-12-01 19:08:27] src.utils.training - [32mINFO[0m - Epoch [5] Batch [420/2016] Loss: 0.0482 Acc: 75.83%
[2025-12-01 19:08:39] src.utils.training - [32mINFO[0m - Epoch [5] Batch [440/2016] Loss: 0.0483 Acc: 75.69%
[2025-12-01 19:08:52] src.utils.training - [32mINFO[0m - Epoch [5] Batch [460/2016] Loss: 0.0481 Acc: 75.75%
[2025-12-01 19:09:04] src.utils.training - [32mINFO[0m - Epoch [5] Batch [480/2016] Loss: 0.0482 Acc: 75.89%
[2025-12-01 19:09:17] src.utils.training - [32mINFO[0m - Epoch [5] Batch [500/2016] Loss: 0.0482 Acc: 75.84%
[2025-12-01 19:09:29] src.utils.training - [32mINFO[0m - Epoch [5] Batch [520/2016] Loss: 0.0484 Acc: 75.78%
[2025-12-01 19:09:42] src.utils.training - [32mINFO[0m - Epoch [5] Batch [540/2016] Loss: 0.0484 Acc: 75.69%
[2025-12-01 19:09:54] src.utils.training - [32mINFO[0m - Epoch [5] Batch [560/2016] Loss: 0.0485 Acc: 75.67%
[2025-12-01 19:10:07] src.utils.training - [32mINFO[0m - Epoch [5] Batch [580/2016] Loss: 0.0485 Acc: 75.64%
[2025-12-01 19:10:19] src.utils.training - [32mINFO[0m - Epoch [5] Batch [600/2016] Loss: 0.0484 Acc: 75.69%
[2025-12-01 19:10:32] src.utils.training - [32mINFO[0m - Epoch [5] Batch [620/2016] Loss: 0.0485 Acc: 75.67%
[2025-12-01 19:10:44] src.utils.training - [32mINFO[0m - Epoch [5] Batch [640/2016] Loss: 0.0485 Acc: 75.58%
[2025-12-01 19:10:57] src.utils.training - [32mINFO[0m - Epoch [5] Batch [660/2016] Loss: 0.0485 Acc: 75.60%
[2025-12-01 19:11:10] src.utils.training - [32mINFO[0m - Epoch [5] Batch [680/2016] Loss: 0.0485 Acc: 75.61%
[2025-12-01 19:11:23] src.utils.training - [32mINFO[0m - Epoch [5] Batch [700/2016] Loss: 0.0485 Acc: 75.61%
[2025-12-01 19:11:35] src.utils.training - [32mINFO[0m - Epoch [5] Batch [720/2016] Loss: 0.0485 Acc: 75.56%
[2025-12-01 19:11:48] src.utils.training - [32mINFO[0m - Epoch [5] Batch [740/2016] Loss: 0.0486 Acc: 75.58%
[2025-12-01 19:12:00] src.utils.training - [32mINFO[0m - Epoch [5] Batch [760/2016] Loss: 0.0486 Acc: 75.51%
[2025-12-01 19:12:13] src.utils.training - [32mINFO[0m - Epoch [5] Batch [780/2016] Loss: 0.0486 Acc: 75.52%
[2025-12-01 19:12:25] src.utils.training - [32mINFO[0m - Epoch [5] Batch [800/2016] Loss: 0.0487 Acc: 75.50%
[2025-12-01 19:12:38] src.utils.training - [32mINFO[0m - Epoch [5] Batch [820/2016] Loss: 0.0487 Acc: 75.52%
[2025-12-01 19:12:50] src.utils.training - [32mINFO[0m - Epoch [5] Batch [840/2016] Loss: 0.0487 Acc: 75.53%
[2025-12-01 19:13:03] src.utils.training - [32mINFO[0m - Epoch [5] Batch [860/2016] Loss: 0.0488 Acc: 75.44%
[2025-12-01 19:13:15] src.utils.training - [32mINFO[0m - Epoch [5] Batch [880/2016] Loss: 0.0488 Acc: 75.36%
[2025-12-01 19:13:28] src.utils.training - [32mINFO[0m - Epoch [5] Batch [900/2016] Loss: 0.0488 Acc: 75.39%
[2025-12-01 19:13:40] src.utils.training - [32mINFO[0m - Epoch [5] Batch [920/2016] Loss: 0.0487 Acc: 75.50%
[2025-12-01 19:13:53] src.utils.training - [32mINFO[0m - Epoch [5] Batch [940/2016] Loss: 0.0488 Acc: 75.42%
[2025-12-01 19:14:05] src.utils.training - [32mINFO[0m - Epoch [5] Batch [960/2016] Loss: 0.0487 Acc: 75.43%
[2025-12-01 19:14:18] src.utils.training - [32mINFO[0m - Epoch [5] Batch [980/2016] Loss: 0.0487 Acc: 75.48%
[2025-12-01 19:14:30] src.utils.training - [32mINFO[0m - Epoch [5] Batch [1000/2016] Loss: 0.0487 Acc: 75.53%
[2025-12-01 19:14:43] src.utils.training - [32mINFO[0m - Epoch [5] Batch [1020/2016] Loss: 0.0487 Acc: 75.53%
[2025-12-01 19:14:55] src.utils.training - [32mINFO[0m - Epoch [5] Batch [1040/2016] Loss: 0.0487 Acc: 75.56%
[2025-12-01 19:15:08] src.utils.training - [32mINFO[0m - Epoch [5] Batch [1060/2016] Loss: 0.0488 Acc: 75.47%
[2025-12-01 19:15:21] src.utils.training - [32mINFO[0m - Epoch [5] Batch [1080/2016] Loss: 0.0488 Acc: 75.46%
[2025-12-01 19:15:33] src.utils.training - [32mINFO[0m - Epoch [5] Batch [1100/2016] Loss: 0.0487 Acc: 75.46%
[2025-12-01 19:15:46] src.utils.training - [32mINFO[0m - Epoch [5] Batch [1120/2016] Loss: 0.0487 Acc: 75.44%
[2025-12-01 19:15:58] src.utils.training - [32mINFO[0m - Epoch [5] Batch [1140/2016] Loss: 0.0487 Acc: 75.46%
[2025-12-01 19:16:11] src.utils.training - [32mINFO[0m - Epoch [5] Batch [1160/2016] Loss: 0.0487 Acc: 75.42%
[2025-12-01 19:16:23] src.utils.training - [32mINFO[0m - Epoch [5] Batch [1180/2016] Loss: 0.0488 Acc: 75.34%
[2025-12-01 19:16:36] src.utils.training - [32mINFO[0m - Epoch [5] Batch [1200/2016] Loss: 0.0488 Acc: 75.38%
[2025-12-01 19:16:48] src.utils.training - [32mINFO[0m - Epoch [5] Batch [1220/2016] Loss: 0.0488 Acc: 75.38%
[2025-12-01 19:17:01] src.utils.training - [32mINFO[0m - Epoch [5] Batch [1240/2016] Loss: 0.0488 Acc: 75.34%
[2025-12-01 19:17:14] src.utils.training - [32mINFO[0m - Epoch [5] Batch [1260/2016] Loss: 0.0488 Acc: 75.33%
[2025-12-01 19:17:26] src.utils.training - [32mINFO[0m - Epoch [5] Batch [1280/2016] Loss: 0.0488 Acc: 75.33%
[2025-12-01 19:17:39] src.utils.training - [32mINFO[0m - Epoch [5] Batch [1300/2016] Loss: 0.0488 Acc: 75.31%
[2025-12-01 19:17:51] src.utils.training - [32mINFO[0m - Epoch [5] Batch [1320/2016] Loss: 0.0488 Acc: 75.33%
[2025-12-01 19:18:04] src.utils.training - [32mINFO[0m - Epoch [5] Batch [1340/2016] Loss: 0.0487 Acc: 75.39%
[2025-12-01 19:18:16] src.utils.training - [32mINFO[0m - Epoch [5] Batch [1360/2016] Loss: 0.0487 Acc: 75.44%
[2025-12-01 19:18:29] src.utils.training - [32mINFO[0m - Epoch [5] Batch [1380/2016] Loss: 0.0487 Acc: 75.49%
[2025-12-01 19:18:41] src.utils.training - [32mINFO[0m - Epoch [5] Batch [1400/2016] Loss: 0.0487 Acc: 75.46%
[2025-12-01 19:18:54] src.utils.training - [32mINFO[0m - Epoch [5] Batch [1420/2016] Loss: 0.0487 Acc: 75.48%
[2025-12-01 19:19:07] src.utils.training - [32mINFO[0m - Epoch [5] Batch [1440/2016] Loss: 0.0487 Acc: 75.43%
[2025-12-01 19:19:19] src.utils.training - [32mINFO[0m - Epoch [5] Batch [1460/2016] Loss: 0.0487 Acc: 75.47%
[2025-12-01 19:19:32] src.utils.training - [32mINFO[0m - Epoch [5] Batch [1480/2016] Loss: 0.0487 Acc: 75.48%
[2025-12-01 19:19:44] src.utils.training - [32mINFO[0m - Epoch [5] Batch [1500/2016] Loss: 0.0487 Acc: 75.52%
[2025-12-01 19:19:57] src.utils.training - [32mINFO[0m - Epoch [5] Batch [1520/2016] Loss: 0.0487 Acc: 75.51%
[2025-12-01 19:20:09] src.utils.training - [32mINFO[0m - Epoch [5] Batch [1540/2016] Loss: 0.0487 Acc: 75.48%
[2025-12-01 19:20:22] src.utils.training - [32mINFO[0m - Epoch [5] Batch [1560/2016] Loss: 0.0487 Acc: 75.48%
[2025-12-01 19:20:34] src.utils.training - [32mINFO[0m - Epoch [5] Batch [1580/2016] Loss: 0.0486 Acc: 75.52%
[2025-12-01 19:20:47] src.utils.training - [32mINFO[0m - Epoch [5] Batch [1600/2016] Loss: 0.0487 Acc: 75.46%
[2025-12-01 19:20:59] src.utils.training - [32mINFO[0m - Epoch [5] Batch [1620/2016] Loss: 0.0487 Acc: 75.45%
[2025-12-01 19:21:12] src.utils.training - [32mINFO[0m - Epoch [5] Batch [1640/2016] Loss: 0.0487 Acc: 75.43%
[2025-12-01 19:21:25] src.utils.training - [32mINFO[0m - Epoch [5] Batch [1660/2016] Loss: 0.0487 Acc: 75.41%
[2025-12-01 19:21:38] src.utils.training - [32mINFO[0m - Epoch [5] Batch [1680/2016] Loss: 0.0487 Acc: 75.40%
[2025-12-01 19:21:50] src.utils.training - [32mINFO[0m - Epoch [5] Batch [1700/2016] Loss: 0.0488 Acc: 75.41%
[2025-12-01 19:22:04] src.utils.training - [32mINFO[0m - Epoch [5] Batch [1720/2016] Loss: 0.0488 Acc: 75.39%
[2025-12-01 19:22:16] src.utils.training - [32mINFO[0m - Epoch [5] Batch [1740/2016] Loss: 0.0487 Acc: 75.40%
[2025-12-01 19:22:29] src.utils.training - [32mINFO[0m - Epoch [5] Batch [1760/2016] Loss: 0.0488 Acc: 75.37%
[2025-12-01 19:22:41] src.utils.training - [32mINFO[0m - Epoch [5] Batch [1780/2016] Loss: 0.0487 Acc: 75.36%
[2025-12-01 19:22:54] src.utils.training - [32mINFO[0m - Epoch [5] Batch [1800/2016] Loss: 0.0487 Acc: 75.37%
[2025-12-01 19:23:06] src.utils.training - [32mINFO[0m - Epoch [5] Batch [1820/2016] Loss: 0.0488 Acc: 75.37%
[2025-12-01 19:23:19] src.utils.training - [32mINFO[0m - Epoch [5] Batch [1840/2016] Loss: 0.0487 Acc: 75.39%
[2025-12-01 19:23:31] src.utils.training - [32mINFO[0m - Epoch [5] Batch [1860/2016] Loss: 0.0487 Acc: 75.37%
[2025-12-01 19:23:44] src.utils.training - [32mINFO[0m - Epoch [5] Batch [1880/2016] Loss: 0.0487 Acc: 75.37%
[2025-12-01 19:23:56] src.utils.training - [32mINFO[0m - Epoch [5] Batch [1900/2016] Loss: 0.0487 Acc: 75.37%
[2025-12-01 19:24:09] src.utils.training - [32mINFO[0m - Epoch [5] Batch [1920/2016] Loss: 0.0487 Acc: 75.37%
[2025-12-01 19:24:21] src.utils.training - [32mINFO[0m - Epoch [5] Batch [1940/2016] Loss: 0.0487 Acc: 75.40%
[2025-12-01 19:24:34] src.utils.training - [32mINFO[0m - Epoch [5] Batch [1960/2016] Loss: 0.0487 Acc: 75.41%
[2025-12-01 19:24:47] src.utils.training - [32mINFO[0m - Epoch [5] Batch [1980/2016] Loss: 0.0487 Acc: 75.39%
[2025-12-01 19:25:00] src.utils.training - [32mINFO[0m - Epoch [5] Batch [2000/2016] Loss: 0.0487 Acc: 75.38%
[2025-12-01 19:25:10] src.utils.training - [32mINFO[0m - Epoch [5] Training Completed in 1268s - Loss: 0.0487 Acc: 75.39%
[2025-12-01 19:25:42] src.utils.clip_level_evaluation - [32mINFO[0m - [VAL] Batch 50/435 Loss: 0.0291
[2025-12-01 19:26:13] src.utils.clip_level_evaluation - [32mINFO[0m - [VAL] Batch 100/435 Loss: 0.0228
[2025-12-01 19:26:44] src.utils.clip_level_evaluation - [32mINFO[0m - [VAL] Batch 150/435 Loss: 0.0314
[2025-12-01 19:27:15] src.utils.clip_level_evaluation - [32mINFO[0m - [VAL] Batch 200/435 Loss: 0.0317
[2025-12-01 19:27:49] src.utils.clip_level_evaluation - [32mINFO[0m - [VAL] Batch 250/435 Loss: 0.0323
[2025-12-01 19:28:19] src.utils.clip_level_evaluation - [32mINFO[0m - [VAL] Batch 300/435 Loss: 0.0332
[2025-12-01 19:28:50] src.utils.clip_level_evaluation - [32mINFO[0m - [VAL] Batch 350/435 Loss: 0.0487
[2025-12-01 19:29:21] src.utils.clip_level_evaluation - [32mINFO[0m - [VAL] Batch 400/435 Loss: 0.0650
[2025-12-01 19:29:42] src.utils.clip_level_evaluation - [32mINFO[0m - [VAL] Finished in 273s
[2025-12-01 19:29:42] src.utils.clip_level_evaluation - [32mINFO[0m - Results:
Loss: 0.0704 | Acc: 68.22% | AUC: 0.6990
   >> Anomaly: P=0.518 R=0.477 F1=0.497
   >> Normal:  P=0.753 R=0.783
   >> Counts:  TP=2181 FN=2395 (Missed) | TN=7313 FP=2028 (False Alarm)
   >> Rates:   FPR=0.2171 | FNR=0.5234
[2025-12-01 19:29:42] __main__ - [32mINFO[0m - Epoch [5] Validation Summary - Loss: 0.0704 | Acc: 68.22% | AUC: 0.6990
[2025-12-01 19:29:42] __main__ - [32mINFO[0m -   Anomaly Detection: Precision=0.518 Recall=0.477 F1=0.497
[2025-12-01 19:29:42] __main__ - [32mINFO[0m -   Confusion Matrix: TP=2181 FN=2395 TN=7313 FP=2028
[2025-12-01 19:29:42] __main__ - [32mINFO[0m -   Error Rates: FPR=0.2171 FNR=0.5234
[2025-12-01 19:29:43] src.utils.training_utils - [32mINFO[0m - No improvement for 2/5 epochs
[2025-12-01 19:29:57] src.utils.training - [32mINFO[0m - Epoch [6] Batch [20/2016] Loss: 0.0456 Acc: 77.34%
[2025-12-01 19:30:09] src.utils.training - [32mINFO[0m - Epoch [6] Batch [40/2016] Loss: 0.0469 Acc: 76.56%
[2025-12-01 19:30:22] src.utils.training - [32mINFO[0m - Epoch [6] Batch [60/2016] Loss: 0.0478 Acc: 76.15%
[2025-12-01 19:30:34] src.utils.training - [32mINFO[0m - Epoch [6] Batch [80/2016] Loss: 0.0482 Acc: 75.62%
[2025-12-01 19:30:47] src.utils.training - [32mINFO[0m - Epoch [6] Batch [100/2016] Loss: 0.0485 Acc: 75.31%
[2025-12-01 19:30:59] src.utils.training - [32mINFO[0m - Epoch [6] Batch [120/2016] Loss: 0.0482 Acc: 75.81%
[2025-12-01 19:31:12] src.utils.training - [32mINFO[0m - Epoch [6] Batch [140/2016] Loss: 0.0488 Acc: 74.71%
[2025-12-01 19:31:24] src.utils.training - [32mINFO[0m - Epoch [6] Batch [160/2016] Loss: 0.0494 Acc: 74.88%
[2025-12-01 19:31:37] src.utils.training - [32mINFO[0m - Epoch [6] Batch [180/2016] Loss: 0.0491 Acc: 74.84%
[2025-12-01 19:31:50] src.utils.training - [32mINFO[0m - Epoch [6] Batch [200/2016] Loss: 0.0491 Acc: 75.12%
[2025-12-01 19:32:02] src.utils.training - [32mINFO[0m - Epoch [6] Batch [220/2016] Loss: 0.0492 Acc: 74.97%
[2025-12-01 19:32:15] src.utils.training - [32mINFO[0m - Epoch [6] Batch [240/2016] Loss: 0.0494 Acc: 74.91%
[2025-12-01 19:32:27] src.utils.training - [32mINFO[0m - Epoch [6] Batch [260/2016] Loss: 0.0493 Acc: 74.83%
[2025-12-01 19:32:40] src.utils.training - [32mINFO[0m - Epoch [6] Batch [280/2016] Loss: 0.0493 Acc: 74.90%
[2025-12-01 19:32:52] src.utils.training - [32mINFO[0m - Epoch [6] Batch [300/2016] Loss: 0.0494 Acc: 74.88%
[2025-12-01 19:33:05] src.utils.training - [32mINFO[0m - Epoch [6] Batch [320/2016] Loss: 0.0495 Acc: 74.93%
[2025-12-01 19:33:17] src.utils.training - [32mINFO[0m - Epoch [6] Batch [340/2016] Loss: 0.0494 Acc: 74.95%
[2025-12-01 19:33:30] src.utils.training - [32mINFO[0m - Epoch [6] Batch [360/2016] Loss: 0.0494 Acc: 75.05%
[2025-12-01 19:33:43] src.utils.training - [32mINFO[0m - Epoch [6] Batch [380/2016] Loss: 0.0495 Acc: 74.92%
[2025-12-01 19:33:55] src.utils.training - [32mINFO[0m - Epoch [6] Batch [400/2016] Loss: 0.0496 Acc: 74.79%
[2025-12-01 19:34:08] src.utils.training - [32mINFO[0m - Epoch [6] Batch [420/2016] Loss: 0.0496 Acc: 74.91%
[2025-12-01 19:34:20] src.utils.training - [32mINFO[0m - Epoch [6] Batch [440/2016] Loss: 0.0495 Acc: 74.92%
[2025-12-01 19:34:33] src.utils.training - [32mINFO[0m - Epoch [6] Batch [460/2016] Loss: 0.0493 Acc: 75.07%
[2025-12-01 19:34:45] src.utils.training - [32mINFO[0m - Epoch [6] Batch [480/2016] Loss: 0.0491 Acc: 75.27%
[2025-12-01 19:34:58] src.utils.training - [32mINFO[0m - Epoch [6] Batch [500/2016] Loss: 0.0490 Acc: 75.28%
[2025-12-01 19:35:10] src.utils.training - [32mINFO[0m - Epoch [6] Batch [520/2016] Loss: 0.0488 Acc: 75.38%
[2025-12-01 19:35:23] src.utils.training - [32mINFO[0m - Epoch [6] Batch [540/2016] Loss: 0.0488 Acc: 75.49%
[2025-12-01 19:35:35] src.utils.training - [32mINFO[0m - Epoch [6] Batch [560/2016] Loss: 0.0487 Acc: 75.50%
[2025-12-01 19:35:48] src.utils.training - [32mINFO[0m - Epoch [6] Batch [580/2016] Loss: 0.0488 Acc: 75.55%
[2025-12-01 19:36:00] src.utils.training - [32mINFO[0m - Epoch [6] Batch [600/2016] Loss: 0.0488 Acc: 75.44%
[2025-12-01 19:36:13] src.utils.training - [32mINFO[0m - Epoch [6] Batch [620/2016] Loss: 0.0488 Acc: 75.41%
[2025-12-01 19:36:25] src.utils.training - [32mINFO[0m - Epoch [6] Batch [640/2016] Loss: 0.0488 Acc: 75.54%
[2025-12-01 19:36:38] src.utils.training - [32mINFO[0m - Epoch [6] Batch [660/2016] Loss: 0.0487 Acc: 75.55%
[2025-12-01 19:36:50] src.utils.training - [32mINFO[0m - Epoch [6] Batch [680/2016] Loss: 0.0487 Acc: 75.62%
[2025-12-01 19:37:03] src.utils.training - [32mINFO[0m - Epoch [6] Batch [700/2016] Loss: 0.0486 Acc: 75.69%
[2025-12-01 19:37:15] src.utils.training - [32mINFO[0m - Epoch [6] Batch [720/2016] Loss: 0.0486 Acc: 75.72%
[2025-12-01 19:37:28] src.utils.training - [32mINFO[0m - Epoch [6] Batch [740/2016] Loss: 0.0487 Acc: 75.57%
[2025-12-01 19:37:40] src.utils.training - [32mINFO[0m - Epoch [6] Batch [760/2016] Loss: 0.0487 Acc: 75.56%
[2025-12-01 19:37:53] src.utils.training - [32mINFO[0m - Epoch [6] Batch [780/2016] Loss: 0.0488 Acc: 75.54%
[2025-12-01 19:38:06] src.utils.training - [32mINFO[0m - Epoch [6] Batch [800/2016] Loss: 0.0488 Acc: 75.51%
[2025-12-01 19:38:18] src.utils.training - [32mINFO[0m - Epoch [6] Batch [820/2016] Loss: 0.0488 Acc: 75.55%
[2025-12-01 19:38:31] src.utils.training - [32mINFO[0m - Epoch [6] Batch [840/2016] Loss: 0.0487 Acc: 75.61%
[2025-12-01 19:38:44] src.utils.training - [32mINFO[0m - Epoch [6] Batch [860/2016] Loss: 0.0487 Acc: 75.62%
[2025-12-01 19:38:56] src.utils.training - [32mINFO[0m - Epoch [6] Batch [880/2016] Loss: 0.0487 Acc: 75.57%
[2025-12-01 19:39:09] src.utils.training - [32mINFO[0m - Epoch [6] Batch [900/2016] Loss: 0.0488 Acc: 75.51%
[2025-12-01 19:39:21] src.utils.training - [32mINFO[0m - Epoch [6] Batch [920/2016] Loss: 0.0488 Acc: 75.50%
[2025-12-01 19:39:34] src.utils.training - [32mINFO[0m - Epoch [6] Batch [940/2016] Loss: 0.0488 Acc: 75.46%
[2025-12-01 19:39:46] src.utils.training - [32mINFO[0m - Epoch [6] Batch [960/2016] Loss: 0.0488 Acc: 75.52%
[2025-12-01 19:39:59] src.utils.training - [32mINFO[0m - Epoch [6] Batch [980/2016] Loss: 0.0488 Acc: 75.48%
[2025-12-01 19:40:11] src.utils.training - [32mINFO[0m - Epoch [6] Batch [1000/2016] Loss: 0.0488 Acc: 75.51%
[2025-12-01 19:40:24] src.utils.training - [32mINFO[0m - Epoch [6] Batch [1020/2016] Loss: 0.0488 Acc: 75.49%
[2025-12-01 19:40:36] src.utils.training - [32mINFO[0m - Epoch [6] Batch [1040/2016] Loss: 0.0489 Acc: 75.39%
[2025-12-01 19:40:49] src.utils.training - [32mINFO[0m - Epoch [6] Batch [1060/2016] Loss: 0.0488 Acc: 75.39%
[2025-12-01 19:41:02] src.utils.training - [32mINFO[0m - Epoch [6] Batch [1080/2016] Loss: 0.0488 Acc: 75.45%
[2025-12-01 19:41:14] src.utils.training - [32mINFO[0m - Epoch [6] Batch [1100/2016] Loss: 0.0488 Acc: 75.40%
[2025-12-01 19:41:27] src.utils.training - [32mINFO[0m - Epoch [6] Batch [1120/2016] Loss: 0.0488 Acc: 75.45%
[2025-12-01 19:41:39] src.utils.training - [32mINFO[0m - Epoch [6] Batch [1140/2016] Loss: 0.0488 Acc: 75.45%
[2025-12-01 19:41:52] src.utils.training - [32mINFO[0m - Epoch [6] Batch [1160/2016] Loss: 0.0487 Acc: 75.50%
[2025-12-01 19:42:04] src.utils.training - [32mINFO[0m - Epoch [6] Batch [1180/2016] Loss: 0.0487 Acc: 75.53%
[2025-12-01 19:42:17] src.utils.training - [32mINFO[0m - Epoch [6] Batch [1200/2016] Loss: 0.0487 Acc: 75.55%
[2025-12-01 19:42:29] src.utils.training - [32mINFO[0m - Epoch [6] Batch [1220/2016] Loss: 0.0487 Acc: 75.57%
[2025-12-01 19:42:42] src.utils.training - [32mINFO[0m - Epoch [6] Batch [1240/2016] Loss: 0.0486 Acc: 75.61%
[2025-12-01 19:42:54] src.utils.training - [32mINFO[0m - Epoch [6] Batch [1260/2016] Loss: 0.0486 Acc: 75.62%
[2025-12-01 19:43:07] src.utils.training - [32mINFO[0m - Epoch [6] Batch [1280/2016] Loss: 0.0486 Acc: 75.63%
[2025-12-01 19:43:20] src.utils.training - [32mINFO[0m - Epoch [6] Batch [1300/2016] Loss: 0.0486 Acc: 75.65%
[2025-12-01 19:43:33] src.utils.training - [32mINFO[0m - Epoch [6] Batch [1320/2016] Loss: 0.0486 Acc: 75.63%
[2025-12-01 19:43:45] src.utils.training - [32mINFO[0m - Epoch [6] Batch [1340/2016] Loss: 0.0487 Acc: 75.57%
[2025-12-01 19:43:58] src.utils.training - [32mINFO[0m - Epoch [6] Batch [1360/2016] Loss: 0.0486 Acc: 75.57%
[2025-12-01 19:44:10] src.utils.training - [32mINFO[0m - Epoch [6] Batch [1380/2016] Loss: 0.0487 Acc: 75.59%
[2025-12-01 19:44:23] src.utils.training - [32mINFO[0m - Epoch [6] Batch [1400/2016] Loss: 0.0487 Acc: 75.55%
[2025-12-01 19:44:35] src.utils.training - [32mINFO[0m - Epoch [6] Batch [1420/2016] Loss: 0.0487 Acc: 75.54%
[2025-12-01 19:44:48] src.utils.training - [32mINFO[0m - Epoch [6] Batch [1440/2016] Loss: 0.0487 Acc: 75.57%
[2025-12-01 19:45:00] src.utils.training - [32mINFO[0m - Epoch [6] Batch [1460/2016] Loss: 0.0487 Acc: 75.56%
[2025-12-01 19:45:13] src.utils.training - [32mINFO[0m - Epoch [6] Batch [1480/2016] Loss: 0.0487 Acc: 75.53%
[2025-12-01 19:45:25] src.utils.training - [32mINFO[0m - Epoch [6] Batch [1500/2016] Loss: 0.0487 Acc: 75.55%
[2025-12-01 19:45:38] src.utils.training - [32mINFO[0m - Epoch [6] Batch [1520/2016] Loss: 0.0487 Acc: 75.57%
[2025-12-01 19:45:50] src.utils.training - [32mINFO[0m - Epoch [6] Batch [1540/2016] Loss: 0.0488 Acc: 75.52%
[2025-12-01 19:46:03] src.utils.training - [32mINFO[0m - Epoch [6] Batch [1560/2016] Loss: 0.0488 Acc: 75.47%
[2025-12-01 19:46:15] src.utils.training - [32mINFO[0m - Epoch [6] Batch [1580/2016] Loss: 0.0487 Acc: 75.50%
[2025-12-01 19:46:28] src.utils.training - [32mINFO[0m - Epoch [6] Batch [1600/2016] Loss: 0.0487 Acc: 75.51%
[2025-12-01 19:46:40] src.utils.training - [32mINFO[0m - Epoch [6] Batch [1620/2016] Loss: 0.0487 Acc: 75.52%
[2025-12-01 19:46:53] src.utils.training - [32mINFO[0m - Epoch [6] Batch [1640/2016] Loss: 0.0488 Acc: 75.49%
[2025-12-01 19:47:07] src.utils.training - [32mINFO[0m - Epoch [6] Batch [1660/2016] Loss: 0.0488 Acc: 75.47%
[2025-12-01 19:47:20] src.utils.training - [32mINFO[0m - Epoch [6] Batch [1680/2016] Loss: 0.0488 Acc: 75.47%
[2025-12-01 19:47:32] src.utils.training - [32mINFO[0m - Epoch [6] Batch [1700/2016] Loss: 0.0488 Acc: 75.45%
[2025-12-01 19:47:45] src.utils.training - [32mINFO[0m - Epoch [6] Batch [1720/2016] Loss: 0.0488 Acc: 75.51%
[2025-12-01 19:47:57] src.utils.training - [32mINFO[0m - Epoch [6] Batch [1740/2016] Loss: 0.0487 Acc: 75.52%
[2025-12-01 19:48:10] src.utils.training - [32mINFO[0m - Epoch [6] Batch [1760/2016] Loss: 0.0487 Acc: 75.58%
[2025-12-01 19:48:22] src.utils.training - [32mINFO[0m - Epoch [6] Batch [1780/2016] Loss: 0.0487 Acc: 75.56%
[2025-12-01 19:48:35] src.utils.training - [32mINFO[0m - Epoch [6] Batch [1800/2016] Loss: 0.0487 Acc: 75.58%
[2025-12-01 19:48:47] src.utils.training - [32mINFO[0m - Epoch [6] Batch [1820/2016] Loss: 0.0487 Acc: 75.56%
[2025-12-01 19:49:00] src.utils.training - [32mINFO[0m - Epoch [6] Batch [1840/2016] Loss: 0.0487 Acc: 75.56%
[2025-12-01 19:49:12] src.utils.training - [32mINFO[0m - Epoch [6] Batch [1860/2016] Loss: 0.0487 Acc: 75.56%
[2025-12-01 19:49:25] src.utils.training - [32mINFO[0m - Epoch [6] Batch [1880/2016] Loss: 0.0487 Acc: 75.53%
[2025-12-01 19:49:37] src.utils.training - [32mINFO[0m - Epoch [6] Batch [1900/2016] Loss: 0.0487 Acc: 75.52%
[2025-12-01 19:49:50] src.utils.training - [32mINFO[0m - Epoch [6] Batch [1920/2016] Loss: 0.0487 Acc: 75.56%
[2025-12-01 19:50:02] src.utils.training - [32mINFO[0m - Epoch [6] Batch [1940/2016] Loss: 0.0487 Acc: 75.53%
[2025-12-01 19:50:15] src.utils.training - [32mINFO[0m - Epoch [6] Batch [1960/2016] Loss: 0.0487 Acc: 75.49%
[2025-12-01 19:50:27] src.utils.training - [32mINFO[0m - Epoch [6] Batch [1980/2016] Loss: 0.0487 Acc: 75.52%
[2025-12-01 19:50:40] src.utils.training - [32mINFO[0m - Epoch [6] Batch [2000/2016] Loss: 0.0487 Acc: 75.53%
[2025-12-01 19:50:50] src.utils.training - [32mINFO[0m - Epoch [6] Training Completed in 1267s - Loss: 0.0487 Acc: 75.51%
[2025-12-01 19:51:22] src.utils.clip_level_evaluation - [32mINFO[0m - [VAL] Batch 50/435 Loss: 0.0401
[2025-12-01 19:51:53] src.utils.clip_level_evaluation - [32mINFO[0m - [VAL] Batch 100/435 Loss: 0.0316
[2025-12-01 19:52:24] src.utils.clip_level_evaluation - [32mINFO[0m - [VAL] Batch 150/435 Loss: 0.0433
[2025-12-01 19:52:55] src.utils.clip_level_evaluation - [32mINFO[0m - [VAL] Batch 200/435 Loss: 0.0434
[2025-12-01 19:53:25] src.utils.clip_level_evaluation - [32mINFO[0m - [VAL] Batch 250/435 Loss: 0.0445
[2025-12-01 19:53:56] src.utils.clip_level_evaluation - [32mINFO[0m - [VAL] Batch 300/435 Loss: 0.0437
[2025-12-01 19:54:27] src.utils.clip_level_evaluation - [32mINFO[0m - [VAL] Batch 350/435 Loss: 0.0528
[2025-12-01 19:54:57] src.utils.clip_level_evaluation - [32mINFO[0m - [VAL] Batch 400/435 Loss: 0.0633
[2025-12-01 19:55:19] src.utils.clip_level_evaluation - [32mINFO[0m - [VAL] Finished in 269s
[2025-12-01 19:55:19] src.utils.clip_level_evaluation - [32mINFO[0m - Results:
Loss: 0.0660 | Acc: 62.94% | AUC: 0.6964
   >> Anomaly: P=0.455 R=0.638 F1=0.531
   >> Normal:  P=0.779 R=0.625
   >> Counts:  TP=2921 FN=1655 (Missed) | TN=5839 FP=3502 (False Alarm)
   >> Rates:   FPR=0.3749 | FNR=0.3617

------------------------------------------------------------
Sender: LSF System <lsfadmin@hpc.dtu.dk>
Subject: Job 27240318: <train_r3d> in cluster <dcc> Exited

Job <train_r3d> was submitted from host <hpclogin1> by user <s225224> in cluster <dcc> at Mon Dec  1 17:20:37 2025
Job was executed on host(s) <4*n-62-18-13>, in queue <c02516>, as user <s225224> in cluster <dcc> at Mon Dec  1 17:20:38 2025
</zhome/77/2/187952> was used as the home directory.
</zhome/77/2/187952/projects/perimiter-net/jobs> was used as the working directory.
Started at Mon Dec  1 17:20:38 2025
Terminated at Mon Dec  1 19:55:21 2025
Results reported at Mon Dec  1 19:55:21 2025

Your job looked like:

------------------------------------------------------------
# LSBATCH: User input
#!/bin/sh
#BSUB -q c02516
#BSUB -gpu "num=1:mode=exclusive_process"
#BSUB -J train_r3d
#BSUB -n 4
#BSUB -R "span[hosts=1]"
#BSUB -R "rusage[mem=20GB]"
#BSUB -W 12:00
#BSUB -o outputs/output_r3d_%J.out
#BSUB -e outputs/output_r3d_%J.err

mkdir -p outputs

cd ~/projects/perimiter-net
uv sync

uv run python scripts/training/train_r3d.py
------------------------------------------------------------

Exited with exit code 1.

Resource usage summary:

    CPU time :                                   19757.96 sec.
    Max Memory :                                 2479 MB
    Average Memory :                             2150.87 MB
    Total Requested Memory :                     81920.00 MB
    Delta Memory :                               79441.00 MB
    Max Swap :                                   -
    Max Processes :                              9
    Max Threads :                                27
    Run time :                                   9370 sec.
    Turnaround time :                            9284 sec.

The output (if any) is above this job summary.



PS:

Read file <outputs/output_r3d_27240318.err> for stderr output of this job.

