[2025-12-01 18:12:19] __main__ - [32mINFO[0m - Starting training run: r3d_binary_20251201_181219
[2025-12-01 18:12:19] __main__ - [32mINFO[0m - Checkpoints will be saved to: /work3/s225224/ucf-crime/checkpoints/r3d_binary_20251201_181219
[2025-12-01 18:12:19] src.utils.training_utils - [32mINFO[0m - Created training history CSV at /work3/s225224/ucf-crime/checkpoints/r3d_binary_20251201_181219/training_history.csv
[2025-12-01 18:12:19] __main__ - [32mINFO[0m - Setting up datasets and dataloaders...
Loading cached dataset index from /work3/s225224/ucf-crime/data/ucf_index_train_len16_stride16_modebinary_rat0.2.pkl...
Loading cached dataset index from /work3/s225224/ucf-crime/data/ucf_index_val_len16_stride16_modebinary_rat0.2.pkl...
[2025-12-01 18:12:19] __main__ - [32mINFO[0m - Train samples: 64489, Val samples: 13917
[2025-12-01 18:12:19] __main__ - [32mINFO[0m - Instantiating model...
[2025-12-01 18:12:22] src.utils.training_utils - [32mINFO[0m - Early stopping initialized with patience=5, mode=max
[2025-12-01 18:12:22] __main__ - [32mINFO[0m - Training on device: cuda
[2025-12-01 18:12:22] __main__ - [32mINFO[0m - GPU Name: NVIDIA A100-PCIE-40GB
[2025-12-01 18:12:22] __main__ - [32mINFO[0m - GPU Memory: 42.41 GB
[2025-12-01 18:12:22] __main__ - [32mINFO[0m - Number of GPUs: 1
[2025-12-01 18:12:22] __main__ - [32mINFO[0m - CUDA Version: 12.8
[2025-12-01 18:12:22] __main__ - [32mINFO[0m - cuDNN Version: 91002
[2025-12-01 18:12:22] __main__ - [32mINFO[0m - PyTorch Version: 2.9.0+cu128
[2025-12-01 18:12:22] __main__ - [32mINFO[0m - Starting training loop...
[2025-12-01 18:12:42] src.utils.training - [32mINFO[0m - Epoch [1] Batch [10/504] Loss: 0.1116 Acc: 45.70%
[2025-12-01 18:12:54] src.utils.training - [32mINFO[0m - Epoch [1] Batch [20/504] Loss: 0.1085 Acc: 50.62%
[2025-12-01 18:13:08] src.utils.training - [32mINFO[0m - Epoch [1] Batch [30/504] Loss: 0.1066 Acc: 52.21%
[2025-12-01 18:13:22] src.utils.training - [32mINFO[0m - Epoch [1] Batch [40/504] Loss: 0.1045 Acc: 53.30%
[2025-12-01 18:13:34] src.utils.training - [32mINFO[0m - Epoch [1] Batch [50/504] Loss: 0.1023 Acc: 53.45%
[2025-12-01 18:13:53] src.utils.training - [32mINFO[0m - Epoch [1] Batch [60/504] Loss: 0.1017 Acc: 53.46%
[2025-12-01 18:14:03] src.utils.training - [32mINFO[0m - Epoch [1] Batch [70/504] Loss: 0.1020 Acc: 53.56%
[2025-12-01 18:14:24] src.utils.training - [32mINFO[0m - Epoch [1] Batch [80/504] Loss: 0.1012 Acc: 53.58%
[2025-12-01 18:14:35] src.utils.training - [32mINFO[0m - Epoch [1] Batch [90/504] Loss: 0.1006 Acc: 53.54%
[2025-12-01 18:14:50] src.utils.training - [32mINFO[0m - Epoch [1] Batch [100/504] Loss: 0.0991 Acc: 53.78%
[2025-12-01 18:15:01] src.utils.training - [32mINFO[0m - Epoch [1] Batch [110/504] Loss: 0.0981 Acc: 54.16%
[2025-12-01 18:15:15] src.utils.training - [32mINFO[0m - Epoch [1] Batch [120/504] Loss: 0.0971 Acc: 54.56%
[2025-12-01 18:15:30] src.utils.training - [32mINFO[0m - Epoch [1] Batch [130/504] Loss: 0.0961 Acc: 54.98%
[2025-12-01 18:15:41] src.utils.training - [32mINFO[0m - Epoch [1] Batch [140/504] Loss: 0.0954 Acc: 55.43%
[2025-12-01 18:15:55] src.utils.training - [32mINFO[0m - Epoch [1] Batch [150/504] Loss: 0.0951 Acc: 55.51%
[2025-12-01 18:16:07] src.utils.training - [32mINFO[0m - Epoch [1] Batch [160/504] Loss: 0.0941 Acc: 55.63%
[2025-12-01 18:16:25] src.utils.training - [32mINFO[0m - Epoch [1] Batch [170/504] Loss: 0.0932 Acc: 55.80%
[2025-12-01 18:16:36] src.utils.training - [32mINFO[0m - Epoch [1] Batch [180/504] Loss: 0.0926 Acc: 56.10%
[2025-12-01 18:16:56] src.utils.training - [32mINFO[0m - Epoch [1] Batch [190/504] Loss: 0.0919 Acc: 56.31%
[2025-12-01 18:17:08] src.utils.training - [32mINFO[0m - Epoch [1] Batch [200/504] Loss: 0.0913 Acc: 56.42%
[2025-12-01 18:17:32] src.utils.training - [32mINFO[0m - Epoch [1] Batch [210/504] Loss: 0.0905 Acc: 56.65%
[2025-12-01 18:17:44] src.utils.training - [32mINFO[0m - Epoch [1] Batch [220/504] Loss: 0.0898 Acc: 57.01%
[2025-12-01 18:17:58] src.utils.training - [32mINFO[0m - Epoch [1] Batch [230/504] Loss: 0.0891 Acc: 57.34%
[2025-12-01 18:18:09] src.utils.training - [32mINFO[0m - Epoch [1] Batch [240/504] Loss: 0.0886 Acc: 57.35%
[2025-12-01 18:18:24] src.utils.training - [32mINFO[0m - Epoch [1] Batch [250/504] Loss: 0.0881 Acc: 57.45%
[2025-12-01 18:18:37] src.utils.training - [32mINFO[0m - Epoch [1] Batch [260/504] Loss: 0.0873 Acc: 57.76%
[2025-12-01 18:18:55] src.utils.training - [32mINFO[0m - Epoch [1] Batch [270/504] Loss: 0.0867 Acc: 58.04%
[2025-12-01 18:19:05] src.utils.training - [32mINFO[0m - Epoch [1] Batch [280/504] Loss: 0.0861 Acc: 58.24%
[2025-12-01 18:19:20] src.utils.training - [32mINFO[0m - Epoch [1] Batch [290/504] Loss: 0.0855 Acc: 58.48%
[2025-12-01 18:19:30] src.utils.training - [32mINFO[0m - Epoch [1] Batch [300/504] Loss: 0.0849 Acc: 58.66%
[2025-12-01 18:19:43] src.utils.training - [32mINFO[0m - Epoch [1] Batch [310/504] Loss: 0.0843 Acc: 58.83%
[2025-12-01 18:19:59] src.utils.training - [32mINFO[0m - Epoch [1] Batch [320/504] Loss: 0.0838 Acc: 59.14%
[2025-12-01 18:20:16] src.utils.training - [32mINFO[0m - Epoch [1] Batch [330/504] Loss: 0.0832 Acc: 59.34%
[2025-12-01 18:20:27] src.utils.training - [32mINFO[0m - Epoch [1] Batch [340/504] Loss: 0.0829 Acc: 59.42%
[2025-12-01 18:20:43] src.utils.training - [32mINFO[0m - Epoch [1] Batch [350/504] Loss: 0.0825 Acc: 59.62%
[2025-12-01 18:20:59] src.utils.training - [32mINFO[0m - Epoch [1] Batch [360/504] Loss: 0.0821 Acc: 59.71%
[2025-12-01 18:21:14] src.utils.training - [32mINFO[0m - Epoch [1] Batch [370/504] Loss: 0.0817 Acc: 59.89%
[2025-12-01 18:21:24] src.utils.training - [32mINFO[0m - Epoch [1] Batch [380/504] Loss: 0.0812 Acc: 60.12%
[2025-12-01 18:21:40] src.utils.training - [32mINFO[0m - Epoch [1] Batch [390/504] Loss: 0.0808 Acc: 60.29%
[2025-12-01 18:21:51] src.utils.training - [32mINFO[0m - Epoch [1] Batch [400/504] Loss: 0.0805 Acc: 60.41%
[2025-12-01 18:22:05] src.utils.training - [32mINFO[0m - Epoch [1] Batch [410/504] Loss: 0.0801 Acc: 60.48%
[2025-12-01 18:22:20] src.utils.training - [32mINFO[0m - Epoch [1] Batch [420/504] Loss: 0.0797 Acc: 60.72%
[2025-12-01 18:22:37] src.utils.training - [32mINFO[0m - Epoch [1] Batch [430/504] Loss: 0.0794 Acc: 60.87%
[2025-12-01 18:22:48] src.utils.training - [32mINFO[0m - Epoch [1] Batch [440/504] Loss: 0.0790 Acc: 60.98%
[2025-12-01 18:23:02] src.utils.training - [32mINFO[0m - Epoch [1] Batch [450/504] Loss: 0.0788 Acc: 61.07%
[2025-12-01 18:23:14] src.utils.training - [32mINFO[0m - Epoch [1] Batch [460/504] Loss: 0.0785 Acc: 61.14%
[2025-12-01 18:23:28] src.utils.training - [32mINFO[0m - Epoch [1] Batch [470/504] Loss: 0.0782 Acc: 61.27%
[2025-12-01 18:23:38] src.utils.training - [32mINFO[0m - Epoch [1] Batch [480/504] Loss: 0.0779 Acc: 61.41%
[2025-12-01 18:23:52] src.utils.training - [32mINFO[0m - Epoch [1] Batch [490/504] Loss: 0.0776 Acc: 61.48%
[2025-12-01 18:24:03] src.utils.training - [32mINFO[0m - Epoch [1] Batch [500/504] Loss: 0.0773 Acc: 61.56%
[2025-12-01 18:24:09] src.utils.training - [32mINFO[0m - Epoch [1] Training Completed in 708s - Loss: 0.0772 Acc: 61.61%
[2025-12-01 18:25:14] src.utils.clip_level_evaluation - [32mINFO[0m - [VAL] Batch 50/109 Loss: 0.0341
[2025-12-01 18:26:04] src.utils.clip_level_evaluation - [32mINFO[0m - [VAL] Batch 100/109 Loss: 0.0648
[2025-12-01 18:26:16] src.utils.clip_level_evaluation - [32mINFO[0m - [VAL] Finished in 126s
[2025-12-01 18:26:16] src.utils.clip_level_evaluation - [32mINFO[0m - Results:
Loss: 0.0699 | Acc: 65.68% | AUC: 0.6884
   >> Anomaly: P=0.478 R=0.484 F1=0.481
   >> Normal:  P=0.746 R=0.741
   >> Counts:  TP=2214 FN=2362 (Missed) | TN=6926 FP=2415 (False Alarm)
   >> Rates:   FPR=0.2585 | FNR=0.5162
[2025-12-01 18:26:16] __main__ - [32mINFO[0m - Epoch [1] Validation Summary - Loss: 0.0699 | Acc: 65.68% | AUC: 0.6884
[2025-12-01 18:26:16] __main__ - [32mINFO[0m -   Anomaly Detection: Precision=0.478 Recall=0.484 F1=0.481
[2025-12-01 18:26:16] __main__ - [32mINFO[0m -   Confusion Matrix: TP=2214 FN=2362 TN=6926 FP=2415
[2025-12-01 18:26:16] __main__ - [32mINFO[0m -   Error Rates: FPR=0.2585 FNR=0.5162
[2025-12-01 18:26:16] __main__ - [32mINFO[0m - New best AUC: 0.6884
[2025-12-01 18:26:16] src.utils.training_utils - [32mINFO[0m - Saved best model to /work3/s225224/ucf-crime/checkpoints/r3d_binary_20251201_181219/best_model.pth
[2025-12-01 18:26:37] src.utils.training - [32mINFO[0m - Epoch [2] Batch [10/504] Loss: 0.0569 Acc: 69.77%
[2025-12-01 18:26:47] src.utils.training - [32mINFO[0m - Epoch [2] Batch [20/504] Loss: 0.0604 Acc: 69.69%
[2025-12-01 18:27:01] src.utils.training - [32mINFO[0m - Epoch [2] Batch [30/504] Loss: 0.0605 Acc: 69.09%
[2025-12-01 18:27:15] src.utils.training - [32mINFO[0m - Epoch [2] Batch [40/504] Loss: 0.0601 Acc: 68.71%
[2025-12-01 18:27:25] src.utils.training - [32mINFO[0m - Epoch [2] Batch [50/504] Loss: 0.0589 Acc: 69.86%
[2025-12-01 18:27:39] src.utils.training - [32mINFO[0m - Epoch [2] Batch [60/504] Loss: 0.0587 Acc: 70.13%
[2025-12-01 18:27:52] src.utils.training - [32mINFO[0m - Epoch [2] Batch [70/504] Loss: 0.0590 Acc: 70.02%
[2025-12-01 18:28:06] src.utils.training - [32mINFO[0m - Epoch [2] Batch [80/504] Loss: 0.0590 Acc: 69.60%
[2025-12-01 18:28:16] src.utils.training - [32mINFO[0m - Epoch [2] Batch [90/504] Loss: 0.0585 Acc: 69.70%
[2025-12-01 18:28:29] src.utils.training - [32mINFO[0m - Epoch [2] Batch [100/504] Loss: 0.0585 Acc: 69.77%
[2025-12-01 18:28:41] src.utils.training - [32mINFO[0m - Epoch [2] Batch [110/504] Loss: 0.0586 Acc: 69.64%
[2025-12-01 18:28:53] src.utils.training - [32mINFO[0m - Epoch [2] Batch [120/504] Loss: 0.0587 Acc: 69.52%
[2025-12-01 18:29:06] src.utils.training - [32mINFO[0m - Epoch [2] Batch [130/504] Loss: 0.0585 Acc: 69.64%
[2025-12-01 18:29:18] src.utils.training - [32mINFO[0m - Epoch [2] Batch [140/504] Loss: 0.0584 Acc: 69.67%
[2025-12-01 18:29:30] src.utils.training - [32mINFO[0m - Epoch [2] Batch [150/504] Loss: 0.0582 Acc: 69.85%
[2025-12-01 18:29:42] src.utils.training - [32mINFO[0m - Epoch [2] Batch [160/504] Loss: 0.0581 Acc: 69.81%
[2025-12-01 18:29:55] src.utils.training - [32mINFO[0m - Epoch [2] Batch [170/504] Loss: 0.0579 Acc: 69.94%
[2025-12-01 18:30:06] src.utils.training - [32mINFO[0m - Epoch [2] Batch [180/504] Loss: 0.0578 Acc: 70.14%
[2025-12-01 18:30:19] src.utils.training - [32mINFO[0m - Epoch [2] Batch [190/504] Loss: 0.0576 Acc: 70.31%
[2025-12-01 18:30:30] src.utils.training - [32mINFO[0m - Epoch [2] Batch [200/504] Loss: 0.0575 Acc: 70.39%
[2025-12-01 18:30:42] src.utils.training - [32mINFO[0m - Epoch [2] Batch [210/504] Loss: 0.0575 Acc: 70.41%
[2025-12-01 18:30:56] src.utils.training - [32mINFO[0m - Epoch [2] Batch [220/504] Loss: 0.0574 Acc: 70.35%
[2025-12-01 18:31:09] src.utils.training - [32mINFO[0m - Epoch [2] Batch [230/504] Loss: 0.0574 Acc: 70.32%
[2025-12-01 18:31:23] src.utils.training - [32mINFO[0m - Epoch [2] Batch [240/504] Loss: 0.0574 Acc: 70.31%
[2025-12-01 18:31:34] src.utils.training - [32mINFO[0m - Epoch [2] Batch [250/504] Loss: 0.0574 Acc: 70.36%
[2025-12-01 18:31:49] src.utils.training - [32mINFO[0m - Epoch [2] Batch [260/504] Loss: 0.0572 Acc: 70.42%
[2025-12-01 18:32:00] src.utils.training - [32mINFO[0m - Epoch [2] Batch [270/504] Loss: 0.0570 Acc: 70.49%
[2025-12-01 18:32:13] src.utils.training - [32mINFO[0m - Epoch [2] Batch [280/504] Loss: 0.0569 Acc: 70.49%
[2025-12-01 18:32:23] src.utils.training - [32mINFO[0m - Epoch [2] Batch [290/504] Loss: 0.0567 Acc: 70.60%
[2025-12-01 18:32:37] src.utils.training - [32mINFO[0m - Epoch [2] Batch [300/504] Loss: 0.0566 Acc: 70.76%
[2025-12-01 18:32:47] src.utils.training - [32mINFO[0m - Epoch [2] Batch [310/504] Loss: 0.0565 Acc: 70.84%
[2025-12-01 18:33:04] src.utils.training - [32mINFO[0m - Epoch [2] Batch [320/504] Loss: 0.0565 Acc: 70.88%
[2025-12-01 18:33:14] src.utils.training - [32mINFO[0m - Epoch [2] Batch [330/504] Loss: 0.0564 Acc: 70.94%
[2025-12-01 18:33:28] src.utils.training - [32mINFO[0m - Epoch [2] Batch [340/504] Loss: 0.0563 Acc: 70.93%
[2025-12-01 18:33:38] src.utils.training - [32mINFO[0m - Epoch [2] Batch [350/504] Loss: 0.0563 Acc: 70.89%
[2025-12-01 18:33:51] src.utils.training - [32mINFO[0m - Epoch [2] Batch [360/504] Loss: 0.0564 Acc: 70.91%
[2025-12-01 18:34:02] src.utils.training - [32mINFO[0m - Epoch [2] Batch [370/504] Loss: 0.0562 Acc: 71.00%
[2025-12-01 18:34:15] src.utils.training - [32mINFO[0m - Epoch [2] Batch [380/504] Loss: 0.0561 Acc: 71.09%
[2025-12-01 18:34:27] src.utils.training - [32mINFO[0m - Epoch [2] Batch [390/504] Loss: 0.0559 Acc: 71.21%
[2025-12-01 18:34:40] src.utils.training - [32mINFO[0m - Epoch [2] Batch [400/504] Loss: 0.0559 Acc: 71.27%
[2025-12-01 18:34:52] src.utils.training - [32mINFO[0m - Epoch [2] Batch [410/504] Loss: 0.0558 Acc: 71.30%
[2025-12-01 18:35:04] src.utils.training - [32mINFO[0m - Epoch [2] Batch [420/504] Loss: 0.0557 Acc: 71.33%
[2025-12-01 18:35:16] src.utils.training - [32mINFO[0m - Epoch [2] Batch [430/504] Loss: 0.0557 Acc: 71.36%
[2025-12-01 18:35:31] src.utils.training - [32mINFO[0m - Epoch [2] Batch [440/504] Loss: 0.0556 Acc: 71.35%
[2025-12-01 18:35:43] src.utils.training - [32mINFO[0m - Epoch [2] Batch [450/504] Loss: 0.0556 Acc: 71.33%
[2025-12-01 18:35:55] src.utils.training - [32mINFO[0m - Epoch [2] Batch [460/504] Loss: 0.0555 Acc: 71.35%
[2025-12-01 18:36:07] src.utils.training - [32mINFO[0m - Epoch [2] Batch [470/504] Loss: 0.0556 Acc: 71.34%
[2025-12-01 18:36:19] src.utils.training - [32mINFO[0m - Epoch [2] Batch [480/504] Loss: 0.0555 Acc: 71.36%
[2025-12-01 18:36:32] src.utils.training - [32mINFO[0m - Epoch [2] Batch [490/504] Loss: 0.0555 Acc: 71.38%
[2025-12-01 18:36:42] src.utils.training - [32mINFO[0m - Epoch [2] Batch [500/504] Loss: 0.0555 Acc: 71.35%
[2025-12-01 18:36:46] src.utils.training - [32mINFO[0m - Epoch [2] Training Completed in 630s - Loss: 0.0555 Acc: 71.35%
[2025-12-01 18:37:37] src.utils.clip_level_evaluation - [32mINFO[0m - [VAL] Batch 50/109 Loss: 0.0402
[2025-12-01 18:38:34] src.utils.clip_level_evaluation - [32mINFO[0m - [VAL] Batch 100/109 Loss: 0.0618
[2025-12-01 18:38:41] src.utils.clip_level_evaluation - [32mINFO[0m - [VAL] Finished in 115s
[2025-12-01 18:38:41] src.utils.clip_level_evaluation - [32mINFO[0m - Results:
Loss: 0.0650 | Acc: 64.84% | AUC: 0.7072
   >> Anomaly: P=0.473 R=0.597 F1=0.528
   >> Normal:  P=0.773 R=0.673
   >> Counts:  TP=2733 FN=1843 (Missed) | TN=6291 FP=3050 (False Alarm)
   >> Rates:   FPR=0.3265 | FNR=0.4028
[2025-12-01 18:38:41] __main__ - [32mINFO[0m - Epoch [2] Validation Summary - Loss: 0.0650 | Acc: 64.84% | AUC: 0.7072
[2025-12-01 18:38:41] __main__ - [32mINFO[0m -   Anomaly Detection: Precision=0.473 Recall=0.597 F1=0.528
[2025-12-01 18:38:41] __main__ - [32mINFO[0m -   Confusion Matrix: TP=2733 FN=1843 TN=6291 FP=3050
[2025-12-01 18:38:41] __main__ - [32mINFO[0m -   Error Rates: FPR=0.3265 FNR=0.4028
[2025-12-01 18:38:41] __main__ - [32mINFO[0m - New best AUC: 0.7072
[2025-12-01 18:38:42] src.utils.training_utils - [32mINFO[0m - Saved best model to /work3/s225224/ucf-crime/checkpoints/r3d_binary_20251201_181219/best_model.pth
[2025-12-01 18:38:57] src.utils.training - [32mINFO[0m - Epoch [3] Batch [10/504] Loss: 0.0521 Acc: 71.80%
[2025-12-01 18:39:11] src.utils.training - [32mINFO[0m - Epoch [3] Batch [20/504] Loss: 0.0530 Acc: 71.99%
[2025-12-01 18:39:25] src.utils.training - [32mINFO[0m - Epoch [3] Batch [30/504] Loss: 0.0525 Acc: 72.03%
[2025-12-01 18:39:35] src.utils.training - [32mINFO[0m - Epoch [3] Batch [40/504] Loss: 0.0531 Acc: 71.93%
[2025-12-01 18:39:48] src.utils.training - [32mINFO[0m - Epoch [3] Batch [50/504] Loss: 0.0533 Acc: 72.03%
[2025-12-01 18:39:58] src.utils.training - [32mINFO[0m - Epoch [3] Batch [60/504] Loss: 0.0532 Acc: 72.02%
[2025-12-01 18:40:12] src.utils.training - [32mINFO[0m - Epoch [3] Batch [70/504] Loss: 0.0528 Acc: 72.40%
[2025-12-01 18:40:26] src.utils.training - [32mINFO[0m - Epoch [3] Batch [80/504] Loss: 0.0528 Acc: 72.31%
[2025-12-01 18:40:36] src.utils.training - [32mINFO[0m - Epoch [3] Batch [90/504] Loss: 0.0524 Acc: 72.46%
[2025-12-01 18:40:53] src.utils.training - [32mINFO[0m - Epoch [3] Batch [100/504] Loss: 0.0524 Acc: 72.70%
[2025-12-01 18:41:03] src.utils.training - [32mINFO[0m - Epoch [3] Batch [110/504] Loss: 0.0522 Acc: 72.82%
[2025-12-01 18:41:20] src.utils.training - [32mINFO[0m - Epoch [3] Batch [120/504] Loss: 0.0522 Acc: 72.81%
[2025-12-01 18:41:31] src.utils.training - [32mINFO[0m - Epoch [3] Batch [130/504] Loss: 0.0520 Acc: 72.96%
[2025-12-01 18:41:44] src.utils.training - [32mINFO[0m - Epoch [3] Batch [140/504] Loss: 0.0517 Acc: 73.13%
[2025-12-01 18:41:58] src.utils.training - [32mINFO[0m - Epoch [3] Batch [150/504] Loss: 0.0517 Acc: 73.20%
[2025-12-01 18:42:15] src.utils.training - [32mINFO[0m - Epoch [3] Batch [160/504] Loss: 0.0517 Acc: 73.19%
[2025-12-01 18:42:25] src.utils.training - [32mINFO[0m - Epoch [3] Batch [170/504] Loss: 0.0518 Acc: 73.12%
[2025-12-01 18:42:39] src.utils.training - [32mINFO[0m - Epoch [3] Batch [180/504] Loss: 0.0516 Acc: 73.17%
[2025-12-01 18:42:49] src.utils.training - [32mINFO[0m - Epoch [3] Batch [190/504] Loss: 0.0513 Acc: 73.35%
[2025-12-01 18:43:03] src.utils.training - [32mINFO[0m - Epoch [3] Batch [200/504] Loss: 0.0513 Acc: 73.54%
[2025-12-01 18:43:16] src.utils.training - [32mINFO[0m - Epoch [3] Batch [210/504] Loss: 0.0512 Acc: 73.50%
[2025-12-01 18:43:29] src.utils.training - [32mINFO[0m - Epoch [3] Batch [220/504] Loss: 0.0512 Acc: 73.42%
[2025-12-01 18:43:40] src.utils.training - [32mINFO[0m - Epoch [3] Batch [230/504] Loss: 0.0511 Acc: 73.64%
[2025-12-01 18:43:53] src.utils.training - [32mINFO[0m - Epoch [3] Batch [240/504] Loss: 0.0510 Acc: 73.71%
[2025-12-01 18:44:04] src.utils.training - [32mINFO[0m - Epoch [3] Batch [250/504] Loss: 0.0511 Acc: 73.73%
[2025-12-01 18:44:17] src.utils.training - [32mINFO[0m - Epoch [3] Batch [260/504] Loss: 0.0510 Acc: 73.69%
[2025-12-01 18:44:27] src.utils.training - [32mINFO[0m - Epoch [3] Batch [270/504] Loss: 0.0509 Acc: 73.74%
[2025-12-01 18:44:41] src.utils.training - [32mINFO[0m - Epoch [3] Batch [280/504] Loss: 0.0509 Acc: 73.72%
[2025-12-01 18:44:54] src.utils.training - [32mINFO[0m - Epoch [3] Batch [290/504] Loss: 0.0509 Acc: 73.66%
[2025-12-01 18:45:08] src.utils.training - [32mINFO[0m - Epoch [3] Batch [300/504] Loss: 0.0508 Acc: 73.71%
[2025-12-01 18:45:21] src.utils.training - [32mINFO[0m - Epoch [3] Batch [310/504] Loss: 0.0509 Acc: 73.74%
[2025-12-01 18:45:34] src.utils.training - [32mINFO[0m - Epoch [3] Batch [320/504] Loss: 0.0509 Acc: 73.76%
[2025-12-01 18:45:45] src.utils.training - [32mINFO[0m - Epoch [3] Batch [330/504] Loss: 0.0508 Acc: 73.73%
[2025-12-01 18:45:59] src.utils.training - [32mINFO[0m - Epoch [3] Batch [340/504] Loss: 0.0507 Acc: 73.81%
[2025-12-01 18:46:09] src.utils.training - [32mINFO[0m - Epoch [3] Batch [350/504] Loss: 0.0508 Acc: 73.82%
[2025-12-01 18:46:27] src.utils.training - [32mINFO[0m - Epoch [3] Batch [360/504] Loss: 0.0507 Acc: 73.85%
[2025-12-01 18:46:38] src.utils.training - [32mINFO[0m - Epoch [3] Batch [370/504] Loss: 0.0506 Acc: 73.89%
[2025-12-01 18:46:52] src.utils.training - [32mINFO[0m - Epoch [3] Batch [380/504] Loss: 0.0505 Acc: 74.00%
[2025-12-01 18:47:02] src.utils.training - [32mINFO[0m - Epoch [3] Batch [390/504] Loss: 0.0505 Acc: 74.07%
[2025-12-01 18:47:16] src.utils.training - [32mINFO[0m - Epoch [3] Batch [400/504] Loss: 0.0504 Acc: 74.07%
[2025-12-01 18:47:29] src.utils.training - [32mINFO[0m - Epoch [3] Batch [410/504] Loss: 0.0504 Acc: 74.11%
[2025-12-01 18:47:40] src.utils.training - [32mINFO[0m - Epoch [3] Batch [420/504] Loss: 0.0504 Acc: 74.18%
[2025-12-01 18:47:53] src.utils.training - [32mINFO[0m - Epoch [3] Batch [430/504] Loss: 0.0503 Acc: 74.21%
[2025-12-01 18:48:08] src.utils.training - [32mINFO[0m - Epoch [3] Batch [440/504] Loss: 0.0504 Acc: 74.16%
[2025-12-01 18:48:19] src.utils.training - [32mINFO[0m - Epoch [3] Batch [450/504] Loss: 0.0503 Acc: 74.22%
[2025-12-01 18:48:33] src.utils.training - [32mINFO[0m - Epoch [3] Batch [460/504] Loss: 0.0503 Acc: 74.22%
[2025-12-01 18:48:44] src.utils.training - [32mINFO[0m - Epoch [3] Batch [470/504] Loss: 0.0502 Acc: 74.24%
[2025-12-01 18:49:04] src.utils.training - [32mINFO[0m - Epoch [3] Batch [480/504] Loss: 0.0502 Acc: 74.30%
[2025-12-01 18:49:14] src.utils.training - [32mINFO[0m - Epoch [3] Batch [490/504] Loss: 0.0501 Acc: 74.34%
[2025-12-01 18:49:27] src.utils.training - [32mINFO[0m - Epoch [3] Batch [500/504] Loss: 0.0501 Acc: 74.29%
[2025-12-01 18:49:30] src.utils.training - [32mINFO[0m - Epoch [3] Training Completed in 649s - Loss: 0.0501 Acc: 74.30%
[2025-12-01 18:50:33] src.utils.clip_level_evaluation - [32mINFO[0m - [VAL] Batch 50/109 Loss: 0.0374
[2025-12-01 18:51:39] src.utils.clip_level_evaluation - [32mINFO[0m - [VAL] Batch 100/109 Loss: 0.0625
[2025-12-01 18:51:57] src.utils.clip_level_evaluation - [32mINFO[0m - [VAL] Finished in 146s
[2025-12-01 18:51:57] src.utils.clip_level_evaluation - [32mINFO[0m - Results:
Loss: 0.0664 | Acc: 66.33% | AUC: 0.7109
   >> Anomaly: P=0.489 R=0.555 F1=0.520
   >> Normal:  P=0.767 R=0.716
   >> Counts:  TP=2539 FN=2037 (Missed) | TN=6692 FP=2649 (False Alarm)
   >> Rates:   FPR=0.2836 | FNR=0.4451
[2025-12-01 18:51:57] __main__ - [32mINFO[0m - Epoch [3] Validation Summary - Loss: 0.0664 | Acc: 66.33% | AUC: 0.7109
[2025-12-01 18:51:57] __main__ - [32mINFO[0m -   Anomaly Detection: Precision=0.489 Recall=0.555 F1=0.520
[2025-12-01 18:51:57] __main__ - [32mINFO[0m -   Confusion Matrix: TP=2539 FN=2037 TN=6692 FP=2649
[2025-12-01 18:51:57] __main__ - [32mINFO[0m -   Error Rates: FPR=0.2836 FNR=0.4451
[2025-12-01 18:51:57] __main__ - [32mINFO[0m - New best AUC: 0.7109
[2025-12-01 18:51:57] src.utils.training_utils - [32mINFO[0m - Saved best model to /work3/s225224/ucf-crime/checkpoints/r3d_binary_20251201_181219/best_model.pth
[2025-12-01 18:52:12] src.utils.training - [32mINFO[0m - Epoch [4] Batch [10/504] Loss: 0.0501 Acc: 77.42%
[2025-12-01 18:52:25] src.utils.training - [32mINFO[0m - Epoch [4] Batch [20/504] Loss: 0.0490 Acc: 75.39%
[2025-12-01 18:52:37] src.utils.training - [32mINFO[0m - Epoch [4] Batch [30/504] Loss: 0.0479 Acc: 75.91%
[2025-12-01 18:52:50] src.utils.training - [32mINFO[0m - Epoch [4] Batch [40/504] Loss: 0.0486 Acc: 76.25%
[2025-12-01 18:53:03] src.utils.training - [32mINFO[0m - Epoch [4] Batch [50/504] Loss: 0.0488 Acc: 75.89%
[2025-12-01 18:53:16] src.utils.training - [32mINFO[0m - Epoch [4] Batch [60/504] Loss: 0.0486 Acc: 75.68%
[2025-12-01 18:53:27] src.utils.training - [32mINFO[0m - Epoch [4] Batch [70/504] Loss: 0.0487 Acc: 75.98%
[2025-12-01 18:53:40] src.utils.training - [32mINFO[0m - Epoch [4] Batch [80/504] Loss: 0.0482 Acc: 76.18%
[2025-12-01 18:53:51] src.utils.training - [32mINFO[0m - Epoch [4] Batch [90/504] Loss: 0.0484 Acc: 76.00%
[2025-12-01 18:54:04] src.utils.training - [32mINFO[0m - Epoch [4] Batch [100/504] Loss: 0.0486 Acc: 75.77%
[2025-12-01 18:54:15] src.utils.training - [32mINFO[0m - Epoch [4] Batch [110/504] Loss: 0.0488 Acc: 75.45%
[2025-12-01 18:54:28] src.utils.training - [32mINFO[0m - Epoch [4] Batch [120/504] Loss: 0.0488 Acc: 75.38%
[2025-12-01 18:54:39] src.utils.training - [32mINFO[0m - Epoch [4] Batch [130/504] Loss: 0.0484 Acc: 75.69%
[2025-12-01 18:54:56] src.utils.training - [32mINFO[0m - Epoch [4] Batch [140/504] Loss: 0.0483 Acc: 75.91%
[2025-12-01 18:55:07] src.utils.training - [32mINFO[0m - Epoch [4] Batch [150/504] Loss: 0.0483 Acc: 75.95%
[2025-12-01 18:55:21] src.utils.training - [32mINFO[0m - Epoch [4] Batch [160/504] Loss: 0.0485 Acc: 75.78%
[2025-12-01 18:55:32] src.utils.training - [32mINFO[0m - Epoch [4] Batch [170/504] Loss: 0.0484 Acc: 75.57%
[2025-12-01 18:55:49] src.utils.training - [32mINFO[0m - Epoch [4] Batch [180/504] Loss: 0.0484 Acc: 75.69%
[2025-12-01 18:56:00] src.utils.training - [32mINFO[0m - Epoch [4] Batch [190/504] Loss: 0.0484 Acc: 75.72%
[2025-12-01 18:56:17] src.utils.training - [32mINFO[0m - Epoch [4] Batch [200/504] Loss: 0.0485 Acc: 75.62%
[2025-12-01 18:56:32] src.utils.training - [32mINFO[0m - Epoch [4] Batch [210/504] Loss: 0.0485 Acc: 75.57%
[2025-12-01 18:56:46] src.utils.training - [32mINFO[0m - Epoch [4] Batch [220/504] Loss: 0.0486 Acc: 75.67%
[2025-12-01 18:57:00] src.utils.training - [32mINFO[0m - Epoch [4] Batch [230/504] Loss: 0.0485 Acc: 75.71%
[2025-12-01 18:57:13] src.utils.training - [32mINFO[0m - Epoch [4] Batch [240/504] Loss: 0.0487 Acc: 75.63%
[2025-12-01 18:57:27] src.utils.training - [32mINFO[0m - Epoch [4] Batch [250/504] Loss: 0.0486 Acc: 75.62%
[2025-12-01 18:57:42] src.utils.training - [32mINFO[0m - Epoch [4] Batch [260/504] Loss: 0.0486 Acc: 75.62%
[2025-12-01 18:57:56] src.utils.training - [32mINFO[0m - Epoch [4] Batch [270/504] Loss: 0.0486 Acc: 75.61%
[2025-12-01 18:58:06] src.utils.training - [32mINFO[0m - Epoch [4] Batch [280/504] Loss: 0.0487 Acc: 75.52%
[2025-12-01 18:58:21] src.utils.training - [32mINFO[0m - Epoch [4] Batch [290/504] Loss: 0.0486 Acc: 75.51%
[2025-12-01 18:58:32] src.utils.training - [32mINFO[0m - Epoch [4] Batch [300/504] Loss: 0.0487 Acc: 75.45%
[2025-12-01 18:58:46] src.utils.training - [32mINFO[0m - Epoch [4] Batch [310/504] Loss: 0.0487 Acc: 75.48%
[2025-12-01 18:58:57] src.utils.training - [32mINFO[0m - Epoch [4] Batch [320/504] Loss: 0.0487 Acc: 75.49%
[2025-12-01 18:59:11] src.utils.training - [32mINFO[0m - Epoch [4] Batch [330/504] Loss: 0.0487 Acc: 75.47%
[2025-12-01 18:59:24] src.utils.training - [32mINFO[0m - Epoch [4] Batch [340/504] Loss: 0.0487 Acc: 75.39%
[2025-12-01 18:59:37] src.utils.training - [32mINFO[0m - Epoch [4] Batch [350/504] Loss: 0.0487 Acc: 75.44%
[2025-12-01 18:59:54] src.utils.training - [32mINFO[0m - Epoch [4] Batch [360/504] Loss: 0.0488 Acc: 75.45%
[2025-12-01 19:00:04] src.utils.training - [32mINFO[0m - Epoch [4] Batch [370/504] Loss: 0.0488 Acc: 75.40%
[2025-12-01 19:00:19] src.utils.training - [32mINFO[0m - Epoch [4] Batch [380/504] Loss: 0.0487 Acc: 75.37%
[2025-12-01 19:00:30] src.utils.training - [32mINFO[0m - Epoch [4] Batch [390/504] Loss: 0.0488 Acc: 75.34%
[2025-12-01 19:00:44] src.utils.training - [32mINFO[0m - Epoch [4] Batch [400/504] Loss: 0.0488 Acc: 75.29%
[2025-12-01 19:00:54] src.utils.training - [32mINFO[0m - Epoch [4] Batch [410/504] Loss: 0.0488 Acc: 75.33%
[2025-12-01 19:01:14] src.utils.training - [32mINFO[0m - Epoch [4] Batch [420/504] Loss: 0.0488 Acc: 75.33%
[2025-12-01 19:01:27] src.utils.training - [32mINFO[0m - Epoch [4] Batch [430/504] Loss: 0.0488 Acc: 75.34%
[2025-12-01 19:01:41] src.utils.training - [32mINFO[0m - Epoch [4] Batch [440/504] Loss: 0.0487 Acc: 75.34%
[2025-12-01 19:01:54] src.utils.training - [32mINFO[0m - Epoch [4] Batch [450/504] Loss: 0.0487 Acc: 75.44%
[2025-12-01 19:02:05] src.utils.training - [32mINFO[0m - Epoch [4] Batch [460/504] Loss: 0.0487 Acc: 75.47%
[2025-12-01 19:02:21] src.utils.training - [32mINFO[0m - Epoch [4] Batch [470/504] Loss: 0.0487 Acc: 75.40%
[2025-12-01 19:02:33] src.utils.training - [32mINFO[0m - Epoch [4] Batch [480/504] Loss: 0.0486 Acc: 75.43%
[2025-12-01 19:02:48] src.utils.training - [32mINFO[0m - Epoch [4] Batch [490/504] Loss: 0.0487 Acc: 75.44%
[2025-12-01 19:02:58] src.utils.training - [32mINFO[0m - Epoch [4] Batch [500/504] Loss: 0.0486 Acc: 75.44%
[2025-12-01 19:03:02] src.utils.training - [32mINFO[0m - Epoch [4] Training Completed in 665s - Loss: 0.0486 Acc: 75.42%
[2025-12-01 19:04:04] src.utils.clip_level_evaluation - [32mINFO[0m - [VAL] Batch 50/109 Loss: 0.0387
[2025-12-01 19:04:58] src.utils.clip_level_evaluation - [32mINFO[0m - [VAL] Batch 100/109 Loss: 0.0625
[2025-12-01 19:05:06] src.utils.clip_level_evaluation - [32mINFO[0m - [VAL] Finished in 123s
[2025-12-01 19:05:06] src.utils.clip_level_evaluation - [32mINFO[0m - Results:
Loss: 0.0661 | Acc: 65.75% | AUC: 0.7056
   >> Anomaly: P=0.483 R=0.592 F1=0.532
   >> Normal:  P=0.775 R=0.690
   >> Counts:  TP=2709 FN=1867 (Missed) | TN=6441 FP=2900 (False Alarm)
   >> Rates:   FPR=0.3105 | FNR=0.4080
[2025-12-01 19:05:06] __main__ - [32mINFO[0m - Epoch [4] Validation Summary - Loss: 0.0661 | Acc: 65.75% | AUC: 0.7056
[2025-12-01 19:05:06] __main__ - [32mINFO[0m -   Anomaly Detection: Precision=0.483 Recall=0.592 F1=0.532
[2025-12-01 19:05:06] __main__ - [32mINFO[0m -   Confusion Matrix: TP=2709 FN=1867 TN=6441 FP=2900
[2025-12-01 19:05:06] __main__ - [32mINFO[0m -   Error Rates: FPR=0.3105 FNR=0.4080
[2025-12-01 19:05:06] src.utils.training_utils - [32mINFO[0m - No improvement for 1/5 epochs
[2025-12-01 19:05:26] src.utils.training - [32mINFO[0m - Epoch [5] Batch [10/504] Loss: 0.0472 Acc: 76.64%
[2025-12-01 19:05:36] src.utils.training - [32mINFO[0m - Epoch [5] Batch [20/504] Loss: 0.0479 Acc: 76.91%
[2025-12-01 19:05:50] src.utils.training - [32mINFO[0m - Epoch [5] Batch [30/504] Loss: 0.0482 Acc: 76.77%
[2025-12-01 19:06:00] src.utils.training - [32mINFO[0m - Epoch [5] Batch [40/504] Loss: 0.0482 Acc: 76.25%
[2025-12-01 19:06:14] src.utils.training - [32mINFO[0m - Epoch [5] Batch [50/504] Loss: 0.0483 Acc: 75.94%
[2025-12-01 19:06:26] src.utils.training - [32mINFO[0m - Epoch [5] Batch [60/504] Loss: 0.0488 Acc: 75.79%
[2025-12-01 19:06:41] src.utils.training - [32mINFO[0m - Epoch [5] Batch [70/504] Loss: 0.0486 Acc: 75.76%
[2025-12-01 19:06:51] src.utils.training - [32mINFO[0m - Epoch [5] Batch [80/504] Loss: 0.0483 Acc: 75.70%
[2025-12-01 19:07:05] src.utils.training - [32mINFO[0m - Epoch [5] Batch [90/504] Loss: 0.0482 Acc: 75.80%
[2025-12-01 19:07:16] src.utils.training - [32mINFO[0m - Epoch [5] Batch [100/504] Loss: 0.0484 Acc: 75.67%
[2025-12-01 19:07:33] src.utils.training - [32mINFO[0m - Epoch [5] Batch [110/504] Loss: 0.0482 Acc: 75.54%
[2025-12-01 19:07:44] src.utils.training - [32mINFO[0m - Epoch [5] Batch [120/504] Loss: 0.0481 Acc: 75.74%
[2025-12-01 19:07:58] src.utils.training - [32mINFO[0m - Epoch [5] Batch [130/504] Loss: 0.0482 Acc: 75.69%
[2025-12-01 19:08:11] src.utils.training - [32mINFO[0m - Epoch [5] Batch [140/504] Loss: 0.0482 Acc: 75.61%
[2025-12-01 19:08:22] src.utils.training - [32mINFO[0m - Epoch [5] Batch [150/504] Loss: 0.0481 Acc: 75.73%
[2025-12-01 19:08:35] src.utils.training - [32mINFO[0m - Epoch [5] Batch [160/504] Loss: 0.0480 Acc: 75.74%
[2025-12-01 19:08:47] src.utils.training - [32mINFO[0m - Epoch [5] Batch [170/504] Loss: 0.0480 Acc: 75.75%
[2025-12-01 19:09:04] src.utils.training - [32mINFO[0m - Epoch [5] Batch [180/504] Loss: 0.0480 Acc: 75.62%
[2025-12-01 19:09:14] src.utils.training - [32mINFO[0m - Epoch [5] Batch [190/504] Loss: 0.0480 Acc: 75.74%
[2025-12-01 19:09:31] src.utils.training - [32mINFO[0m - Epoch [5] Batch [200/504] Loss: 0.0479 Acc: 75.93%
[2025-12-01 19:09:41] src.utils.training - [32mINFO[0m - Epoch [5] Batch [210/504] Loss: 0.0480 Acc: 75.85%
[2025-12-01 19:09:54] src.utils.training - [32mINFO[0m - Epoch [5] Batch [220/504] Loss: 0.0481 Acc: 75.66%
[2025-12-01 19:10:05] src.utils.training - [32mINFO[0m - Epoch [5] Batch [230/504] Loss: 0.0481 Acc: 75.61%
[2025-12-01 19:10:21] src.utils.training - [32mINFO[0m - Epoch [5] Batch [240/504] Loss: 0.0480 Acc: 75.84%
[2025-12-01 19:10:31] src.utils.training - [32mINFO[0m - Epoch [5] Batch [250/504] Loss: 0.0480 Acc: 75.84%
[2025-12-01 19:10:45] src.utils.training - [32mINFO[0m - Epoch [5] Batch [260/504] Loss: 0.0480 Acc: 75.83%
[2025-12-01 19:10:56] src.utils.training - [32mINFO[0m - Epoch [5] Batch [270/504] Loss: 0.0480 Acc: 75.86%
[2025-12-01 19:11:09] src.utils.training - [32mINFO[0m - Epoch [5] Batch [280/504] Loss: 0.0479 Acc: 75.89%
[2025-12-01 19:11:23] src.utils.training - [32mINFO[0m - Epoch [5] Batch [290/504] Loss: 0.0479 Acc: 75.92%
[2025-12-01 19:11:37] src.utils.training - [32mINFO[0m - Epoch [5] Batch [300/504] Loss: 0.0479 Acc: 75.93%
[2025-12-01 19:11:50] src.utils.training - [32mINFO[0m - Epoch [5] Batch [310/504] Loss: 0.0478 Acc: 75.98%
[2025-12-01 19:12:04] src.utils.training - [32mINFO[0m - Epoch [5] Batch [320/504] Loss: 0.0478 Acc: 76.00%
[2025-12-01 19:12:15] src.utils.training - [32mINFO[0m - Epoch [5] Batch [330/504] Loss: 0.0480 Acc: 76.05%
[2025-12-01 19:12:31] src.utils.training - [32mINFO[0m - Epoch [5] Batch [340/504] Loss: 0.0480 Acc: 75.92%
[2025-12-01 19:12:41] src.utils.training - [32mINFO[0m - Epoch [5] Batch [350/504] Loss: 0.0480 Acc: 75.90%
[2025-12-01 19:12:54] src.utils.training - [32mINFO[0m - Epoch [5] Batch [360/504] Loss: 0.0481 Acc: 75.90%
[2025-12-01 19:13:05] src.utils.training - [32mINFO[0m - Epoch [5] Batch [370/504] Loss: 0.0481 Acc: 75.87%
[2025-12-01 19:13:18] src.utils.training - [32mINFO[0m - Epoch [5] Batch [380/504] Loss: 0.0481 Acc: 75.91%
[2025-12-01 19:13:29] src.utils.training - [32mINFO[0m - Epoch [5] Batch [390/504] Loss: 0.0481 Acc: 75.93%
[2025-12-01 19:13:44] src.utils.training - [32mINFO[0m - Epoch [5] Batch [400/504] Loss: 0.0481 Acc: 75.88%
[2025-12-01 19:13:54] src.utils.training - [32mINFO[0m - Epoch [5] Batch [410/504] Loss: 0.0481 Acc: 75.86%
[2025-12-01 19:14:07] src.utils.training - [32mINFO[0m - Epoch [5] Batch [420/504] Loss: 0.0481 Acc: 75.85%
[2025-12-01 19:14:18] src.utils.training - [32mINFO[0m - Epoch [5] Batch [430/504] Loss: 0.0481 Acc: 75.78%
[2025-12-01 19:14:33] src.utils.training - [32mINFO[0m - Epoch [5] Batch [440/504] Loss: 0.0481 Acc: 75.79%
[2025-12-01 19:14:42] src.utils.training - [32mINFO[0m - Epoch [5] Batch [450/504] Loss: 0.0480 Acc: 75.89%
[2025-12-01 19:14:55] src.utils.training - [32mINFO[0m - Epoch [5] Batch [460/504] Loss: 0.0480 Acc: 75.94%
[2025-12-01 19:15:08] src.utils.training - [32mINFO[0m - Epoch [5] Batch [470/504] Loss: 0.0480 Acc: 75.94%
[2025-12-01 19:15:20] src.utils.training - [32mINFO[0m - Epoch [5] Batch [480/504] Loss: 0.0480 Acc: 75.92%
[2025-12-01 19:15:33] src.utils.training - [32mINFO[0m - Epoch [5] Batch [490/504] Loss: 0.0479 Acc: 75.94%
[2025-12-01 19:15:50] src.utils.training - [32mINFO[0m - Epoch [5] Batch [500/504] Loss: 0.0479 Acc: 75.97%
[2025-12-01 19:15:54] src.utils.training - [32mINFO[0m - Epoch [5] Training Completed in 648s - Loss: 0.0480 Acc: 75.95%
[2025-12-01 19:16:52] src.utils.clip_level_evaluation - [32mINFO[0m - [VAL] Batch 50/109 Loss: 0.0436
[2025-12-01 19:17:42] src.utils.clip_level_evaluation - [32mINFO[0m - [VAL] Batch 100/109 Loss: 0.0621
[2025-12-01 19:17:50] src.utils.clip_level_evaluation - [32mINFO[0m - [VAL] Finished in 116s
[2025-12-01 19:17:50] src.utils.clip_level_evaluation - [32mINFO[0m - Results:
Loss: 0.0646 | Acc: 63.36% | AUC: 0.7076
   >> Anomaly: P=0.459 R=0.646 F1=0.537
   >> Normal:  P=0.784 R=0.627
   >> Counts:  TP=2958 FN=1618 (Missed) | TN=5860 FP=3481 (False Alarm)
   >> Rates:   FPR=0.3727 | FNR=0.3536
[2025-12-01 19:17:50] __main__ - [32mINFO[0m - Epoch [5] Validation Summary - Loss: 0.0646 | Acc: 63.36% | AUC: 0.7076
[2025-12-01 19:17:50] __main__ - [32mINFO[0m -   Anomaly Detection: Precision=0.459 Recall=0.646 F1=0.537
[2025-12-01 19:17:50] __main__ - [32mINFO[0m -   Confusion Matrix: TP=2958 FN=1618 TN=5860 FP=3481
[2025-12-01 19:17:50] __main__ - [32mINFO[0m -   Error Rates: FPR=0.3727 FNR=0.3536
[2025-12-01 19:17:50] src.utils.training_utils - [32mINFO[0m - No improvement for 2/5 epochs
[2025-12-01 19:18:05] src.utils.training - [32mINFO[0m - Epoch [6] Batch [10/504] Loss: 0.0503 Acc: 73.44%
[2025-12-01 19:18:15] src.utils.training - [32mINFO[0m - Epoch [6] Batch [20/504] Loss: 0.0481 Acc: 75.78%
[2025-12-01 19:18:32] src.utils.training - [32mINFO[0m - Epoch [6] Batch [30/504] Loss: 0.0480 Acc: 75.96%
[2025-12-01 19:18:42] src.utils.training - [32mINFO[0m - Epoch [6] Batch [40/504] Loss: 0.0475 Acc: 76.02%
[2025-12-01 19:18:55] src.utils.training - [32mINFO[0m - Epoch [6] Batch [50/504] Loss: 0.0475 Acc: 76.14%
[2025-12-01 19:19:05] src.utils.training - [32mINFO[0m - Epoch [6] Batch [60/504] Loss: 0.0476 Acc: 76.09%
[2025-12-01 19:19:19] src.utils.training - [32mINFO[0m - Epoch [6] Batch [70/504] Loss: 0.0479 Acc: 76.03%
[2025-12-01 19:19:32] src.utils.training - [32mINFO[0m - Epoch [6] Batch [80/504] Loss: 0.0475 Acc: 76.01%
[2025-12-01 19:19:45] src.utils.training - [32mINFO[0m - Epoch [6] Batch [90/504] Loss: 0.0472 Acc: 76.44%
[2025-12-01 19:19:55] src.utils.training - [32mINFO[0m - Epoch [6] Batch [100/504] Loss: 0.0471 Acc: 76.62%
[2025-12-01 19:20:09] src.utils.training - [32mINFO[0m - Epoch [6] Batch [110/504] Loss: 0.0469 Acc: 76.51%
[2025-12-01 19:20:20] src.utils.training - [32mINFO[0m - Epoch [6] Batch [120/504] Loss: 0.0469 Acc: 76.70%
[2025-12-01 19:20:34] src.utils.training - [32mINFO[0m - Epoch [6] Batch [130/504] Loss: 0.0469 Acc: 76.68%
[2025-12-01 19:20:45] src.utils.training - [32mINFO[0m - Epoch [6] Batch [140/504] Loss: 0.0471 Acc: 76.51%
[2025-12-01 19:20:59] src.utils.training - [32mINFO[0m - Epoch [6] Batch [150/504] Loss: 0.0471 Acc: 76.34%
[2025-12-01 19:21:10] src.utils.training - [32mINFO[0m - Epoch [6] Batch [160/504] Loss: 0.0471 Acc: 76.43%
[2025-12-01 19:21:27] src.utils.training - [32mINFO[0m - Epoch [6] Batch [170/504] Loss: 0.0471 Acc: 76.59%
[2025-12-01 19:21:42] src.utils.training - [32mINFO[0m - Epoch [6] Batch [180/504] Loss: 0.0472 Acc: 76.51%
[2025-12-01 19:21:53] src.utils.training - [32mINFO[0m - Epoch [6] Batch [190/504] Loss: 0.0471 Acc: 76.52%
[2025-12-01 19:22:07] src.utils.training - [32mINFO[0m - Epoch [6] Batch [200/504] Loss: 0.0472 Acc: 76.48%
[2025-12-01 19:22:18] src.utils.training - [32mINFO[0m - Epoch [6] Batch [210/504] Loss: 0.0471 Acc: 76.49%
[2025-12-01 19:22:32] src.utils.training - [32mINFO[0m - Epoch [6] Batch [220/504] Loss: 0.0472 Acc: 76.45%
[2025-12-01 19:22:43] src.utils.training - [32mINFO[0m - Epoch [6] Batch [230/504] Loss: 0.0473 Acc: 76.38%
[2025-12-01 19:22:58] src.utils.training - [32mINFO[0m - Epoch [6] Batch [240/504] Loss: 0.0472 Acc: 76.36%
[2025-12-01 19:23:08] src.utils.training - [32mINFO[0m - Epoch [6] Batch [250/504] Loss: 0.0473 Acc: 76.34%
[2025-12-01 19:23:22] src.utils.training - [32mINFO[0m - Epoch [6] Batch [260/504] Loss: 0.0473 Acc: 76.30%
[2025-12-01 19:23:36] src.utils.training - [32mINFO[0m - Epoch [6] Batch [270/504] Loss: 0.0472 Acc: 76.36%
[2025-12-01 19:23:53] src.utils.training - [32mINFO[0m - Epoch [6] Batch [280/504] Loss: 0.0473 Acc: 76.29%
[2025-12-01 19:24:04] src.utils.training - [32mINFO[0m - Epoch [6] Batch [290/504] Loss: 0.0474 Acc: 76.23%
[2025-12-01 19:24:18] src.utils.training - [32mINFO[0m - Epoch [6] Batch [300/504] Loss: 0.0474 Acc: 76.21%
[2025-12-01 19:24:30] src.utils.training - [32mINFO[0m - Epoch [6] Batch [310/504] Loss: 0.0474 Acc: 76.26%
[2025-12-01 19:24:44] src.utils.training - [32mINFO[0m - Epoch [6] Batch [320/504] Loss: 0.0474 Acc: 76.25%
[2025-12-01 19:24:54] src.utils.training - [32mINFO[0m - Epoch [6] Batch [330/504] Loss: 0.0474 Acc: 76.22%
[2025-12-01 19:25:08] src.utils.training - [32mINFO[0m - Epoch [6] Batch [340/504] Loss: 0.0474 Acc: 76.23%
[2025-12-01 19:25:19] src.utils.training - [32mINFO[0m - Epoch [6] Batch [350/504] Loss: 0.0474 Acc: 76.23%
[2025-12-01 19:25:32] src.utils.training - [32mINFO[0m - Epoch [6] Batch [360/504] Loss: 0.0475 Acc: 76.20%
[2025-12-01 19:25:43] src.utils.training - [32mINFO[0m - Epoch [6] Batch [370/504] Loss: 0.0475 Acc: 76.11%
[2025-12-01 19:25:57] src.utils.training - [32mINFO[0m - Epoch [6] Batch [380/504] Loss: 0.0476 Acc: 76.08%
[2025-12-01 19:26:11] src.utils.training - [32mINFO[0m - Epoch [6] Batch [390/504] Loss: 0.0476 Acc: 76.13%
[2025-12-01 19:26:21] src.utils.training - [32mINFO[0m - Epoch [6] Batch [400/504] Loss: 0.0476 Acc: 76.12%
[2025-12-01 19:26:34] src.utils.training - [32mINFO[0m - Epoch [6] Batch [410/504] Loss: 0.0477 Acc: 76.05%
[2025-12-01 19:26:45] src.utils.training - [32mINFO[0m - Epoch [6] Batch [420/504] Loss: 0.0476 Acc: 76.07%
[2025-12-01 19:26:58] src.utils.training - [32mINFO[0m - Epoch [6] Batch [430/504] Loss: 0.0476 Acc: 76.08%
[2025-12-01 19:27:09] src.utils.training - [32mINFO[0m - Epoch [6] Batch [440/504] Loss: 0.0476 Acc: 76.08%
[2025-12-01 19:27:22] src.utils.training - [32mINFO[0m - Epoch [6] Batch [450/504] Loss: 0.0477 Acc: 76.02%
[2025-12-01 19:27:39] src.utils.training - [32mINFO[0m - Epoch [6] Batch [460/504] Loss: 0.0477 Acc: 76.03%
[2025-12-01 19:27:52] src.utils.training - [32mINFO[0m - Epoch [6] Batch [470/504] Loss: 0.0478 Acc: 76.00%
[2025-12-01 19:28:02] src.utils.training - [32mINFO[0m - Epoch [6] Batch [480/504] Loss: 0.0477 Acc: 75.98%
[2025-12-01 19:28:21] src.utils.training - [32mINFO[0m - Epoch [6] Batch [490/504] Loss: 0.0477 Acc: 76.05%
[2025-12-01 19:28:31] src.utils.training - [32mINFO[0m - Epoch [6] Batch [500/504] Loss: 0.0477 Acc: 76.09%
[2025-12-01 19:28:39] src.utils.training - [32mINFO[0m - Epoch [6] Training Completed in 649s - Loss: 0.0476 Acc: 76.09%
[2025-12-01 19:29:40] src.utils.clip_level_evaluation - [32mINFO[0m - [VAL] Batch 50/109 Loss: 0.0394
[2025-12-01 19:30:30] src.utils.clip_level_evaluation - [32mINFO[0m - [VAL] Batch 100/109 Loss: 0.0630
[2025-12-01 19:30:39] src.utils.clip_level_evaluation - [32mINFO[0m - [VAL] Finished in 120s
[2025-12-01 19:30:39] src.utils.clip_level_evaluation - [32mINFO[0m - Results:
Loss: 0.0665 | Acc: 65.38% | AUC: 0.7054
   >> Anomaly: P=0.478 R=0.581 F1=0.524
   >> Normal:  P=0.770 R=0.690
   >> Counts:  TP=2657 FN=1919 (Missed) | TN=6442 FP=2899 (False Alarm)
   >> Rates:   FPR=0.3104 | FNR=0.4194
[2025-12-01 19:30:39] __main__ - [32mINFO[0m - Epoch [6] Validation Summary - Loss: 0.0665 | Acc: 65.38% | AUC: 0.7054
[2025-12-01 19:30:39] __main__ - [32mINFO[0m -   Anomaly Detection: Precision=0.478 Recall=0.581 F1=0.524
[2025-12-01 19:30:39] __main__ - [32mINFO[0m -   Confusion Matrix: TP=2657 FN=1919 TN=6442 FP=2899
[2025-12-01 19:30:39] __main__ - [32mINFO[0m -   Error Rates: FPR=0.3104 FNR=0.4194
[2025-12-01 19:30:39] src.utils.training_utils - [32mINFO[0m - No improvement for 3/5 epochs
[2025-12-01 19:30:56] src.utils.training - [32mINFO[0m - Epoch [7] Batch [10/504] Loss: 0.0510 Acc: 74.22%
[2025-12-01 19:31:06] src.utils.training - [32mINFO[0m - Epoch [7] Batch [20/504] Loss: 0.0480 Acc: 76.02%
[2025-12-01 19:31:20] src.utils.training - [32mINFO[0m - Epoch [7] Batch [30/504] Loss: 0.0479 Acc: 75.65%
[2025-12-01 19:31:31] src.utils.training - [32mINFO[0m - Epoch [7] Batch [40/504] Loss: 0.0476 Acc: 76.02%
[2025-12-01 19:31:45] src.utils.training - [32mINFO[0m - Epoch [7] Batch [50/504] Loss: 0.0478 Acc: 75.98%
[2025-12-01 19:31:56] src.utils.training - [32mINFO[0m - Epoch [7] Batch [60/504] Loss: 0.0476 Acc: 75.94%
[2025-12-01 19:32:13] src.utils.training - [32mINFO[0m - Epoch [7] Batch [70/504] Loss: 0.0479 Acc: 75.80%
[2025-12-01 19:32:26] src.utils.training - [32mINFO[0m - Epoch [7] Batch [80/504] Loss: 0.0481 Acc: 75.62%
[2025-12-01 19:32:40] src.utils.training - [32mINFO[0m - Epoch [7] Batch [90/504] Loss: 0.0480 Acc: 75.62%
[2025-12-01 19:32:54] src.utils.training - [32mINFO[0m - Epoch [7] Batch [100/504] Loss: 0.0483 Acc: 75.57%
[2025-12-01 19:33:04] src.utils.training - [32mINFO[0m - Epoch [7] Batch [110/504] Loss: 0.0481 Acc: 75.60%
[2025-12-01 19:33:18] src.utils.training - [32mINFO[0m - Epoch [7] Batch [120/504] Loss: 0.0480 Acc: 75.69%
[2025-12-01 19:33:28] src.utils.training - [32mINFO[0m - Epoch [7] Batch [130/504] Loss: 0.0480 Acc: 75.62%
[2025-12-01 19:33:42] src.utils.training - [32mINFO[0m - Epoch [7] Batch [140/504] Loss: 0.0480 Acc: 75.77%
[2025-12-01 19:33:53] src.utils.training - [32mINFO[0m - Epoch [7] Batch [150/504] Loss: 0.0479 Acc: 75.88%
[2025-12-01 19:34:08] src.utils.training - [32mINFO[0m - Epoch [7] Batch [160/504] Loss: 0.0476 Acc: 75.95%
[2025-12-01 19:34:19] src.utils.training - [32mINFO[0m - Epoch [7] Batch [170/504] Loss: 0.0476 Acc: 76.14%
[2025-12-01 19:34:35] src.utils.training - [32mINFO[0m - Epoch [7] Batch [180/504] Loss: 0.0477 Acc: 76.08%
[2025-12-01 19:34:46] src.utils.training - [32mINFO[0m - Epoch [7] Batch [190/504] Loss: 0.0478 Acc: 76.02%
[2025-12-01 19:34:59] src.utils.training - [32mINFO[0m - Epoch [7] Batch [200/504] Loss: 0.0477 Acc: 76.07%
[2025-12-01 19:35:09] src.utils.training - [32mINFO[0m - Epoch [7] Batch [210/504] Loss: 0.0477 Acc: 76.10%
[2025-12-01 19:35:23] src.utils.training - [32mINFO[0m - Epoch [7] Batch [220/504] Loss: 0.0477 Acc: 76.10%
[2025-12-01 19:35:36] src.utils.training - [32mINFO[0m - Epoch [7] Batch [230/504] Loss: 0.0478 Acc: 76.00%
[2025-12-01 19:35:46] src.utils.training - [32mINFO[0m - Epoch [7] Batch [240/504] Loss: 0.0477 Acc: 76.04%
[2025-12-01 19:36:00] src.utils.training - [32mINFO[0m - Epoch [7] Batch [250/504] Loss: 0.0478 Acc: 76.06%
[2025-12-01 19:36:12] src.utils.training - [32mINFO[0m - Epoch [7] Batch [260/504] Loss: 0.0477 Acc: 76.10%
[2025-12-01 19:36:26] src.utils.training - [32mINFO[0m - Epoch [7] Batch [270/504] Loss: 0.0477 Acc: 76.05%
[2025-12-01 19:36:37] src.utils.training - [32mINFO[0m - Epoch [7] Batch [280/504] Loss: 0.0479 Acc: 76.01%
[2025-12-01 19:36:50] src.utils.training - [32mINFO[0m - Epoch [7] Batch [290/504] Loss: 0.0478 Acc: 76.05%
[2025-12-01 19:37:03] src.utils.training - [32mINFO[0m - Epoch [7] Batch [300/504] Loss: 0.0478 Acc: 76.07%
[2025-12-01 19:37:15] src.utils.training - [32mINFO[0m - Epoch [7] Batch [310/504] Loss: 0.0478 Acc: 76.13%
[2025-12-01 19:37:29] src.utils.training - [32mINFO[0m - Epoch [7] Batch [320/504] Loss: 0.0477 Acc: 76.13%
[2025-12-01 19:37:39] src.utils.training - [32mINFO[0m - Epoch [7] Batch [330/504] Loss: 0.0477 Acc: 76.19%
[2025-12-01 19:37:53] src.utils.training - [32mINFO[0m - Epoch [7] Batch [340/504] Loss: 0.0476 Acc: 76.23%
[2025-12-01 19:38:04] src.utils.training - [32mINFO[0m - Epoch [7] Batch [350/504] Loss: 0.0477 Acc: 76.24%
[2025-12-01 19:38:18] src.utils.training - [32mINFO[0m - Epoch [7] Batch [360/504] Loss: 0.0477 Acc: 76.16%
[2025-12-01 19:38:30] src.utils.training - [32mINFO[0m - Epoch [7] Batch [370/504] Loss: 0.0478 Acc: 76.14%
[2025-12-01 19:38:45] src.utils.training - [32mINFO[0m - Epoch [7] Batch [380/504] Loss: 0.0478 Acc: 76.18%
[2025-12-01 19:38:55] src.utils.training - [32mINFO[0m - Epoch [7] Batch [390/504] Loss: 0.0477 Acc: 76.22%
[2025-12-01 19:39:09] src.utils.training - [32mINFO[0m - Epoch [7] Batch [400/504] Loss: 0.0478 Acc: 76.16%
[2025-12-01 19:39:20] src.utils.training - [32mINFO[0m - Epoch [7] Batch [410/504] Loss: 0.0478 Acc: 76.15%
[2025-12-01 19:39:33] src.utils.training - [32mINFO[0m - Epoch [7] Batch [420/504] Loss: 0.0478 Acc: 76.14%
[2025-12-01 19:39:51] src.utils.training - [32mINFO[0m - Epoch [7] Batch [430/504] Loss: 0.0478 Acc: 76.12%
[2025-12-01 19:40:05] src.utils.training - [32mINFO[0m - Epoch [7] Batch [440/504] Loss: 0.0478 Acc: 76.13%
[2025-12-01 19:40:15] src.utils.training - [32mINFO[0m - Epoch [7] Batch [450/504] Loss: 0.0478 Acc: 76.13%
[2025-12-01 19:40:28] src.utils.training - [32mINFO[0m - Epoch [7] Batch [460/504] Loss: 0.0478 Acc: 76.15%
[2025-12-01 19:40:39] src.utils.training - [32mINFO[0m - Epoch [7] Batch [470/504] Loss: 0.0478 Acc: 76.15%
[2025-12-01 19:40:53] src.utils.training - [32mINFO[0m - Epoch [7] Batch [480/504] Loss: 0.0477 Acc: 76.17%
[2025-12-01 19:41:03] src.utils.training - [32mINFO[0m - Epoch [7] Batch [490/504] Loss: 0.0477 Acc: 76.17%
[2025-12-01 19:41:18] src.utils.training - [32mINFO[0m - Epoch [7] Batch [500/504] Loss: 0.0477 Acc: 76.17%
[2025-12-01 19:41:21] src.utils.training - [32mINFO[0m - Epoch [7] Training Completed in 642s - Loss: 0.0477 Acc: 76.18%
[2025-12-01 19:42:24] src.utils.clip_level_evaluation - [32mINFO[0m - [VAL] Batch 50/109 Loss: 0.0375
[2025-12-01 19:43:26] src.utils.clip_level_evaluation - [32mINFO[0m - [VAL] Batch 100/109 Loss: 0.0623
[2025-12-01 19:43:34] src.utils.clip_level_evaluation - [32mINFO[0m - [VAL] Finished in 133s
[2025-12-01 19:43:34] src.utils.clip_level_evaluation - [32mINFO[0m - Results:
Loss: 0.0660 | Acc: 66.39% | AUC: 0.7153
   >> Anomaly: P=0.490 R=0.558 F1=0.522
   >> Normal:  P=0.768 R=0.716
   >> Counts:  TP=2553 FN=2023 (Missed) | TN=6687 FP=2654 (False Alarm)
   >> Rates:   FPR=0.2841 | FNR=0.4421
[2025-12-01 19:43:34] __main__ - [32mINFO[0m - Epoch [7] Validation Summary - Loss: 0.0660 | Acc: 66.39% | AUC: 0.7153
[2025-12-01 19:43:34] __main__ - [32mINFO[0m -   Anomaly Detection: Precision=0.490 Recall=0.558 F1=0.522
[2025-12-01 19:43:34] __main__ - [32mINFO[0m -   Confusion Matrix: TP=2553 FN=2023 TN=6687 FP=2654
[2025-12-01 19:43:34] __main__ - [32mINFO[0m -   Error Rates: FPR=0.2841 FNR=0.4421
[2025-12-01 19:43:34] __main__ - [32mINFO[0m - New best AUC: 0.7153
[2025-12-01 19:43:34] src.utils.training_utils - [32mINFO[0m - Saved best model to /work3/s225224/ucf-crime/checkpoints/r3d_binary_20251201_181219/best_model.pth
[2025-12-01 19:43:51] src.utils.training - [32mINFO[0m - Epoch [8] Batch [10/504] Loss: 0.0469 Acc: 77.03%
[2025-12-01 19:44:01] src.utils.training - [32mINFO[0m - Epoch [8] Batch [20/504] Loss: 0.0486 Acc: 76.37%
[2025-12-01 19:44:19] src.utils.training - [32mINFO[0m - Epoch [8] Batch [30/504] Loss: 0.0470 Acc: 76.74%
[2025-12-01 19:44:29] src.utils.training - [32mINFO[0m - Epoch [8] Batch [40/504] Loss: 0.0469 Acc: 76.84%
[2025-12-01 19:44:43] src.utils.training - [32mINFO[0m - Epoch [8] Batch [50/504] Loss: 0.0467 Acc: 76.83%
[2025-12-01 19:44:54] src.utils.training - [32mINFO[0m - Epoch [8] Batch [60/504] Loss: 0.0467 Acc: 76.67%
[2025-12-01 19:45:15] src.utils.training - [32mINFO[0m - Epoch [8] Batch [70/504] Loss: 0.0466 Acc: 76.88%
[2025-12-01 19:45:26] src.utils.training - [32mINFO[0m - Epoch [8] Batch [80/504] Loss: 0.0468 Acc: 77.07%
[2025-12-01 19:45:41] src.utils.training - [32mINFO[0m - Epoch [8] Batch [90/504] Loss: 0.0469 Acc: 76.90%
[2025-12-01 19:45:52] src.utils.training - [32mINFO[0m - Epoch [8] Batch [100/504] Loss: 0.0470 Acc: 76.74%
[2025-12-01 19:46:06] src.utils.training - [32mINFO[0m - Epoch [8] Batch [110/504] Loss: 0.0470 Acc: 76.74%
[2025-12-01 19:46:18] src.utils.training - [32mINFO[0m - Epoch [8] Batch [120/504] Loss: 0.0473 Acc: 76.54%
[2025-12-01 19:46:35] src.utils.training - [32mINFO[0m - Epoch [8] Batch [130/504] Loss: 0.0474 Acc: 76.26%
[2025-12-01 19:46:49] src.utils.training - [32mINFO[0m - Epoch [8] Batch [140/504] Loss: 0.0472 Acc: 76.33%
[2025-12-01 19:47:04] src.utils.training - [32mINFO[0m - Epoch [8] Batch [150/504] Loss: 0.0474 Acc: 76.34%
[2025-12-01 19:47:15] src.utils.training - [32mINFO[0m - Epoch [8] Batch [160/504] Loss: 0.0472 Acc: 76.47%
[2025-12-01 19:47:31] src.utils.training - [32mINFO[0m - Epoch [8] Batch [170/504] Loss: 0.0473 Acc: 76.41%
[2025-12-01 19:47:43] src.utils.training - [32mINFO[0m - Epoch [8] Batch [180/504] Loss: 0.0473 Acc: 76.44%
[2025-12-01 19:47:57] src.utils.training - [32mINFO[0m - Epoch [8] Batch [190/504] Loss: 0.0473 Acc: 76.37%
[2025-12-01 19:48:12] src.utils.training - [32mINFO[0m - Epoch [8] Batch [200/504] Loss: 0.0472 Acc: 76.46%
[2025-12-01 19:48:27] src.utils.training - [32mINFO[0m - Epoch [8] Batch [210/504] Loss: 0.0474 Acc: 76.46%
[2025-12-01 19:48:38] src.utils.training - [32mINFO[0m - Epoch [8] Batch [220/504] Loss: 0.0474 Acc: 76.34%
[2025-12-01 19:48:54] src.utils.training - [32mINFO[0m - Epoch [8] Batch [230/504] Loss: 0.0473 Acc: 76.33%
[2025-12-01 19:49:05] src.utils.training - [32mINFO[0m - Epoch [8] Batch [240/504] Loss: 0.0474 Acc: 76.40%
[2025-12-01 19:49:19] src.utils.training - [32mINFO[0m - Epoch [8] Batch [250/504] Loss: 0.0475 Acc: 76.33%
[2025-12-01 19:49:32] src.utils.training - [32mINFO[0m - Epoch [8] Batch [260/504] Loss: 0.0476 Acc: 76.25%
[2025-12-01 19:49:46] src.utils.training - [32mINFO[0m - Epoch [8] Batch [270/504] Loss: 0.0475 Acc: 76.28%
[2025-12-01 19:50:00] src.utils.training - [32mINFO[0m - Epoch [8] Batch [280/504] Loss: 0.0476 Acc: 76.26%
[2025-12-01 19:50:14] src.utils.training - [32mINFO[0m - Epoch [8] Batch [290/504] Loss: 0.0476 Acc: 76.30%
[2025-12-01 19:50:28] src.utils.training - [32mINFO[0m - Epoch [8] Batch [300/504] Loss: 0.0476 Acc: 76.34%
[2025-12-01 19:50:40] src.utils.training - [32mINFO[0m - Epoch [8] Batch [310/504] Loss: 0.0476 Acc: 76.26%
[2025-12-01 19:50:54] src.utils.training - [32mINFO[0m - Epoch [8] Batch [320/504] Loss: 0.0476 Acc: 76.25%
[2025-12-01 19:51:08] src.utils.training - [32mINFO[0m - Epoch [8] Batch [330/504] Loss: 0.0476 Acc: 76.26%
[2025-12-01 19:51:22] src.utils.training - [32mINFO[0m - Epoch [8] Batch [340/504] Loss: 0.0476 Acc: 76.24%
[2025-12-01 19:51:32] src.utils.training - [32mINFO[0m - Epoch [8] Batch [350/504] Loss: 0.0477 Acc: 76.19%
[2025-12-01 19:51:45] src.utils.training - [32mINFO[0m - Epoch [8] Batch [360/504] Loss: 0.0477 Acc: 76.19%
[2025-12-01 19:51:56] src.utils.training - [32mINFO[0m - Epoch [8] Batch [370/504] Loss: 0.0476 Acc: 76.20%
[2025-12-01 19:52:10] src.utils.training - [32mINFO[0m - Epoch [8] Batch [380/504] Loss: 0.0476 Acc: 76.22%
[2025-12-01 19:52:21] src.utils.training - [32mINFO[0m - Epoch [8] Batch [390/504] Loss: 0.0476 Acc: 76.17%
[2025-12-01 19:52:37] src.utils.training - [32mINFO[0m - Epoch [8] Batch [400/504] Loss: 0.0476 Acc: 76.23%
[2025-12-01 19:52:48] src.utils.training - [32mINFO[0m - Epoch [8] Batch [410/504] Loss: 0.0476 Acc: 76.27%
[2025-12-01 19:53:01] src.utils.training - [32mINFO[0m - Epoch [8] Batch [420/504] Loss: 0.0476 Acc: 76.23%
[2025-12-01 19:53:12] src.utils.training - [32mINFO[0m - Epoch [8] Batch [430/504] Loss: 0.0475 Acc: 76.24%
[2025-12-01 19:53:25] src.utils.training - [32mINFO[0m - Epoch [8] Batch [440/504] Loss: 0.0475 Acc: 76.31%
[2025-12-01 19:53:42] src.utils.training - [32mINFO[0m - Epoch [8] Batch [450/504] Loss: 0.0474 Acc: 76.34%
[2025-12-01 19:53:53] src.utils.training - [32mINFO[0m - Epoch [8] Batch [460/504] Loss: 0.0475 Acc: 76.36%
[2025-12-01 19:54:10] src.utils.training - [32mINFO[0m - Epoch [8] Batch [470/504] Loss: 0.0474 Acc: 76.31%
[2025-12-01 19:54:20] src.utils.training - [32mINFO[0m - Epoch [8] Batch [480/504] Loss: 0.0475 Acc: 76.27%
[2025-12-01 19:54:34] src.utils.training - [32mINFO[0m - Epoch [8] Batch [490/504] Loss: 0.0475 Acc: 76.25%
[2025-12-01 19:54:44] src.utils.training - [32mINFO[0m - Epoch [8] Batch [500/504] Loss: 0.0475 Acc: 76.28%
[2025-12-01 19:54:48] src.utils.training - [32mINFO[0m - Epoch [8] Training Completed in 674s - Loss: 0.0475 Acc: 76.29%
[2025-12-01 19:55:41] src.utils.clip_level_evaluation - [32mINFO[0m - [VAL] Batch 50/109 Loss: 0.0365
[2025-12-01 19:56:39] src.utils.clip_level_evaluation - [32mINFO[0m - [VAL] Batch 100/109 Loss: 0.0625
[2025-12-01 19:56:48] src.utils.clip_level_evaluation - [32mINFO[0m - [VAL] Finished in 120s
[2025-12-01 19:56:48] src.utils.clip_level_evaluation - [32mINFO[0m - Results:
Loss: 0.0665 | Acc: 66.45% | AUC: 0.7126
   >> Anomaly: P=0.491 R=0.557 F1=0.522
   >> Normal:  P=0.768 R=0.717
   >> Counts:  TP=2549 FN=2027 (Missed) | TN=6699 FP=2642 (False Alarm)
   >> Rates:   FPR=0.2828 | FNR=0.4430
[2025-12-01 19:56:48] __main__ - [32mINFO[0m - Epoch [8] Validation Summary - Loss: 0.0665 | Acc: 66.45% | AUC: 0.7126
[2025-12-01 19:56:48] __main__ - [32mINFO[0m -   Anomaly Detection: Precision=0.491 Recall=0.557 F1=0.522
[2025-12-01 19:56:48] __main__ - [32mINFO[0m -   Confusion Matrix: TP=2549 FN=2027 TN=6699 FP=2642
[2025-12-01 19:56:48] __main__ - [32mINFO[0m -   Error Rates: FPR=0.2828 FNR=0.4430
[2025-12-01 19:56:48] src.utils.training_utils - [32mINFO[0m - No improvement for 1/5 epochs
[2025-12-01 19:57:04] src.utils.training - [32mINFO[0m - Epoch [9] Batch [10/504] Loss: 0.0459 Acc: 77.50%
[2025-12-01 19:57:18] src.utils.training - [32mINFO[0m - Epoch [9] Batch [20/504] Loss: 0.0457 Acc: 77.81%
[2025-12-01 19:57:28] src.utils.training - [32mINFO[0m - Epoch [9] Batch [30/504] Loss: 0.0472 Acc: 77.27%
[2025-12-01 19:57:42] src.utils.training - [32mINFO[0m - Epoch [9] Batch [40/504] Loss: 0.0476 Acc: 76.46%
[2025-12-01 19:57:53] src.utils.training - [32mINFO[0m - Epoch [9] Batch [50/504] Loss: 0.0479 Acc: 76.30%
[2025-12-01 19:58:07] src.utils.training - [32mINFO[0m - Epoch [9] Batch [60/504] Loss: 0.0479 Acc: 76.22%
[2025-12-01 19:58:20] src.utils.training - [32mINFO[0m - Epoch [9] Batch [70/504] Loss: 0.0478 Acc: 75.86%
[2025-12-01 19:58:37] src.utils.training - [32mINFO[0m - Epoch [9] Batch [80/504] Loss: 0.0479 Acc: 75.94%
[2025-12-01 19:58:47] src.utils.training - [32mINFO[0m - Epoch [9] Batch [90/504] Loss: 0.0480 Acc: 76.10%
[2025-12-01 19:59:01] src.utils.training - [32mINFO[0m - Epoch [9] Batch [100/504] Loss: 0.0480 Acc: 75.84%
[2025-12-01 19:59:11] src.utils.training - [32mINFO[0m - Epoch [9] Batch [110/504] Loss: 0.0480 Acc: 75.73%
[2025-12-01 19:59:26] src.utils.training - [32mINFO[0m - Epoch [9] Batch [120/504] Loss: 0.0478 Acc: 75.77%
[2025-12-01 19:59:38] src.utils.training - [32mINFO[0m - Epoch [9] Batch [130/504] Loss: 0.0478 Acc: 75.99%
[2025-12-01 19:59:51] src.utils.training - [32mINFO[0m - Epoch [9] Batch [140/504] Loss: 0.0480 Acc: 75.98%
[2025-12-01 20:00:02] src.utils.training - [32mINFO[0m - Epoch [9] Batch [150/504] Loss: 0.0481 Acc: 75.69%
[2025-12-01 20:00:16] src.utils.training - [32mINFO[0m - Epoch [9] Batch [160/504] Loss: 0.0479 Acc: 75.85%
[2025-12-01 20:00:26] src.utils.training - [32mINFO[0m - Epoch [9] Batch [170/504] Loss: 0.0479 Acc: 76.00%
[2025-12-01 20:00:43] src.utils.training - [32mINFO[0m - Epoch [9] Batch [180/504] Loss: 0.0479 Acc: 75.93%
[2025-12-01 20:00:53] src.utils.training - [32mINFO[0m - Epoch [9] Batch [190/504] Loss: 0.0481 Acc: 75.91%
[2025-12-01 20:01:06] src.utils.training - [32mINFO[0m - Epoch [9] Batch [200/504] Loss: 0.0481 Acc: 75.86%
[2025-12-01 20:01:22] src.utils.training - [32mINFO[0m - Epoch [9] Batch [210/504] Loss: 0.0482 Acc: 75.72%
[2025-12-01 20:01:32] src.utils.training - [32mINFO[0m - Epoch [9] Batch [220/504] Loss: 0.0482 Acc: 75.72%
[2025-12-01 20:01:45] src.utils.training - [32mINFO[0m - Epoch [9] Batch [230/504] Loss: 0.0481 Acc: 75.77%
[2025-12-01 20:01:59] src.utils.training - [32mINFO[0m - Epoch [9] Batch [240/504] Loss: 0.0482 Acc: 75.67%
[2025-12-01 20:02:13] src.utils.training - [32mINFO[0m - Epoch [9] Batch [250/504] Loss: 0.0481 Acc: 75.73%
[2025-12-01 20:02:23] src.utils.training - [32mINFO[0m - Epoch [9] Batch [260/504] Loss: 0.0481 Acc: 75.70%
[2025-12-01 20:02:36] src.utils.training - [32mINFO[0m - Epoch [9] Batch [270/504] Loss: 0.0481 Acc: 75.75%
[2025-12-01 20:02:47] src.utils.training - [32mINFO[0m - Epoch [9] Batch [280/504] Loss: 0.0482 Acc: 75.79%
[2025-12-01 20:03:00] src.utils.training - [32mINFO[0m - Epoch [9] Batch [290/504] Loss: 0.0482 Acc: 75.74%
[2025-12-01 20:03:11] src.utils.training - [32mINFO[0m - Epoch [9] Batch [300/504] Loss: 0.0482 Acc: 75.73%
[2025-12-01 20:03:24] src.utils.training - [32mINFO[0m - Epoch [9] Batch [310/504] Loss: 0.0481 Acc: 75.80%
[2025-12-01 20:03:37] src.utils.training - [32mINFO[0m - Epoch [9] Batch [320/504] Loss: 0.0482 Acc: 75.72%
[2025-12-01 20:03:54] src.utils.training - [32mINFO[0m - Epoch [9] Batch [330/504] Loss: 0.0483 Acc: 75.68%
[2025-12-01 20:04:04] src.utils.training - [32mINFO[0m - Epoch [9] Batch [340/504] Loss: 0.0482 Acc: 75.65%
[2025-12-01 20:04:17] src.utils.training - [32mINFO[0m - Epoch [9] Batch [350/504] Loss: 0.0483 Acc: 75.63%
[2025-12-01 20:04:28] src.utils.training - [32mINFO[0m - Epoch [9] Batch [360/504] Loss: 0.0481 Acc: 75.76%
[2025-12-01 20:04:40] src.utils.training - [32mINFO[0m - Epoch [9] Batch [370/504] Loss: 0.0481 Acc: 75.85%
[2025-12-01 20:04:52] src.utils.training - [32mINFO[0m - Epoch [9] Batch [380/504] Loss: 0.0481 Acc: 75.84%
[2025-12-01 20:05:03] src.utils.training - [32mINFO[0m - Epoch [9] Batch [390/504] Loss: 0.0481 Acc: 75.88%
[2025-12-01 20:05:15] src.utils.training - [32mINFO[0m - Epoch [9] Batch [400/504] Loss: 0.0480 Acc: 75.95%
[2025-12-01 20:05:27] src.utils.training - [32mINFO[0m - Epoch [9] Batch [410/504] Loss: 0.0480 Acc: 75.94%
[2025-12-01 20:05:38] src.utils.training - [32mINFO[0m - Epoch [9] Batch [420/504] Loss: 0.0480 Acc: 75.88%
[2025-12-01 20:05:53] src.utils.training - [32mINFO[0m - Epoch [9] Batch [430/504] Loss: 0.0480 Acc: 75.88%
[2025-12-01 20:06:06] src.utils.training - [32mINFO[0m - Epoch [9] Batch [440/504] Loss: 0.0480 Acc: 75.86%
[2025-12-01 20:06:16] src.utils.training - [32mINFO[0m - Epoch [9] Batch [450/504] Loss: 0.0480 Acc: 75.85%
[2025-12-01 20:06:30] src.utils.training - [32mINFO[0m - Epoch [9] Batch [460/504] Loss: 0.0480 Acc: 75.86%
[2025-12-01 20:06:40] src.utils.training - [32mINFO[0m - Epoch [9] Batch [470/504] Loss: 0.0480 Acc: 75.90%
[2025-12-01 20:06:53] src.utils.training - [32mINFO[0m - Epoch [9] Batch [480/504] Loss: 0.0480 Acc: 75.94%
[2025-12-01 20:07:09] src.utils.training - [32mINFO[0m - Epoch [9] Batch [490/504] Loss: 0.0479 Acc: 76.03%
[2025-12-01 20:07:20] src.utils.training - [32mINFO[0m - Epoch [9] Batch [500/504] Loss: 0.0478 Acc: 76.02%
[2025-12-01 20:07:24] src.utils.training - [32mINFO[0m - Epoch [9] Training Completed in 636s - Loss: 0.0478 Acc: 76.02%
[2025-12-01 20:08:15] src.utils.clip_level_evaluation - [32mINFO[0m - [VAL] Batch 50/109 Loss: 0.0343
[2025-12-01 20:09:13] src.utils.clip_level_evaluation - [32mINFO[0m - [VAL] Batch 100/109 Loss: 0.0636
[2025-12-01 20:09:20] src.utils.clip_level_evaluation - [32mINFO[0m - [VAL] Finished in 116s
[2025-12-01 20:09:20] src.utils.clip_level_evaluation - [32mINFO[0m - Results:
Loss: 0.0681 | Acc: 67.52% | AUC: 0.7100
   >> Anomaly: P=0.506 R=0.521 F1=0.513
   >> Normal:  P=0.762 R=0.751
   >> Counts:  TP=2382 FN=2194 (Missed) | TN=7015 FP=2326 (False Alarm)
   >> Rates:   FPR=0.2490 | FNR=0.4795
[2025-12-01 20:09:20] __main__ - [32mINFO[0m - Epoch [9] Validation Summary - Loss: 0.0681 | Acc: 67.52% | AUC: 0.7100
[2025-12-01 20:09:20] __main__ - [32mINFO[0m -   Anomaly Detection: Precision=0.506 Recall=0.521 F1=0.513
[2025-12-01 20:09:20] __main__ - [32mINFO[0m -   Confusion Matrix: TP=2382 FN=2194 TN=7015 FP=2326
[2025-12-01 20:09:20] __main__ - [32mINFO[0m -   Error Rates: FPR=0.2490 FNR=0.4795
[2025-12-01 20:09:20] src.utils.training_utils - [32mINFO[0m - No improvement for 2/5 epochs
[2025-12-01 20:09:36] src.utils.training - [32mINFO[0m - Epoch [10] Batch [10/504] Loss: 0.0481 Acc: 76.56%
[2025-12-01 20:09:52] src.utils.training - [32mINFO[0m - Epoch [10] Batch [20/504] Loss: 0.0469 Acc: 76.80%
[2025-12-01 20:10:02] src.utils.training - [32mINFO[0m - Epoch [10] Batch [30/504] Loss: 0.0469 Acc: 76.64%
[2025-12-01 20:10:15] src.utils.training - [32mINFO[0m - Epoch [10] Batch [40/504] Loss: 0.0482 Acc: 76.19%
[2025-12-01 20:10:25] src.utils.training - [32mINFO[0m - Epoch [10] Batch [50/504] Loss: 0.0486 Acc: 75.20%
[2025-12-01 20:10:38] src.utils.training - [32mINFO[0m - Epoch [10] Batch [60/504] Loss: 0.0489 Acc: 74.57%
[2025-12-01 20:10:47] src.utils.training - [32mINFO[0m - Epoch [10] Batch [70/504] Loss: 0.0487 Acc: 75.20%
[2025-12-01 20:11:00] src.utils.training - [32mINFO[0m - Epoch [10] Batch [80/504] Loss: 0.0486 Acc: 75.57%
[2025-12-01 20:11:10] src.utils.training - [32mINFO[0m - Epoch [10] Batch [90/504] Loss: 0.0486 Acc: 75.47%
[2025-12-01 20:11:23] src.utils.training - [32mINFO[0m - Epoch [10] Batch [100/504] Loss: 0.0482 Acc: 75.60%
[2025-12-01 20:11:36] src.utils.training - [32mINFO[0m - Epoch [10] Batch [110/504] Loss: 0.0483 Acc: 75.63%
[2025-12-01 20:11:46] src.utils.training - [32mINFO[0m - Epoch [10] Batch [120/504] Loss: 0.0484 Acc: 75.62%
[2025-12-01 20:11:58] src.utils.training - [32mINFO[0m - Epoch [10] Batch [130/504] Loss: 0.0483 Acc: 75.66%
[2025-12-01 20:12:09] src.utils.training - [32mINFO[0m - Epoch [10] Batch [140/504] Loss: 0.0485 Acc: 75.69%
[2025-12-01 20:12:21] src.utils.training - [32mINFO[0m - Epoch [10] Batch [150/504] Loss: 0.0485 Acc: 75.63%
[2025-12-01 20:12:32] src.utils.training - [32mINFO[0m - Epoch [10] Batch [160/504] Loss: 0.0484 Acc: 75.60%
[2025-12-01 20:12:44] src.utils.training - [32mINFO[0m - Epoch [10] Batch [170/504] Loss: 0.0483 Acc: 75.71%
[2025-12-01 20:12:54] src.utils.training - [32mINFO[0m - Epoch [10] Batch [180/504] Loss: 0.0483 Acc: 75.84%
[2025-12-01 20:13:06] src.utils.training - [32mINFO[0m - Epoch [10] Batch [190/504] Loss: 0.0483 Acc: 75.81%
[2025-12-01 20:13:17] src.utils.training - [32mINFO[0m - Epoch [10] Batch [200/504] Loss: 0.0482 Acc: 75.90%
[2025-12-01 20:13:29] src.utils.training - [32mINFO[0m - Epoch [10] Batch [210/504] Loss: 0.0480 Acc: 75.99%
[2025-12-01 20:13:40] src.utils.training - [32mINFO[0m - Epoch [10] Batch [220/504] Loss: 0.0480 Acc: 76.10%
[2025-12-01 20:13:51] src.utils.training - [32mINFO[0m - Epoch [10] Batch [230/504] Loss: 0.0480 Acc: 76.00%
[2025-12-01 20:14:03] src.utils.training - [32mINFO[0m - Epoch [10] Batch [240/504] Loss: 0.0481 Acc: 75.97%
[2025-12-01 20:14:14] src.utils.training - [32mINFO[0m - Epoch [10] Batch [250/504] Loss: 0.0480 Acc: 75.98%
[2025-12-01 20:14:26] src.utils.training - [32mINFO[0m - Epoch [10] Batch [260/504] Loss: 0.0479 Acc: 76.05%
[2025-12-01 20:14:37] src.utils.training - [32mINFO[0m - Epoch [10] Batch [270/504] Loss: 0.0480 Acc: 76.09%
[2025-12-01 20:14:50] src.utils.training - [32mINFO[0m - Epoch [10] Batch [280/504] Loss: 0.0480 Acc: 76.07%
[2025-12-01 20:15:03] src.utils.training - [32mINFO[0m - Epoch [10] Batch [290/504] Loss: 0.0479 Acc: 76.06%
[2025-12-01 20:15:13] src.utils.training - [32mINFO[0m - Epoch [10] Batch [300/504] Loss: 0.0480 Acc: 76.08%
[2025-12-01 20:15:27] src.utils.training - [32mINFO[0m - Epoch [10] Batch [310/504] Loss: 0.0480 Acc: 76.09%
[2025-12-01 20:15:37] src.utils.training - [32mINFO[0m - Epoch [10] Batch [320/504] Loss: 0.0479 Acc: 76.10%
[2025-12-01 20:15:50] src.utils.training - [32mINFO[0m - Epoch [10] Batch [330/504] Loss: 0.0480 Acc: 76.11%
[2025-12-01 20:16:01] src.utils.training - [32mINFO[0m - Epoch [10] Batch [340/504] Loss: 0.0480 Acc: 76.09%
[2025-12-01 20:16:14] src.utils.training - [32mINFO[0m - Epoch [10] Batch [350/504] Loss: 0.0479 Acc: 76.14%
[2025-12-01 20:16:24] src.utils.training - [32mINFO[0m - Epoch [10] Batch [360/504] Loss: 0.0479 Acc: 76.16%
[2025-12-01 20:16:37] src.utils.training - [32mINFO[0m - Epoch [10] Batch [370/504] Loss: 0.0479 Acc: 76.14%
[2025-12-01 20:16:47] src.utils.training - [32mINFO[0m - Epoch [10] Batch [380/504] Loss: 0.0479 Acc: 76.11%
[2025-12-01 20:17:01] src.utils.training - [32mINFO[0m - Epoch [10] Batch [390/504] Loss: 0.0480 Acc: 76.08%
[2025-12-01 20:17:11] src.utils.training - [32mINFO[0m - Epoch [10] Batch [400/504] Loss: 0.0480 Acc: 76.04%
[2025-12-01 20:17:24] src.utils.training - [32mINFO[0m - Epoch [10] Batch [410/504] Loss: 0.0479 Acc: 76.07%
[2025-12-01 20:17:35] src.utils.training - [32mINFO[0m - Epoch [10] Batch [420/504] Loss: 0.0479 Acc: 76.10%
[2025-12-01 20:17:49] src.utils.training - [32mINFO[0m - Epoch [10] Batch [430/504] Loss: 0.0479 Acc: 76.12%
[2025-12-01 20:17:59] src.utils.training - [32mINFO[0m - Epoch [10] Batch [440/504] Loss: 0.0479 Acc: 76.08%
[2025-12-01 20:18:13] src.utils.training - [32mINFO[0m - Epoch [10] Batch [450/504] Loss: 0.0479 Acc: 76.08%
[2025-12-01 20:18:23] src.utils.training - [32mINFO[0m - Epoch [10] Batch [460/504] Loss: 0.0478 Acc: 76.08%
[2025-12-01 20:18:37] src.utils.training - [32mINFO[0m - Epoch [10] Batch [470/504] Loss: 0.0478 Acc: 76.08%
[2025-12-01 20:18:47] src.utils.training - [32mINFO[0m - Epoch [10] Batch [480/504] Loss: 0.0478 Acc: 76.10%
[2025-12-01 20:19:00] src.utils.training - [32mINFO[0m - Epoch [10] Batch [490/504] Loss: 0.0479 Acc: 76.03%
[2025-12-01 20:19:11] src.utils.training - [32mINFO[0m - Epoch [10] Batch [500/504] Loss: 0.0478 Acc: 76.04%
[2025-12-01 20:19:16] src.utils.training - [32mINFO[0m - Epoch [10] Training Completed in 596s - Loss: 0.0478 Acc: 76.05%
[2025-12-01 20:20:09] src.utils.clip_level_evaluation - [32mINFO[0m - [VAL] Batch 50/109 Loss: 0.0359
[2025-12-01 20:20:58] src.utils.clip_level_evaluation - [32mINFO[0m - [VAL] Batch 100/109 Loss: 0.0631
[2025-12-01 20:21:06] src.utils.clip_level_evaluation - [32mINFO[0m - [VAL] Finished in 110s
[2025-12-01 20:21:06] src.utils.clip_level_evaluation - [32mINFO[0m - Results:
Loss: 0.0671 | Acc: 66.96% | AUC: 0.7123
   >> Anomaly: P=0.498 R=0.536 F1=0.516
   >> Normal:  P=0.764 R=0.735
   >> Counts:  TP=2454 FN=2122 (Missed) | TN=6865 FP=2476 (False Alarm)
   >> Rates:   FPR=0.2651 | FNR=0.4637
[2025-12-01 20:21:06] __main__ - [32mINFO[0m - Epoch [10] Validation Summary - Loss: 0.0671 | Acc: 66.96% | AUC: 0.7123
[2025-12-01 20:21:06] __main__ - [32mINFO[0m -   Anomaly Detection: Precision=0.498 Recall=0.536 F1=0.516
[2025-12-01 20:21:06] __main__ - [32mINFO[0m -   Confusion Matrix: TP=2454 FN=2122 TN=6865 FP=2476
[2025-12-01 20:21:06] __main__ - [32mINFO[0m -   Error Rates: FPR=0.2651 FNR=0.4637
[2025-12-01 20:21:06] src.utils.training_utils - [32mINFO[0m - No improvement for 3/5 epochs
[2025-12-01 20:21:21] src.utils.training - [32mINFO[0m - Epoch [11] Batch [10/504] Loss: 0.0486 Acc: 76.72%
[2025-12-01 20:21:31] src.utils.training - [32mINFO[0m - Epoch [11] Batch [20/504] Loss: 0.0479 Acc: 77.15%
[2025-12-01 20:21:44] src.utils.training - [32mINFO[0m - Epoch [11] Batch [30/504] Loss: 0.0480 Acc: 76.67%
[2025-12-01 20:21:56] src.utils.training - [32mINFO[0m - Epoch [11] Batch [40/504] Loss: 0.0479 Acc: 76.99%
[2025-12-01 20:22:07] src.utils.training - [32mINFO[0m - Epoch [11] Batch [50/504] Loss: 0.0482 Acc: 76.61%
[2025-12-01 20:22:19] src.utils.training - [32mINFO[0m - Epoch [11] Batch [60/504] Loss: 0.0482 Acc: 76.21%
[2025-12-01 20:22:29] src.utils.training - [32mINFO[0m - Epoch [11] Batch [70/504] Loss: 0.0480 Acc: 76.24%
[2025-12-01 20:22:42] src.utils.training - [32mINFO[0m - Epoch [11] Batch [80/504] Loss: 0.0477 Acc: 76.50%
[2025-12-01 20:22:56] src.utils.training - [32mINFO[0m - Epoch [11] Batch [90/504] Loss: 0.0479 Acc: 76.56%
[2025-12-01 20:23:06] src.utils.training - [32mINFO[0m - Epoch [11] Batch [100/504] Loss: 0.0482 Acc: 76.29%
[2025-12-01 20:23:18] src.utils.training - [32mINFO[0m - Epoch [11] Batch [110/504] Loss: 0.0482 Acc: 76.18%
[2025-12-01 20:23:32] src.utils.training - [32mINFO[0m - Epoch [11] Batch [120/504] Loss: 0.0482 Acc: 76.04%
[2025-12-01 20:23:42] src.utils.training - [32mINFO[0m - Epoch [11] Batch [130/504] Loss: 0.0483 Acc: 76.14%
[2025-12-01 20:23:55] src.utils.training - [32mINFO[0m - Epoch [11] Batch [140/504] Loss: 0.0483 Acc: 76.09%
[2025-12-01 20:24:05] src.utils.training - [32mINFO[0m - Epoch [11] Batch [150/504] Loss: 0.0484 Acc: 75.98%
[2025-12-01 20:24:18] src.utils.training - [32mINFO[0m - Epoch [11] Batch [160/504] Loss: 0.0484 Acc: 75.96%
[2025-12-01 20:24:28] src.utils.training - [32mINFO[0m - Epoch [11] Batch [170/504] Loss: 0.0484 Acc: 75.85%
[2025-12-01 20:24:41] src.utils.training - [32mINFO[0m - Epoch [11] Batch [180/504] Loss: 0.0484 Acc: 75.99%
[2025-12-01 20:24:51] src.utils.training - [32mINFO[0m - Epoch [11] Batch [190/504] Loss: 0.0483 Acc: 76.02%
[2025-12-01 20:25:04] src.utils.training - [32mINFO[0m - Epoch [11] Batch [200/504] Loss: 0.0483 Acc: 75.98%
[2025-12-01 20:25:15] src.utils.training - [32mINFO[0m - Epoch [11] Batch [210/504] Loss: 0.0482 Acc: 76.09%
[2025-12-01 20:25:28] src.utils.training - [32mINFO[0m - Epoch [11] Batch [220/504] Loss: 0.0482 Acc: 76.15%
[2025-12-01 20:25:38] src.utils.training - [32mINFO[0m - Epoch [11] Batch [230/504] Loss: 0.0481 Acc: 76.13%
[2025-12-01 20:25:51] src.utils.training - [32mINFO[0m - Epoch [11] Batch [240/504] Loss: 0.0481 Acc: 76.15%
[2025-12-01 20:26:01] src.utils.training - [32mINFO[0m - Epoch [11] Batch [250/504] Loss: 0.0480 Acc: 76.19%
[2025-12-01 20:26:14] src.utils.training - [32mINFO[0m - Epoch [11] Batch [260/504] Loss: 0.0479 Acc: 76.27%
[2025-12-01 20:26:24] src.utils.training - [32mINFO[0m - Epoch [11] Batch [270/504] Loss: 0.0480 Acc: 76.25%
[2025-12-01 20:26:37] src.utils.training - [32mINFO[0m - Epoch [11] Batch [280/504] Loss: 0.0480 Acc: 76.19%
[2025-12-01 20:26:47] src.utils.training - [32mINFO[0m - Epoch [11] Batch [290/504] Loss: 0.0479 Acc: 76.24%
[2025-12-01 20:27:00] src.utils.training - [32mINFO[0m - Epoch [11] Batch [300/504] Loss: 0.0479 Acc: 76.28%
[2025-12-01 20:27:10] src.utils.training - [32mINFO[0m - Epoch [11] Batch [310/504] Loss: 0.0479 Acc: 76.20%
[2025-12-01 20:27:24] src.utils.training - [32mINFO[0m - Epoch [11] Batch [320/504] Loss: 0.0480 Acc: 76.16%
[2025-12-01 20:27:37] src.utils.training - [32mINFO[0m - Epoch [11] Batch [330/504] Loss: 0.0480 Acc: 76.12%
[2025-12-01 20:27:48] src.utils.training - [32mINFO[0m - Epoch [11] Batch [340/504] Loss: 0.0480 Acc: 76.14%
[2025-12-01 20:28:00] src.utils.training - [32mINFO[0m - Epoch [11] Batch [350/504] Loss: 0.0480 Acc: 76.10%
[2025-12-01 20:28:11] src.utils.training - [32mINFO[0m - Epoch [11] Batch [360/504] Loss: 0.0480 Acc: 76.10%
[2025-12-01 20:28:23] src.utils.training - [32mINFO[0m - Epoch [11] Batch [370/504] Loss: 0.0479 Acc: 76.17%
[2025-12-01 20:28:34] src.utils.training - [32mINFO[0m - Epoch [11] Batch [380/504] Loss: 0.0479 Acc: 76.21%
[2025-12-01 20:28:46] src.utils.training - [32mINFO[0m - Epoch [11] Batch [390/504] Loss: 0.0479 Acc: 76.22%
[2025-12-01 20:28:58] src.utils.training - [32mINFO[0m - Epoch [11] Batch [400/504] Loss: 0.0479 Acc: 76.21%
[2025-12-01 20:29:10] src.utils.training - [32mINFO[0m - Epoch [11] Batch [410/504] Loss: 0.0479 Acc: 76.15%
[2025-12-01 20:29:21] src.utils.training - [32mINFO[0m - Epoch [11] Batch [420/504] Loss: 0.0479 Acc: 76.16%
[2025-12-01 20:29:33] src.utils.training - [32mINFO[0m - Epoch [11] Batch [430/504] Loss: 0.0479 Acc: 76.18%
[2025-12-01 20:29:45] src.utils.training - [32mINFO[0m - Epoch [11] Batch [440/504] Loss: 0.0479 Acc: 76.20%
[2025-12-01 20:29:57] src.utils.training - [32mINFO[0m - Epoch [11] Batch [450/504] Loss: 0.0479 Acc: 76.12%
[2025-12-01 20:30:08] src.utils.training - [32mINFO[0m - Epoch [11] Batch [460/504] Loss: 0.0479 Acc: 76.15%
[2025-12-01 20:30:20] src.utils.training - [32mINFO[0m - Epoch [11] Batch [470/504] Loss: 0.0479 Acc: 76.21%
[2025-12-01 20:30:31] src.utils.training - [32mINFO[0m - Epoch [11] Batch [480/504] Loss: 0.0478 Acc: 76.26%
[2025-12-01 20:30:42] src.utils.training - [32mINFO[0m - Epoch [11] Batch [490/504] Loss: 0.0478 Acc: 76.29%
[2025-12-01 20:30:53] src.utils.training - [32mINFO[0m - Epoch [11] Batch [500/504] Loss: 0.0478 Acc: 76.27%
[2025-12-01 20:30:58] src.utils.training - [32mINFO[0m - Epoch [11] Training Completed in 592s - Loss: 0.0478 Acc: 76.26%
[2025-12-01 20:31:49] src.utils.clip_level_evaluation - [32mINFO[0m - [VAL] Batch 50/109 Loss: 0.0374
[2025-12-01 20:32:41] src.utils.clip_level_evaluation - [32mINFO[0m - [VAL] Batch 100/109 Loss: 0.0622
[2025-12-01 20:32:49] src.utils.clip_level_evaluation - [32mINFO[0m - [VAL] Finished in 111s
[2025-12-01 20:32:49] src.utils.clip_level_evaluation - [32mINFO[0m - Results:
Loss: 0.0659 | Acc: 66.00% | AUC: 0.7141
   >> Anomaly: P=0.485 R=0.563 F1=0.521
   >> Normal:  P=0.768 R=0.708
   >> Counts:  TP=2575 FN=2001 (Missed) | TN=6610 FP=2731 (False Alarm)
   >> Rates:   FPR=0.2924 | FNR=0.4373
[2025-12-01 20:32:49] __main__ - [32mINFO[0m - Epoch [11] Validation Summary - Loss: 0.0659 | Acc: 66.00% | AUC: 0.7141
[2025-12-01 20:32:49] __main__ - [32mINFO[0m -   Anomaly Detection: Precision=0.485 Recall=0.563 F1=0.521
[2025-12-01 20:32:49] __main__ - [32mINFO[0m -   Confusion Matrix: TP=2575 FN=2001 TN=6610 FP=2731
[2025-12-01 20:32:49] __main__ - [32mINFO[0m -   Error Rates: FPR=0.2924 FNR=0.4373
[2025-12-01 20:32:49] src.utils.training_utils - [32mINFO[0m - No improvement for 4/5 epochs
[2025-12-01 20:33:04] src.utils.training - [32mINFO[0m - Epoch [12] Batch [10/504] Loss: 0.0483 Acc: 77.58%
[2025-12-01 20:33:17] src.utils.training - [32mINFO[0m - Epoch [12] Batch [20/504] Loss: 0.0485 Acc: 75.55%
[2025-12-01 20:33:29] src.utils.training - [32mINFO[0m - Epoch [12] Batch [30/504] Loss: 0.0480 Acc: 76.64%
[2025-12-01 20:33:41] src.utils.training - [32mINFO[0m - Epoch [12] Batch [40/504] Loss: 0.0486 Acc: 76.99%
[2025-12-01 20:33:52] src.utils.training - [32mINFO[0m - Epoch [12] Batch [50/504] Loss: 0.0480 Acc: 76.70%
[2025-12-01 20:34:04] src.utils.training - [32mINFO[0m - Epoch [12] Batch [60/504] Loss: 0.0480 Acc: 76.65%
[2025-12-01 20:34:15] src.utils.training - [32mINFO[0m - Epoch [12] Batch [70/504] Loss: 0.0477 Acc: 76.82%
[2025-12-01 20:34:27] src.utils.training - [32mINFO[0m - Epoch [12] Batch [80/504] Loss: 0.0476 Acc: 76.77%
[2025-12-01 20:34:38] src.utils.training - [32mINFO[0m - Epoch [12] Batch [90/504] Loss: 0.0475 Acc: 76.96%
[2025-12-01 20:34:51] src.utils.training - [32mINFO[0m - Epoch [12] Batch [100/504] Loss: 0.0477 Acc: 76.87%
[2025-12-01 20:35:02] src.utils.training - [32mINFO[0m - Epoch [12] Batch [110/504] Loss: 0.0475 Acc: 76.88%
[2025-12-01 20:35:13] src.utils.training - [32mINFO[0m - Epoch [12] Batch [120/504] Loss: 0.0473 Acc: 77.03%
[2025-12-01 20:35:25] src.utils.training - [32mINFO[0m - Epoch [12] Batch [130/504] Loss: 0.0471 Acc: 77.22%
[2025-12-01 20:35:40] src.utils.training - [32mINFO[0m - Epoch [12] Batch [140/504] Loss: 0.0472 Acc: 77.28%
[2025-12-01 20:35:52] src.utils.training - [32mINFO[0m - Epoch [12] Batch [150/504] Loss: 0.0472 Acc: 77.29%
[2025-12-01 20:36:04] src.utils.training - [32mINFO[0m - Epoch [12] Batch [160/504] Loss: 0.0473 Acc: 77.11%
[2025-12-01 20:36:16] src.utils.training - [32mINFO[0m - Epoch [12] Batch [170/504] Loss: 0.0473 Acc: 77.04%
[2025-12-01 20:36:28] src.utils.training - [32mINFO[0m - Epoch [12] Batch [180/504] Loss: 0.0473 Acc: 77.04%
[2025-12-01 20:36:39] src.utils.training - [32mINFO[0m - Epoch [12] Batch [190/504] Loss: 0.0475 Acc: 76.89%
[2025-12-01 20:36:51] src.utils.training - [32mINFO[0m - Epoch [12] Batch [200/504] Loss: 0.0473 Acc: 76.87%
[2025-12-01 20:37:04] src.utils.training - [32mINFO[0m - Epoch [12] Batch [210/504] Loss: 0.0474 Acc: 76.92%
[2025-12-01 20:37:22] src.utils.training - [32mINFO[0m - Epoch [12] Batch [220/504] Loss: 0.0475 Acc: 76.81%
[2025-12-01 20:37:32] src.utils.training - [32mINFO[0m - Epoch [12] Batch [230/504] Loss: 0.0474 Acc: 76.85%
[2025-12-01 20:37:45] src.utils.training - [32mINFO[0m - Epoch [12] Batch [240/504] Loss: 0.0475 Acc: 76.78%
[2025-12-01 20:37:55] src.utils.training - [32mINFO[0m - Epoch [12] Batch [250/504] Loss: 0.0476 Acc: 76.73%
[2025-12-01 20:38:08] src.utils.training - [32mINFO[0m - Epoch [12] Batch [260/504] Loss: 0.0477 Acc: 76.63%
[2025-12-01 20:38:19] src.utils.training - [32mINFO[0m - Epoch [12] Batch [270/504] Loss: 0.0477 Acc: 76.49%
[2025-12-01 20:38:32] src.utils.training - [32mINFO[0m - Epoch [12] Batch [280/504] Loss: 0.0478 Acc: 76.50%
[2025-12-01 20:38:42] src.utils.training - [32mINFO[0m - Epoch [12] Batch [290/504] Loss: 0.0477 Acc: 76.54%
[2025-12-01 20:38:55] src.utils.training - [32mINFO[0m - Epoch [12] Batch [300/504] Loss: 0.0476 Acc: 76.54%
[2025-12-01 20:39:06] src.utils.training - [32mINFO[0m - Epoch [12] Batch [310/504] Loss: 0.0476 Acc: 76.53%
[2025-12-01 20:39:19] src.utils.training - [32mINFO[0m - Epoch [12] Batch [320/504] Loss: 0.0478 Acc: 76.48%
[2025-12-01 20:39:29] src.utils.training - [32mINFO[0m - Epoch [12] Batch [330/504] Loss: 0.0477 Acc: 76.38%
[2025-12-01 20:39:42] src.utils.training - [32mINFO[0m - Epoch [12] Batch [340/504] Loss: 0.0477 Acc: 76.43%
[2025-12-01 20:39:52] src.utils.training - [32mINFO[0m - Epoch [12] Batch [350/504] Loss: 0.0476 Acc: 76.47%
[2025-12-01 20:40:08] src.utils.training - [32mINFO[0m - Epoch [12] Batch [360/504] Loss: 0.0476 Acc: 76.45%
[2025-12-01 20:40:19] src.utils.training - [32mINFO[0m - Epoch [12] Batch [370/504] Loss: 0.0477 Acc: 76.44%
[2025-12-01 20:40:32] src.utils.training - [32mINFO[0m - Epoch [12] Batch [380/504] Loss: 0.0477 Acc: 76.43%
[2025-12-01 20:40:43] src.utils.training - [32mINFO[0m - Epoch [12] Batch [390/504] Loss: 0.0477 Acc: 76.40%
[2025-12-01 20:40:56] src.utils.training - [32mINFO[0m - Epoch [12] Batch [400/504] Loss: 0.0477 Acc: 76.39%
[2025-12-01 20:41:07] src.utils.training - [32mINFO[0m - Epoch [12] Batch [410/504] Loss: 0.0478 Acc: 76.40%
[2025-12-01 20:41:20] src.utils.training - [32mINFO[0m - Epoch [12] Batch [420/504] Loss: 0.0478 Acc: 76.35%
[2025-12-01 20:41:31] src.utils.training - [32mINFO[0m - Epoch [12] Batch [430/504] Loss: 0.0479 Acc: 76.28%
[2025-12-01 20:41:44] src.utils.training - [32mINFO[0m - Epoch [12] Batch [440/504] Loss: 0.0479 Acc: 76.25%
[2025-12-01 20:41:54] src.utils.training - [32mINFO[0m - Epoch [12] Batch [450/504] Loss: 0.0479 Acc: 76.24%
[2025-12-01 20:42:11] src.utils.training - [32mINFO[0m - Epoch [12] Batch [460/504] Loss: 0.0479 Acc: 76.23%
[2025-12-01 20:42:21] src.utils.training - [32mINFO[0m - Epoch [12] Batch [470/504] Loss: 0.0478 Acc: 76.28%
[2025-12-01 20:42:35] src.utils.training - [32mINFO[0m - Epoch [12] Batch [480/504] Loss: 0.0478 Acc: 76.36%
[2025-12-01 20:42:45] src.utils.training - [32mINFO[0m - Epoch [12] Batch [490/504] Loss: 0.0478 Acc: 76.31%
[2025-12-01 20:43:02] src.utils.training - [32mINFO[0m - Epoch [12] Batch [500/504] Loss: 0.0478 Acc: 76.30%
[2025-12-01 20:43:06] src.utils.training - [32mINFO[0m - Epoch [12] Training Completed in 617s - Loss: 0.0478 Acc: 76.31%
[2025-12-01 20:44:01] src.utils.clip_level_evaluation - [32mINFO[0m - [VAL] Batch 50/109 Loss: 0.0375
[2025-12-01 20:44:58] src.utils.clip_level_evaluation - [32mINFO[0m - [VAL] Batch 100/109 Loss: 0.0627
[2025-12-01 20:45:07] src.utils.clip_level_evaluation - [32mINFO[0m - [VAL] Finished in 121s
[2025-12-01 20:45:07] src.utils.clip_level_evaluation - [32mINFO[0m - Results:
Loss: 0.0665 | Acc: 66.13% | AUC: 0.7092
   >> Anomaly: P=0.487 R=0.555 F1=0.519
   >> Normal:  P=0.766 R=0.713
   >> Counts:  TP=2540 FN=2036 (Missed) | TN=6664 FP=2677 (False Alarm)
   >> Rates:   FPR=0.2866 | FNR=0.4449
[2025-12-01 20:45:07] __main__ - [32mINFO[0m - Epoch [12] Validation Summary - Loss: 0.0665 | Acc: 66.13% | AUC: 0.7092
[2025-12-01 20:45:07] __main__ - [32mINFO[0m -   Anomaly Detection: Precision=0.487 Recall=0.555 F1=0.519
[2025-12-01 20:45:07] __main__ - [32mINFO[0m -   Confusion Matrix: TP=2540 FN=2036 TN=6664 FP=2677
[2025-12-01 20:45:07] __main__ - [32mINFO[0m -   Error Rates: FPR=0.2866 FNR=0.4449
[2025-12-01 20:45:07] src.utils.training_utils - [32mINFO[0m - No improvement for 5/5 epochs
[2025-12-01 20:45:07] src.utils.training_utils - [33mWARNING[0m - Early stopping triggered after 5 epochs without improvement
[2025-12-01 20:45:07] __main__ - [33mWARNING[0m - Early stopping triggered. Training halted.
[2025-12-01 20:45:07] __main__ - [32mINFO[0m - Training complete. Best val AUC: 0.7153 at epoch 7
[2025-12-01 20:45:07] __main__ - [32mINFO[0m - Training history saved to: /work3/s225224/ucf-crime/checkpoints/r3d_binary_20251201_181219/training_history.csv

------------------------------------------------------------
Sender: LSF System <lsfadmin@hpc.dtu.dk>
Subject: Job 27240261: <train_r3d> in cluster <dcc> Done

Job <train_r3d> was submitted from host <hpclogin1> by user <s225224> in cluster <dcc> at Mon Dec  1 17:15:56 2025
Job was executed on host(s) <4*n-62-12-20>, in queue <gpua100>, as user <s225224> in cluster <dcc> at Mon Dec  1 18:12:02 2025
</zhome/77/2/187952> was used as the home directory.
</zhome/77/2/187952/projects/perimiter-net/jobs> was used as the working directory.
Started at Mon Dec  1 18:12:02 2025
Terminated at Mon Dec  1 20:45:13 2025
Results reported at Mon Dec  1 20:45:13 2025

Your job looked like:

------------------------------------------------------------
# LSBATCH: User input
#!/bin/sh
#BSUB -q gpua100
#BSUB -gpu "num=1:mode=exclusive_process"
#BSUB -J train_r3d
#BSUB -n 4
#BSUB -R "span[hosts=1]"
#BSUB -R "rusage[mem=8GB]"
#BSUB -W 24:00
#BSUB -o outputs/output_r3d_%J.out
#BSUB -e outputs/output_r3d_%J.err

mkdir -p outputs

cd ~/projects/perimiter-net
uv sync

uv run python scripts/training/train_r3d.py
------------------------------------------------------------

Successfully completed.

Resource usage summary:

    CPU time :                                   20633.28 sec.
    Max Memory :                                 3918 MB
    Average Memory :                             3433.52 MB
    Total Requested Memory :                     32768.00 MB
    Delta Memory :                               28850.00 MB
    Max Swap :                                   -
    Max Processes :                              9
    Max Threads :                                27
    Run time :                                   9191 sec.
    Turnaround time :                            12557 sec.

The output (if any) is above this job summary.



PS:

Read file <outputs/output_r3d_27240261.err> for stderr output of this job.

